Component: ARM Compiler 5.06 update 7 (build 960) Tool: armlink [4d3601]

==============================================================================

Section Cross References

    startup_stm32g431xx.o(RESET) refers to startup_stm32g431xx.o(STACK) for __initial_sp
    startup_stm32g431xx.o(RESET) refers to startup_stm32g431xx.o(.text) for Reset_Handler
    startup_stm32g431xx.o(RESET) refers to stm32g4xx_it.o(i.NMI_Handler) for NMI_Handler
    startup_stm32g431xx.o(RESET) refers to stm32g4xx_it.o(i.HardFault_Handler) for HardFault_Handler
    startup_stm32g431xx.o(RESET) refers to stm32g4xx_it.o(i.MemManage_Handler) for MemManage_Handler
    startup_stm32g431xx.o(RESET) refers to stm32g4xx_it.o(i.BusFault_Handler) for BusFault_Handler
    startup_stm32g431xx.o(RESET) refers to stm32g4xx_it.o(i.UsageFault_Handler) for UsageFault_Handler
    startup_stm32g431xx.o(RESET) refers to stm32g4xx_it.o(i.SVC_Handler) for SVC_Handler
    startup_stm32g431xx.o(RESET) refers to stm32g4xx_it.o(i.DebugMon_Handler) for DebugMon_Handler
    startup_stm32g431xx.o(RESET) refers to stm32g4xx_it.o(i.PendSV_Handler) for PendSV_Handler
    startup_stm32g431xx.o(RESET) refers to stm32g4xx_it.o(i.SysTick_Handler) for SysTick_Handler
    startup_stm32g431xx.o(RESET) refers to stm32g4xx_it.o(i.USART1_IRQHandler) for USART1_IRQHandler
    startup_stm32g431xx.o(.text) refers to system_stm32g4xx.o(i.SystemInit) for SystemInit
    startup_stm32g431xx.o(.text) refers to entry.o(.ARM.Collect$$$$00000000) for __main
    main.o(i.HAL_UART_RxCpltCallback) refers to stm32g4xx_hal_uart.o(i.HAL_UART_Receive_IT) for HAL_UART_Receive_IT
    main.o(i.HAL_UART_RxCpltCallback) refers to main.o(.data) for .data
    main.o(i.HAL_UART_RxCpltCallback) refers to main.o(.bss) for .bss
    main.o(i.HAL_UART_RxCpltCallback) refers to usart.o(.bss) for huart1
    main.o(i.SystemClock_Config) refers to memseta.o(.text) for __aeabi_memclr4
    main.o(i.SystemClock_Config) refers to stm32g4xx_hal_pwr_ex.o(i.HAL_PWREx_ControlVoltageScaling) for HAL_PWREx_ControlVoltageScaling
    main.o(i.SystemClock_Config) refers to stm32g4xx_hal_rcc.o(i.HAL_RCC_OscConfig) for HAL_RCC_OscConfig
    main.o(i.SystemClock_Config) refers to stm32g4xx_hal_rcc.o(i.HAL_RCC_ClockConfig) for HAL_RCC_ClockConfig
    main.o(i.SystemClock_Config) refers to stm32g4xx_hal_rcc_ex.o(i.HAL_RCCEx_PeriphCLKConfig) for HAL_RCCEx_PeriphCLKConfig
    main.o(i.Uart_Proc) refers to main.o(i.isRxCplt) for isRxCplt
    main.o(i.Uart_Proc) refers to dflti.o(.text) for __aeabi_i2d
    main.o(i.Uart_Proc) refers to dmul.o(.text) for __aeabi_dmul
    main.o(i.Uart_Proc) refers to dadd.o(.text) for __aeabi_dadd
    main.o(i.Uart_Proc) refers to stm32g4xx_hal.o(.data) for uwTick
    main.o(i.Uart_Proc) refers to main.o(.data) for .data
    main.o(i.Uart_Proc) refers to main.o(.bss) for .bss
    main.o(i.getADC2) refers to stm32g4xx_hal_adc.o(i.HAL_ADC_Start) for HAL_ADC_Start
    main.o(i.getADC2) refers to stm32g4xx_hal_adc.o(i.HAL_ADC_GetValue) for HAL_ADC_GetValue
    main.o(i.getADC2) refers to dfltui.o(.text) for __aeabi_ui2d
    main.o(i.getADC2) refers to dmul.o(.text) for __aeabi_dmul
    main.o(i.getADC2) refers to cdcmple.o(.text) for __aeabi_cdcmple
    main.o(i.getADC2) refers to cdrcmple.o(.text) for __aeabi_cdrcmple
    main.o(i.getADC2) refers to stm32g4xx_hal.o(.data) for uwTick
    main.o(i.getADC2) refers to main.o(.data) for .data
    main.o(i.getADC2) refers to adc.o(.bss) for hadc2
    main.o(i.isRxCplt) refers to main.o(.data) for .data
    main.o(i.isRxCplt) refers to main.o(.bss) for .bss
    main.o(i.key_Proc) refers to main.o(i.key_scan) for key_scan
    main.o(i.key_Proc) refers to dadd.o(.text) for __aeabi_dadd
    main.o(i.key_Proc) refers to cdrcmple.o(.text) for __aeabi_cdrcmple
    main.o(i.key_Proc) refers to lcd.o(i.LCD_Clear) for LCD_Clear
    main.o(i.key_Proc) refers to stm32g4xx_hal.o(.data) for uwTick
    main.o(i.key_Proc) refers to main.o(.data) for .data
    main.o(i.key_scan) refers to stm32g4xx_hal_gpio.o(i.HAL_GPIO_ReadPin) for HAL_GPIO_ReadPin
    main.o(i.key_scan) refers to stm32g4xx_hal.o(i.HAL_Delay) for HAL_Delay
    main.o(i.lcd_Proc) refers to printfa.o(i.__0sprintf) for __2sprintf
    main.o(i.lcd_Proc) refers to lcd.o(i.LCD_DisplayStringLine) for LCD_DisplayStringLine
    main.o(i.lcd_Proc) refers to main.o(.data) for .data
    main.o(i.lcd_Proc) refers to main.o(.bss) for .bss
    main.o(i.lcd_Proc) refers to stm32g4xx_hal.o(.data) for uwTick
    main.o(i.led_Proc) refers to main.o(i.led_dis) for led_dis
    main.o(i.led_Proc) refers to main.o(.data) for .data
    main.o(i.led_dis) refers to stm32g4xx_hal_gpio.o(i.HAL_GPIO_WritePin) for HAL_GPIO_WritePin
    main.o(i.main) refers to stm32g4xx_hal.o(i.HAL_Init) for HAL_Init
    main.o(i.main) refers to main.o(i.SystemClock_Config) for SystemClock_Config
    main.o(i.main) refers to gpio.o(i.MX_GPIO_Init) for MX_GPIO_Init
    main.o(i.main) refers to adc.o(i.MX_ADC2_Init) for MX_ADC2_Init
[...]
    Removing stm32g4xx_hal_pwr_ex.o(i.HAL_PWREx_DisableLowPowerRunMode), (64 bytes).
    Removing stm32g4xx_hal_pwr_ex.o(i.HAL_PWREx_DisablePVM1), (16 bytes).
    Removing stm32g4xx_hal_pwr_ex.o(i.HAL_PWREx_DisablePVM2), (16 bytes).
    Removing stm32g4xx_hal_pwr_ex.o(i.HAL_PWREx_DisablePVM3), (16 bytes).
    Removing stm32g4xx_hal_pwr_ex.o(i.HAL_PWREx_DisablePVM4), (16 bytes).
    Removing stm32g4xx_hal_pwr_ex.o(i.HAL_PWREx_DisablePullUpPullDownConfig), (16 bytes).
    Removing stm32g4xx_hal_pwr_ex.o(i.HAL_PWREx_DisableSRAM2ContentRetention), (16 bytes).
    Removing stm32g4xx_hal_pwr_ex.o(i.HAL_PWREx_DisableUCPDStandbyMode), (16 bytes).
    Removing stm32g4xx_hal_pwr_ex.o(i.HAL_PWREx_EnableBatteryCharging), (28 bytes).
    Removing stm32g4xx_hal_pwr_ex.o(i.HAL_PWREx_EnableGPIOPullDown), (152 bytes).
    Removing stm32g4xx_hal_pwr_ex.o(i.HAL_PWREx_EnableGPIOPullUp), (152 bytes).
    Removing stm32g4xx_hal_pwr_ex.o(i.HAL_PWREx_EnableInternalWakeUpLine), (16 bytes).
    Removing stm32g4xx_hal_pwr_ex.o(i.HAL_PWREx_EnableLowPowerRunMode), (16 bytes).
    Removing stm32g4xx_hal_pwr_ex.o(i.HAL_PWREx_EnablePVM1), (16 bytes).
    Removing stm32g4xx_hal_pwr_ex.o(i.HAL_PWREx_EnablePVM2), (16 bytes).
    Removing stm32g4xx_hal_pwr_ex.o(i.HAL_PWREx_EnablePVM3), (16 bytes).
    Removing stm32g4xx_hal_pwr_ex.o(i.HAL_PWREx_EnablePVM4), (16 bytes).
    Removing stm32g4xx_hal_pwr_ex.o(i.HAL_PWREx_EnablePullUpPullDownConfig), (16 bytes).
    Removing stm32g4xx_hal_pwr_ex.o(i.HAL_PWREx_EnableSRAM2ContentRetention), (16 bytes).
    Removing stm32g4xx_hal_pwr_ex.o(i.HAL_PWREx_EnableUCPDDeadBattery), (16 bytes).
    Removing stm32g4xx_hal_pwr_ex.o(i.HAL_PWREx_EnableUCPDStandbyMode), (16 bytes).
    Removing stm32g4xx_hal_pwr_ex.o(i.HAL_PWREx_EnterSHUTDOWNMode), (36 bytes).
    Removing stm32g4xx_hal_pwr_ex.o(i.HAL_PWREx_EnterSTOP0Mode), (52 bytes).
    Removing stm32g4xx_hal_pwr_ex.o(i.HAL_PWREx_EnterSTOP1Mode), (56 bytes).
    Removing stm32g4xx_hal_pwr_ex.o(i.HAL_PWREx_GetVoltageRange), (40 bytes).
    Removing stm32g4xx_hal_pwr_ex.o(i.HAL_PWREx_PVD_PVM_IRQHandler), (88 bytes).
    Removing stm32g4xx_hal_pwr_ex.o(i.HAL_PWREx_PVM1Callback), (2 bytes).
    Removing stm32g4xx_hal_pwr_ex.o(i.HAL_PWREx_PVM2Callback), (2 bytes).
    Removing stm32g4xx_hal_pwr_ex.o(i.HAL_PWREx_PVM3Callback), (2 bytes).
    Removing stm32g4xx_hal_pwr_ex.o(i.HAL_PWREx_PVM4Callback), (2 bytes).
    Removing stm32g4xx_hal_cortex.o(.rev16_text), (4 bytes).
    Removing stm32g4xx_hal_cortex.o(.revsh_text), (4 bytes).
    Removing stm32g4xx_hal_cortex.o(.rrx_text), (6 bytes).
    Removing stm32g4xx_hal_cortex.o(i.HAL_MPU_ConfigRegion), (84 bytes).
    Removing stm32g4xx_hal_cortex.o(i.HAL_MPU_Disable), (16 bytes).
    Removing stm32g4xx_hal_cortex.o(i.HAL_MPU_Enable), (24 bytes).
    Removing stm32g4xx_hal_cortex.o(i.HAL_NVIC_ClearPendingIRQ), (26 bytes).
    Removing stm32g4xx_hal_cortex.o(i.HAL_NVIC_DisableIRQ), (34 bytes).
    Removing stm32g4xx_hal_cortex.o(i.HAL_NVIC_GetActive), (36 bytes).
    Removing stm32g4xx_hal_cortex.o(i.HAL_NVIC_GetPendingIRQ), (36 bytes).
    Removing stm32g4xx_hal_cortex.o(i.HAL_NVIC_GetPriority), (82 bytes).
    Removing stm32g4xx_hal_cortex.o(i.HAL_NVIC_GetPriorityGrouping), (16 bytes).
    Removing stm32g4xx_hal_cortex.o(i.HAL_NVIC_SetPendingIRQ), (26 bytes).
    Removing stm32g4xx_hal_cortex.o(i.HAL_NVIC_SystemReset), (36 bytes).
    Removing stm32g4xx_hal_cortex.o(i.HAL_SYSTICK_CLKSourceConfig), (24 bytes).
    Removing stm32g4xx_hal_cortex.o(i.HAL_SYSTICK_Callback), (2 bytes).
    Removing stm32g4xx_hal_cortex.o(i.HAL_SYSTICK_IRQHandler), (8 bytes).
    Removing stm32g4xx_hal_tim.o(.rev16_text), (4 bytes).
    Removing stm32g4xx_hal_tim.o(.revsh_text), (4 bytes).
    Removing stm32g4xx_hal_tim.o(.rrx_text), (6 bytes).
    Removing stm32g4xx_hal_tim_ex.o(.rev16_text), (4 bytes).
    Removing stm32g4xx_hal_tim_ex.o(.revsh_text), (4 bytes).
    Removing stm32g4xx_hal_tim_ex.o(.rrx_text), (6 bytes).
    Removing stm32g4xx_hal_uart.o(.rev16_text), (4 bytes).
    Removing stm32g4xx_hal_uart.o(.revsh_text), (4 bytes).
    Removing stm32g4xx_hal_uart.o(.rrx_text), (6 bytes).
    Removing stm32g4xx_hal_uart.o(i.HAL_HalfDuplex_EnableReceiver), (58 bytes).
    Removing stm32g4xx_hal_uart.o(i.HAL_HalfDuplex_EnableTransmitter), (58 bytes).
    Removing stm32g4xx_hal_uart.o(i.HAL_HalfDuplex_Init), (116 bytes).
    Removing stm32g4xx_hal_uart.o(i.HAL_LIN_Init), (140 bytes).
    Removing stm32g4xx_hal_uart.o(i.HAL_LIN_SendBreak), (46 bytes).
    Removing stm32g4xx_hal_uart.o(i.HAL_MultiProcessor_DisableMuteMode), (44 bytes).
    Removing stm32g4xx_hal_uart.o(i.HAL_MultiProcessor_EnableMuteMode), (44 bytes).
    Removing stm32g4xx_hal_uart.o(i.HAL_MultiProcessor_EnterMuteMode), (12 bytes).
    Removing stm32g4xx_hal_uart.o(i.HAL_MultiProcessor_Init), (138 bytes).
    Removing stm32g4xx_hal_uart.o(i.HAL_UART_Abort), (204 bytes).
    Removing stm32g4xx_hal_uart.o(i.HAL_UART_AbortCpltCallback), (2 bytes).
    Removing stm32g4xx_hal_uart.o(i.HAL_UART_AbortReceive), (132 bytes).
    Removing stm32g4xx_hal_uart.o(i.HAL_UART_AbortReceiveCpltCallback), (2 bytes).
    Removing stm32g4xx_hal_uart.o(i.HAL_UART_AbortReceive_IT), (148 bytes).
    Removing stm32g4xx_hal_uart.o(i.HAL_UART_AbortTransmit), (112 bytes).
    Removing stm32g4xx_hal_uart.o(i.HAL_UART_AbortTransmitCpltCallback), (2 bytes).
    Removing stm32g4xx_hal_uart.o(i.HAL_UART_AbortTransmit_IT), (120 bytes).
    Removing stm32g4xx_hal_uart.o(i.HAL_UART_Abort_IT), (236 bytes).
    Removing stm32g4xx_hal_uart.o(i.HAL_UART_DMAPause), (100 bytes).
    Removing stm32g4xx_hal_uart.o(i.HAL_UART_DMAResume), (92 bytes).
    Removing stm32g4xx_hal_uart.o(i.HAL_UART_DMAStop), (120 bytes).
    Removing stm32g4xx_hal_uart.o(i.HAL_UART_DeInit), (68 bytes).
    Removing stm32g4xx_hal_uart.o(i.HAL_UART_DisableReceiverTimeout), (68 bytes).
    Removing stm32g4xx_hal_uart.o(i.HAL_UART_EnableReceiverTimeout), (68 bytes).
    Removing stm32g4xx_hal_uart.o(i.HAL_UART_GetError), (6 bytes).
    Removing stm32g4xx_hal_uart.o(i.HAL_UART_GetState), (12 bytes).
    Removing stm32g4xx_hal_uart.o(i.HAL_UART_MspDeInit), (2 bytes).
    Removing stm32g4xx_hal_uart.o(i.HAL_UART_MspInit), (2 bytes).
    Removing stm32g4xx_hal_uart.o(i.HAL_UART_Receive), (250 bytes).
    Removing stm32g4xx_hal_uart.o(i.HAL_UART_Receive_DMA), (76 bytes).
    Removing stm32g4xx_hal_uart.o(i.HAL_UART_ReceiverTimeout_Config), (24 bytes).
    Removing stm32g4xx_hal_uart.o(i.HAL_UART_RxCpltCallback), (2 bytes).
    Removing stm32g4xx_hal_uart.o(i.HAL_UART_RxHalfCpltCallback), (2 bytes).
    Removing stm32g4xx_hal_uart.o(i.HAL_UART_Transmit), (188 bytes).
    Removing stm32g4xx_hal_uart.o(i.HAL_UART_Transmit_DMA), (152 bytes).
    Removing stm32g4xx_hal_uart.o(i.HAL_UART_Transmit_IT), (156 bytes).
    Removing stm32g4xx_hal_uart.o(i.HAL_UART_TxHalfCpltCallback), (2 bytes).
    Removing stm32g4xx_hal_uart.o(i.UART_DMAError), (80 bytes).
    Removing stm32g4xx_hal_uart.o(i.UART_DMAReceiveCplt), (94 bytes).
    Removing stm32g4xx_hal_uart.o(i.UART_DMARxAbortCallback), (66 bytes).
    Removing stm32g4xx_hal_uart.o(i.UART_DMARxHalfCplt), (28 bytes).
    Removing stm32g4xx_hal_uart.o(i.UART_DMARxOnlyAbortCallback), (40 bytes).
    Removing stm32g4xx_hal_uart.o(i.UART_DMATransmitCplt), (48 bytes).
    Removing stm32g4xx_hal_uart.o(i.UART_DMATxAbortCallback), (74 bytes).
    Removing stm32g4xx_hal_uart.o(i.UART_DMATxHalfCplt), (10 bytes).
    Removing stm32g4xx_hal_uart.o(i.UART_DMATxOnlyAbortCallback), (40 bytes).
    Removing stm32g4xx_hal_uart.o(i.UART_EndTxTransfer), (28 bytes).
    Removing stm32g4xx_hal_uart.o(i.UART_Start_Receive_DMA), (132 bytes).
    Removing stm32g4xx_hal_uart.o(i.UART_TxISR_16BIT), (66 bytes).
    Removing stm32g4xx_hal_uart.o(i.UART_TxISR_16BIT_FIFOEN), (88 bytes).
    Removing stm32g4xx_hal_uart.o(i.UART_TxISR_8BIT), (62 bytes).
    Removing stm32g4xx_hal_uart.o(i.UART_TxISR_8BIT_FIFOEN), (84 bytes).
    Removing stm32g4xx_hal_uart_ex.o(.rev16_text), (4 bytes).
    Removing stm32g4xx_hal_uart_ex.o(.revsh_text), (4 bytes).
    Removing stm32g4xx_hal_uart_ex.o(.rrx_text), (6 bytes).
    Removing stm32g4xx_hal_uart_ex.o(i.HAL_MultiProcessorEx_AddressLength_Set), (48 bytes).
    Removing stm32g4xx_hal_uart_ex.o(i.HAL_RS485Ex_Init), (140 bytes).
    Removing stm32g4xx_hal_uart_ex.o(i.HAL_UARTEx_DisableStopMode), (38 bytes).
    Removing stm32g4xx_hal_uart_ex.o(i.HAL_UARTEx_EnableFifoMode), (74 bytes).
    Removing stm32g4xx_hal_uart_ex.o(i.HAL_UARTEx_EnableStopMode), (38 bytes).
    Removing stm32g4xx_hal_uart_ex.o(i.HAL_UARTEx_ReceiveToIdle), (308 bytes).
    Removing stm32g4xx_hal_uart_ex.o(i.HAL_UARTEx_ReceiveToIdle_DMA), (74 bytes).
    Removing stm32g4xx_hal_uart_ex.o(i.HAL_UARTEx_ReceiveToIdle_IT), (74 bytes).
    Removing stm32g4xx_hal_uart_ex.o(i.HAL_UARTEx_StopModeWakeUpSourceConfig), (138 bytes).
    Removing system_stm32g4xx.o(.rev16_text), (4 bytes).
    Removing system_stm32g4xx.o(.revsh_text), (4 bytes).
    Removing system_stm32g4xx.o(.rrx_text), (6 bytes).
    Removing system_stm32g4xx.o(i.SystemCoreClockUpdate), (128 bytes).

423 unused section(s) (total 25851 bytes) removed from the image.

==============================================================================

Image Symbol Table

    Local Symbols

    Symbol Name                              Value     Ov Type        Size  Object(Section)

    ../Core/Src/adc.c                        0x00000000   Number         0  adc.o ABSOLUTE
    ../Core/Src/gpio.c                       0x00000000   Number         0  gpio.o ABSOLUTE
    ../Core/Src/main.c                       0x00000000   Number         0  main.o ABSOLUTE
    ../Core/Src/stm32g4xx_hal_msp.c          0x00000000   Number         0  stm32g4xx_hal_msp.o ABSOLUTE
    ../Core/Src/stm32g4xx_it.c               0x00000000   Number         0  stm32g4xx_it.o ABSOLUTE
    ../Core/Src/system_stm32g4xx.c           0x00000000   Number         0  system_stm32g4xx.o ABSOLUTE
    ../Core/Src/usart.c                      0x00000000   Number         0  usart.o ABSOLUTE
    ../Drivers/STM32G4xx_HAL_Driver/Src/stm32g4xx_hal.c 0x00000000   Number         0  stm32g4xx_hal.o ABSOLUTE
    ../Drivers/STM32G4xx_HAL_Driver/Src/stm32g4xx_hal_adc.c 0x00000000   Number         0  stm32g4xx_hal_adc.o ABSOLUTE
    ../Drivers/STM32G4xx_HAL_Driver/Src/stm32g4xx_hal_adc_ex.c 0x00000000   Number         0  stm32g4xx_hal_adc_ex.o ABSOLUTE
    ../Drivers/STM32G4xx_HAL_Driver/Src/stm32g4xx_hal_cortex.c 0x00000000   Number         0  stm32g4xx_hal_cortex.o ABSOLUTE
    ../Drivers/STM32G4xx_HAL_Driver/Src/stm32g4xx_hal_dma.c 0x00000000   Number         0  stm32g4xx_hal_dma.o ABSOLUTE
    ../Drivers/STM32G4xx_HAL_Driver/Src/stm32g4xx_hal_dma_ex.c 0x00000000   Number         0  stm32g4xx_hal_dma_ex.o ABSOLUTE
    ../Drivers/STM32G4xx_HAL_Driver/Src/stm32g4xx_hal_exti.c 0x00000000   Number         0  stm32g4xx_hal_exti.o ABSOLUTE
    ../Drivers/STM32G4xx_HAL_Driver/Src/stm32g4xx_hal_flash.c 0x00000000   Number         0  stm32g4xx_hal_flash.o ABSOLUTE
    ../Drivers/STM32G4xx_HAL_Driver/Src/stm32g4xx_hal_flash_ex.c 0x00000000   Number         0  stm32g4xx_hal_flash_ex.o ABSOLUTE
    ../Drivers/STM32G4xx_HAL_Driver/Src/stm32g4xx_hal_flash_ramfunc.c 0x00000000   Number         0  stm32g4xx_hal_flash_ramfunc.o ABSOLUTE
    ../Drivers/STM32G4xx_HAL_Driver/Src/stm32g4xx_hal_gpio.c 0x00000000   Number         0  stm32g4xx_hal_gpio.o ABSOLUTE
    ../Drivers/STM32G4xx_HAL_Driver/Src/stm32g4xx_hal_pwr.c 0x00000000   Number         0  stm32g4xx_hal_pwr.o ABSOLUTE
    ../Drivers/STM32G4xx_HAL_Driver/Src/stm32g4xx_hal_pwr_ex.c 0x00000000   Number         0  stm32g4xx_hal_pwr_ex.o ABSOLUTE
    ../Drivers/STM32G4xx_HAL_Driver/Src/stm32g4xx_hal_rcc.c 0x00000000   Number         0  stm32g4xx_hal_rcc.o ABSOLUTE
    ../Drivers/STM32G4xx_HAL_Driver/Src/stm32g4xx_hal_rcc_ex.c 0x00000000   Number         0  stm32g4xx_hal_rcc_ex.o ABSOLUTE
    ../Drivers/STM32G4xx_HAL_Driver/Src/stm32g4xx_hal_tim.c 0x00000000   Number         0  stm32g4xx_hal_tim.o ABSOLUTE
    ../Drivers/STM32G4xx_HAL_Driver/Src/stm32g4xx_hal_tim_ex.c 0x00000000   Number         0  stm32g4xx_hal_tim_ex.o ABSOLUTE
    ../Drivers/STM32G4xx_HAL_Driver/Src/stm32g4xx_hal_uart.c 0x00000000   Number         0  stm32g4xx_hal_uart.o ABSOLUTE
    ../Drivers/STM32G4xx_HAL_Driver/Src/stm32g4xx_hal_uart_ex.c 0x00000000   Number         0  stm32g4xx_hal_uart_ex.o ABSOLUTE
    ../Drivers/STM32G4xx_HAL_Driver/Src/stm32g4xx_ll_adc.c 0x00000000   Number         0  stm32g4xx_ll_adc.o ABSOLUTE
    ../clib/microlib/division.c              0x00000000   Number         0  uldiv.o ABSOLUTE
    ../clib/microlib/division.c              0x00000000   Number         0  uidiv.o ABSOLUTE
    ../clib/microlib/init/entry.s            0x00000000   Number         0  entry10b.o ABSOLUTE
    ../clib/microlib/init/entry.s            0x00000000   Number         0  entry9a.o ABSOLUTE
    ../clib/microlib/init/entry.s            0x00000000   Number         0  entry9b.o ABSOLUTE
    ../clib/microlib/init/entry.s            0x00000000   Number         0  entry5.o ABSOLUTE
    ../clib/microlib/init/entry.s            0x00000000   Number         0  entry10a.o ABSOLUTE
    ../clib/microlib/init/entry.s            0x00000000   Number         0  entry12a.o ABSOLUTE
    ../clib/microlib/init/entry.s            0x00000000   Number         0  entry11a.o ABSOLUTE
    ../clib/microlib/init/entry.s            0x00000000   Number         0  entry.o ABSOLUTE
    ../clib/microlib/init/entry.s            0x00000000   Number         0  entry12b.o ABSOLUTE
    ../clib/microlib/init/entry.s            0x00000000   Number         0  entry7a.o ABSOLUTE
    ../clib/microlib/init/entry.s            0x00000000   Number         0  entry7b.o ABSOLUTE
    ../clib/microlib/init/entry.s            0x00000000   Number         0  entry8a.o ABSOLUTE
    ../clib/microlib/init/entry.s            0x00000000   Number         0  entry8b.o ABSOLUTE
    ../clib/microlib/init/entry.s            0x00000000   Number         0  entry2.o ABSOLUTE
    ../clib/microlib/init/entry.s            0x00000000   Number         0  entry11b.o ABSOLUTE
    ../clib/microlib/longlong.c              0x00000000   Number         0  llushr.o ABSOLUTE
    ../clib/microlib/longlong.c              0x00000000   Number         0  llsshr.o ABSOLUTE
    ../clib/microlib/longlong.c              0x00000000   Number         0  llshl.o ABSOLUTE
    ../clib/microlib/printf/printf.c         0x00000000   Number         0  printf7.o ABSOLUTE
    ../clib/microlib/printf/printf.c         0x00000000   Number         0  printf6.o ABSOLUTE
    ../clib/microlib/printf/printf.c         0x00000000   Number         0  printf3.o ABSOLUTE
    ../clib/microlib/printf/printf.c         0x00000000   Number         0  printf2.o ABSOLUTE
    ../clib/microlib/printf/printf.c         0x00000000   Number         0  printf1.o ABSOLUTE
    ../clib/microlib/printf/printf.c         0x00000000   Number         0  printf0.o ABSOLUTE
    ../clib/microlib/printf/printf.c         0x00000000   Number         0  printfb.o ABSOLUTE
    ../clib/microlib/printf/printf.c         0x00000000   Number         0  printf4.o ABSOLUTE
    ../clib/microlib/printf/printf.c         0x00000000   Number         0  printfa.o ABSOLUTE
    ../clib/microlib/printf/printf.c         0x00000000   Number         0  printf5.o ABSOLUTE
    ../clib/microlib/printf/printf.c         0x00000000   Number         0  printf8.o ABSOLUTE
    ../clib/microlib/printf/stubs.s          0x00000000   Number         0  stubs.o ABSOLUTE
    ../clib/microlib/stdio/fputc.c           0x00000000   Number         0  fputc.o ABSOLUTE
    ../clib/microlib/stdio/semi.s            0x00000000   Number         0  semi.o ABSOLUTE
    ../clib/microlib/stdio/streams.c         0x00000000   Number         0  stdout.o ABSOLUTE
    ../clib/microlib/string/memset.c         0x00000000   Number         0  memseta.o ABSOLUTE
    ../clib/microlib/stubs.s                 0x00000000   Number         0  iusefp.o ABSOLUTE
    ../clib/microlib/stubs.s                 0x00000000   Number         0  iusesemip.o ABSOLUTE
    ../fplib/microlib/fpadd.c                0x00000000   Number         0  dadd.o ABSOLUTE
    ../fplib/microlib/fpdiv.c                0x00000000   Number         0  ddiv.o ABSOLUTE
    ../fplib/microlib/fpepilogue.c           0x00000000   Number         0  depilogue.o ABSOLUTE
    ../fplib/microlib/fpfix.c                0x00000000   Number         0  dfixul.o ABSOLUTE
    ../fplib/microlib/fpflt.c                0x00000000   Number         0  dflti.o ABSOLUTE
    ../fplib/microlib/fpflt.c                0x00000000   Number         0  dfltui.o ABSOLUTE
    ../fplib/microlib/fpmul.c                0x00000000   Number         0  dmul.o ABSOLUTE
    ..\Core\Src\adc.c                        0x00000000   Number         0  adc.o ABSOLUTE
    ..\Core\Src\gpio.c                       0x00000000   Number         0  gpio.o ABSOLUTE
    ..\Core\Src\i2c_hal.c                    0x00000000   Number         0  i2c_hal.o ABSOLUTE
    ..\Core\Src\lcd.c                        0x00000000   Number         0  lcd.o ABSOLUTE
    ..\Core\Src\main.c                       0x00000000   Number         0  main.o ABSOLUTE
    ..\Core\Src\stm32g4xx_hal_msp.c          0x00000000   Number         0  stm32g4xx_hal_msp.o ABSOLUTE
    ..\Core\Src\stm32g4xx_it.c               0x00000000   Number         0  stm32g4xx_it.o ABSOLUTE
    ..\Core\Src\system_stm32g4xx.c           0x00000000   Number         0  system_stm32g4xx.o ABSOLUTE
    ..\Core\Src\usart.c                      0x00000000   Number         0  usart.o ABSOLUTE
    ..\Drivers\STM32G4xx_HAL_Driver\Src\stm32g4xx_hal.c 0x00000000   Number         0  stm32g4xx_hal.o ABSOLUTE
    ..\Drivers\STM32G4xx_HAL_Driver\Src\stm32g4xx_hal_adc.c 0x00000000   Number         0  stm32g4xx_hal_adc.o ABSOLUTE
    ..\Drivers\STM32G4xx_HAL_Driver\Src\stm32g4xx_hal_adc_ex.c 0x00000000   Number         0  stm32g4xx_hal_adc_ex.o ABSOLUTE
    ..\Drivers\STM32G4xx_HAL_Driver\Src\stm32g4xx_hal_cortex.c 0x00000000   Number         0  stm32g4xx_hal_cortex.o ABSOLUTE
    ..\Drivers\STM32G4xx_HAL_Driver\Src\stm32g4xx_hal_dma.c 0x00000000   Number         0  stm32g4xx_hal_dma.o ABSOLUTE
    ..\Drivers\STM32G4xx_HAL_Driver\Src\stm32g4xx_hal_dma_ex.c 0x00000000   Number         0  stm32g4xx_hal_dma_ex.o ABSOLUTE
    ..\Drivers\STM32G4xx_HAL_Driver\Src\stm32g4xx_hal_exti.c 0x00000000   Number         0  stm32g4xx_hal_exti.o ABSOLUTE
    ..\Drivers\STM32G4xx_HAL_Driver\Src\stm32g4xx_hal_flash.c 0x00000000   Number         0  stm32g4xx_hal_flash.o ABSOLUTE
    ..\Drivers\STM32G4xx_HAL_Driver\Src\stm32g4xx_hal_flash_ex.c 0x00000000   Number         0  stm32g4xx_hal_flash_ex.o ABSOLUTE
    ..\Drivers\STM32G4xx_HAL_Driver\Src\stm32g4xx_hal_flash_ramfunc.c 0x00000000   Number         0  stm32g4xx_hal_flash_ramfunc.o ABSOLUTE
    ..\Drivers\STM32G4xx_HAL_Driver\Src\stm32g4xx_hal_gpio.c 0x00000000   Number         0  stm32g4xx_hal_gpio.o ABSOLUTE
    ..\Drivers\STM32G4xx_HAL_Driver\Src\stm32g4xx_hal_pwr.c 0x00000000   Number         0  stm32g4xx_hal_pwr.o ABSOLUTE
    ..\Drivers\STM32G4xx_HAL_Driver\Src\stm32g4xx_hal_pwr_ex.c 0x00000000   Number         0  stm32g4xx_hal_pwr_ex.o ABSOLUTE
    ..\Drivers\STM32G4xx_HAL_Driver\Src\stm32g4xx_hal_rcc.c 0x00000000   Number         0  stm32g4xx_hal_rcc.o ABSOLUTE
    ..\Drivers\STM32G4xx_HAL_Driver\Src\stm32g4xx_hal_rcc_ex.c 0x00000000   Number         0  stm32g4xx_hal_rcc_ex.o ABSOLUTE
    ..\Drivers\STM32G4xx_HAL_Driver\Src\stm32g4xx_hal_tim.c 0x00000000   Number         0  stm32g4xx_hal_tim.o ABSOLUTE
    ..\Drivers\STM32G4xx_HAL_Driver\Src\stm32g4xx_hal_tim_ex.c 0x00000000   Number         0  stm32g4xx_hal_tim_ex.o ABSOLUTE
    ..\Drivers\STM32G4xx_HAL_Driver\Src\stm32g4xx_hal_uart.c 0x00000000   Number         0  stm32g4xx_hal_uart.o ABSOLUTE
    ..\Drivers\STM32G4xx_HAL_Driver\Src\stm32g4xx_hal_uart_ex.c 0x00000000   Number         0  stm32g4xx_hal_uart_ex.o ABSOLUTE
    ..\\Core\\Src\\i2c_hal.c                 0x00000000   Number         0  i2c_hal.o ABSOLUTE
    ..\\Core\\Src\\lcd.c                     0x00000000   Number         0  lcd.o ABSOLUTE
    cdcmple.s                                0x00000000   Number         0  cdcmple.o ABSOLUTE
    cdrcmple.s                               0x00000000   Number         0  cdrcmple.o ABSOLUTE
    dc.s                                     0x00000000   Number         0  dc.o ABSOLUTE
    handlers.s                               0x00000000   Number         0  handlers.o ABSOLUTE
    init.s                                   0x00000000   Number         0  init.o ABSOLUTE
    startup_stm32g431xx.s                    0x00000000   Number         0  startup_stm32g431xx.o ABSOLUTE
    RESET                                    0x08000000   Section      472  startup_stm32g431xx.o(RESET)
    .ARM.Collect$$$$00000000                 0x080001d8   Section        0  entry.o(.ARM.Collect$$$$00000000)
    .ARM.Collect$$$$00000001                 0x080001d8   Section        4  entry2.o(.ARM.Collect$$$$00000001)
    .ARM.Collect$$$$00000004                 0x080001dc   Section        4  entry5.o(.ARM.Collect$$$$00000004)
    .ARM.Collect$$$$00000008                 0x080001e0   Section        0  entry7b.o(.ARM.Collect$$$$00000008)
    .ARM.Collect$$$$0000000A                 0x080001e0   Section        0  entry8b.o(.ARM.Collect$$$$0000000A)
    .ARM.Collect$$$$0000000B                 0x080001e0   Section        8  entry9a.o(.ARM.Collect$$$$0000000B)
    .ARM.Collect$$$$0000000E                 0x080001e8   Section        4  entry12b.o(.ARM.Collect$$$$0000000E)
    .ARM.Collect$$$$0000000F                 0x080001ec   Section        0  entry10a.o(.ARM.Collect$$$$0000000F)
    .ARM.Collect$$$$00000011                 0x080001ec   Section        0  entry11a.o(.ARM.Collect$$$$00000011)
    .ARM.Collect$$$$00002712                 0x080001ec   Section        4  entry2.o(.ARM.Collect$$$$00002712)
    __lit__00000000                          0x080001ec   Data           4  entry2.o(.ARM.Collect$$$$00002712)
    .text                                    0x080001f0   Section       36  startup_stm32g431xx.o(.text)
    $v0                                      0x080001f0   Number         0  startup_stm32g431xx.o(.text)
    .text                                    0x08000214   Section        0  uldiv.o(.text)
    .text                                    0x08000276   Section        0  memseta.o(.text)
    .text                                    0x0800029a   Section        0  dadd.o(.text)
    .text                                    0x080003e8   Section        0  dmul.o(.text)
    .text                                    0x080004cc   Section        0  dflti.o(.text)
    .text                                    0x080004ee   Section        0  dfltui.o(.text)
    .text                                    0x08000508   Section       48  cdcmple.o(.text)
    .text                                    0x08000538   Section       48  cdrcmple.o(.text)
    .text                                    0x08000568   Section        0  uidiv.o(.text)
    .text                                    0x08000594   Section        0  llshl.o(.text)
    .text                                    0x080005b2   Section        0  llushr.o(.text)
    .text                                    0x080005d2   Section        0  llsshr.o(.text)
    .text                                    0x080005f6   Section        0  depilogue.o(.text)
    .text                                    0x080005f6   Section        0  iusefp.o(.text)
    .text                                    0x080006b0   Section        0  ddiv.o(.text)
    .text                                    0x0800078e   Section        0  dfixul.o(.text)
    .text                                    0x080007c0   Section       36  init.o(.text)
    i.ADC_Enable                             0x080007e4   Section        0  stm32g4xx_hal_adc.o(i.ADC_Enable)
    i.BusFault_Handler                       0x08000858   Section        0  stm32g4xx_it.o(i.BusFault_Handler)
    i.DebugMon_Handler                       0x0800085a   Section        0  stm32g4xx_it.o(i.DebugMon_Handler)
    i.Delay_LCD                              0x0800085c   Section        0  lcd.o(i.Delay_LCD)
    i.Error_Handler                          0x08000878   Section        0  main.o(i.Error_Handler)
    i.HAL_ADC_ConfigChannel                  0x0800087c   Section        0  stm32g4xx_hal_adc.o(i.HAL_ADC_ConfigChannel)
    i.HAL_ADC_GetValue                       0x08000ca0   Section        0  stm32g4xx_hal_adc.o(i.HAL_ADC_GetValue)
    i.HAL_ADC_Init                           0x08000ca8   Section        0  stm32g4xx_hal_adc.o(i.HAL_ADC_Init)
    i.HAL_ADC_MspInit                        0x08000ea4   Section        0  adc.o(i.HAL_ADC_MspInit)
    i.HAL_ADC_Start                          0x08000f04   Section        0  stm32g4xx_hal_adc.o(i.HAL_ADC_Start)
    i.HAL_DMA_Abort                          0x08000ff8   Section        0  stm32g4xx_hal_dma.o(i.HAL_DMA_Abort)
    i.HAL_DMA_Abort_IT                       0x08001062   Section        0  stm32g4xx_hal_dma.o(i.HAL_DMA_Abort_IT)
    i.HAL_Delay                              0x080010dc   Section        0  stm32g4xx_hal.o(i.HAL_Delay)
    i.HAL_GPIO_Init                          0x08001100   Section        0  stm32g4xx_hal_gpio.o(i.HAL_GPIO_Init)
    i.HAL_GPIO_ReadPin                       0x080012c8   Section        0  stm32g4xx_hal_gpio.o(i.HAL_GPIO_ReadPin)
    i.HAL_GPIO_WritePin                      0x080012d2   Section        0  stm32g4xx_hal_gpio.o(i.HAL_GPIO_WritePin)
    i.HAL_GetTick                            0x080012dc   Section        0  stm32g4xx_hal.o(i.HAL_GetTick)
    i.HAL_IncTick                            0x080012e8   Section        0  stm32g4xx_hal.o(i.HAL_IncTick)
    i.HAL_Init                               0x080012f8   Section        0  stm32g4xx_hal.o(i.HAL_Init)
    i.HAL_InitTick                           0x08001318   Section        0  stm32g4xx_hal.o(i.HAL_InitTick)
    i.HAL_MspInit                            0x0800135c   Section        0  stm32g4xx_hal_msp.o(i.HAL_MspInit)
    i.HAL_NVIC_EnableIRQ                     0x0800138c   Section        0  stm32g4xx_hal_cortex.o(i.HAL_NVIC_EnableIRQ)
    i.HAL_NVIC_SetPriority                   0x080013a8   Section        0  stm32g4xx_hal_cortex.o(i.HAL_NVIC_SetPriority)
    i.HAL_NVIC_SetPriorityGrouping           0x080013e8   Section        0  stm32g4xx_hal_cortex.o(i.HAL_NVIC_SetPriorityGrouping)
    i.HAL_PWREx_ControlVoltageScaling        0x0800140c   Section        0  stm32g4xx_hal_pwr_ex.o(i.HAL_PWREx_ControlVoltageScaling)
    i.HAL_PWREx_DisableUCPDDeadBattery       0x080014c8   Section        0  stm32g4xx_hal_pwr_ex.o(i.HAL_PWREx_DisableUCPDDeadBattery)
    i.HAL_RCCEx_PeriphCLKConfig              0x080014d8   Section        0  stm32g4xx_hal_rcc_ex.o(i.HAL_RCCEx_PeriphCLKConfig)
    i.HAL_RCC_ClockConfig                    0x08001760   Section        0  stm32g4xx_hal_rcc.o(i.HAL_RCC_ClockConfig)
    i.HAL_RCC_GetPCLK1Freq                   0x0800193c   Section        0  stm32g4xx_hal_rcc.o(i.HAL_RCC_GetPCLK1Freq)
    i.HAL_RCC_GetPCLK2Freq                   0x08001960   Section        0  stm32g4xx_hal_rcc.o(i.HAL_RCC_GetPCLK2Freq)
    i.HAL_RCC_GetSysClockFreq                0x08001984   Section        0  stm32g4xx_hal_rcc.o(i.HAL_RCC_GetSysClockFreq)
    i.HAL_RCC_OscConfig                      0x080019f4   Section        0  stm32g4xx_hal_rcc.o(i.HAL_RCC_OscConfig)
    i.HAL_SYSTICK_Config                     0x08001e00   Section        0  stm32g4xx_hal_cortex.o(i.HAL_SYSTICK_Config)
    i.HAL_UARTEx_DisableFifoMode             0x08001e28   Section        0  stm32g4xx_hal_uart_ex.o(i.HAL_UARTEx_DisableFifoMode)
    i.HAL_UARTEx_RxEventCallback             0x08001e66   Section        0  stm32g4xx_hal_uart.o(i.HAL_UARTEx_RxEventCallback)
    i.HAL_UARTEx_RxFifoFullCallback          0x08001e68   Section        0  stm32g4xx_hal_uart_ex.o(i.HAL_UARTEx_RxFifoFullCallback)
    i.HAL_UARTEx_SetRxFifoThreshold          0x08001e6a   Section        0  stm32g4xx_hal_uart_ex.o(i.HAL_UARTEx_SetRxFifoThreshold)
    i.HAL_UARTEx_SetTxFifoThreshold          0x08001eb6   Section        0  stm32g4xx_hal_uart_ex.o(i.HAL_UARTEx_SetTxFifoThreshold)
    i.HAL_UARTEx_TxFifoEmptyCallback         0x08001f02   Section        0  stm32g4xx_hal_uart_ex.o(i.HAL_UARTEx_TxFifoEmptyCallback)
    i.HAL_UARTEx_WakeupCallback              0x08001f04   Section        0  stm32g4xx_hal_uart_ex.o(i.HAL_UARTEx_WakeupCallback)
    i.HAL_UART_ErrorCallback                 0x08001f06   Section        0  stm32g4xx_hal_uart.o(i.HAL_UART_ErrorCallback)
    i.HAL_UART_IRQHandler                    0x08001f08   Section        0  stm32g4xx_hal_uart.o(i.HAL_UART_IRQHandler)
    i.HAL_UART_Init                          0x0800218c   Section        0  stm32g4xx_hal_uart.o(i.HAL_UART_Init)
    i.HAL_UART_MspInit                       0x080021f8   Section        0  usart.o(i.HAL_UART_MspInit)
    i.HAL_UART_Receive_IT                    0x0800226c   Section        0  stm32g4xx_hal_uart.o(i.HAL_UART_Receive_IT)
    i.HAL_UART_RxCpltCallback                0x080022b8   Section        0  main.o(i.HAL_UART_RxCpltCallback)
    i.HAL_UART_TxCpltCallback                0x080022dc   Section        0  stm32g4xx_hal_uart.o(i.HAL_UART_TxCpltCallback)
    i.HardFault_Handler                      0x080022de   Section        0  stm32g4xx_it.o(i.HardFault_Handler)
    i.LCD_BusIn                              0x080022e0   Section        0  lcd.o(i.LCD_BusIn)
    i.LCD_BusOut                             0x0800230c   Section        0  lcd.o(i.LCD_BusOut)
    i.LCD_Clear                              0x0800233c   Section        0  lcd.o(i.LCD_Clear)
    i.LCD_CtrlLinesConfig                    0x08002360   Section        0  lcd.o(i.LCD_CtrlLinesConfig)
    i.LCD_DisplayChar                        0x080023f0   Section        0  lcd.o(i.LCD_DisplayChar)
    i.LCD_DisplayStringLine                  0x08002408   Section        0  lcd.o(i.LCD_DisplayStringLine)
    i.LCD_DrawChar                           0x08002434   Section        0  lcd.o(i.LCD_DrawChar)
    i.LCD_Init                               0x0800248c   Section        0  lcd.o(i.LCD_Init)
    i.LCD_ReadReg                            0x080024c0   Section        0  lcd.o(i.LCD_ReadReg)
    i.LCD_SetBackColor                       0x08002540   Section        0  lcd.o(i.LCD_SetBackColor)
    i.LCD_SetCursor                          0x08002550   Section        0  lcd.o(i.LCD_SetCursor)
    i.LCD_SetTextColor                       0x08002568   Section        0  lcd.o(i.LCD_SetTextColor)
    i.LCD_WriteRAM                           0x08002578   Section        0  lcd.o(i.LCD_WriteRAM)
    i.LCD_WriteRAM_Prepare                   0x080025d0   Section        0  lcd.o(i.LCD_WriteRAM_Prepare)
    i.LCD_WriteReg                           0x0800262c   Section        0  lcd.o(i.LCD_WriteReg)
    i.LL_ADC_GetOffsetChannel                0x08002698   Section        0  stm32g4xx_hal_adc.o(i.LL_ADC_GetOffsetChannel)
    LL_ADC_GetOffsetChannel                  0x08002699   Thumb Code    12  stm32g4xx_hal_adc.o(i.LL_ADC_GetOffsetChannel)
    i.LL_ADC_INJ_IsConversionOngoing         0x080026a4   Section        0  stm32g4xx_hal_adc.o(i.LL_ADC_INJ_IsConversionOngoing)
    LL_ADC_INJ_IsConversionOngoing           0x080026a5   Thumb Code     8  stm32g4xx_hal_adc.o(i.LL_ADC_INJ_IsConversionOngoing)
    i.LL_ADC_REG_IsConversionOngoing         0x080026ac   Section        0  stm32g4xx_hal_adc.o(i.LL_ADC_REG_IsConversionOngoing)
    LL_ADC_REG_IsConversionOngoing           0x080026ad   Thumb Code     8  stm32g4xx_hal_adc.o(i.LL_ADC_REG_IsConversionOngoing)
    i.LL_ADC_SetChannelSamplingTime          0x080026b4   Section        0  stm32g4xx_hal_adc.o(i.LL_ADC_SetChannelSamplingTime)
    LL_ADC_SetChannelSamplingTime            0x080026b5   Thumb Code    30  stm32g4xx_hal_adc.o(i.LL_ADC_SetChannelSamplingTime)
    i.LL_ADC_SetOffsetState                  0x080026d2   Section        0  stm32g4xx_hal_adc.o(i.LL_ADC_SetOffsetState)
    LL_ADC_SetOffsetState                    0x080026d3   Thumb Code    16  stm32g4xx_hal_adc.o(i.LL_ADC_SetOffsetState)
    i.MX_ADC2_Init                           0x080026e4   Section        0  adc.o(i.MX_ADC2_Init)
    i.MX_GPIO_Init                           0x08002760   Section        0  gpio.o(i.MX_GPIO_Init)
    i.MX_USART1_UART_Init                    0x08002834   Section        0  usart.o(i.MX_USART1_UART_Init)
    i.MemManage_Handler                      0x0800289c   Section        0  stm32g4xx_it.o(i.MemManage_Handler)
    i.NMI_Handler                            0x0800289e   Section        0  stm32g4xx_it.o(i.NMI_Handler)
    i.PendSV_Handler                         0x080028a0   Section        0  stm32g4xx_it.o(i.PendSV_Handler)
    i.REG_8230_Init                          0x080028a2   Section        0  lcd.o(i.REG_8230_Init)
    i.REG_932X_Init                          0x080029b4   Section        0  lcd.o(i.REG_932X_Init)
    i.SVC_Handler                            0x08002bb6   Section        0  stm32g4xx_it.o(i.SVC_Handler)
    i.SysTick_Handler                        0x08002bb8   Section        0  stm32g4xx_it.o(i.SysTick_Handler)
    i.SystemClock_Config                     0x08002bbc   Section        0  main.o(i.SystemClock_Config)
    i.SystemInit                             0x08002c48   Section        0  system_stm32g4xx.o(i.SystemInit)
    i.UARTEx_SetNbDataToProcess              0x08002c58   Section        0  stm32g4xx_hal_uart_ex.o(i.UARTEx_SetNbDataToProcess)
    UARTEx_SetNbDataToProcess                0x08002c59   Thumb Code    62  stm32g4xx_hal_uart_ex.o(i.UARTEx_SetNbDataToProcess)
    i.UART_AdvFeatureConfig                  0x08002c9c   Section        0  stm32g4xx_hal_uart.o(i.UART_AdvFeatureConfig)
    i.UART_CheckIdleState                    0x08002d64   Section        0  stm32g4xx_hal_uart.o(i.UART_CheckIdleState)
    i.UART_DMAAbortOnError                   0x08002dc4   Section        0  stm32g4xx_hal_uart.o(i.UART_DMAAbortOnError)
    UART_DMAAbortOnError                     0x08002dc5   Thumb Code    20  stm32g4xx_hal_uart.o(i.UART_DMAAbortOnError)
    i.UART_EndRxTransfer                     0x08002dd8   Section        0  stm32g4xx_hal_uart.o(i.UART_EndRxTransfer)
    UART_EndRxTransfer                       0x08002dd9   Thumb Code    50  stm32g4xx_hal_uart.o(i.UART_EndRxTransfer)
    i.UART_RxISR_16BIT                       0x08002e10   Section        0  stm32g4xx_hal_uart.o(i.UART_RxISR_16BIT)
    UART_RxISR_16BIT                         0x08002e11   Thumb Code   128  stm32g4xx_hal_uart.o(i.UART_RxISR_16BIT)
    i.UART_RxISR_16BIT_FIFOEN                0x08002e90   Section        0  stm32g4xx_hal_uart.o(i.UART_RxISR_16BIT_FIFOEN)
    UART_RxISR_16BIT_FIFOEN                  0x08002e91   Thumb Code   306  stm32g4xx_hal_uart.o(i.UART_RxISR_16BIT_FIFOEN)
    i.UART_RxISR_8BIT                        0x08002fcc   Section        0  stm32g4xx_hal_uart.o(i.UART_RxISR_8BIT)
    UART_RxISR_8BIT                          0x08002fcd   Thumb Code   128  stm32g4xx_hal_uart.o(i.UART_RxISR_8BIT)
    i.UART_RxISR_8BIT_FIFOEN                 0x0800304c   Section        0  stm32g4xx_hal_uart.o(i.UART_RxISR_8BIT_FIFOEN)
    UART_RxISR_8BIT_FIFOEN                   0x0800304d   Thumb Code   306  stm32g4xx_hal_uart.o(i.UART_RxISR_8BIT_FIFOEN)
    i.UART_SetConfig                         0x08003188   Section        0  stm32g4xx_hal_uart.o(i.UART_SetConfig)
    i.UART_Start_Receive_IT                  0x080033fc   Section        0  stm32g4xx_hal_uart.o(i.UART_Start_Receive_IT)
    i.UART_WaitOnFlagUntilTimeout            0x080034d4   Section        0  stm32g4xx_hal_uart.o(i.UART_WaitOnFlagUntilTimeout)
    i.USART1_IRQHandler                      0x08003578   Section        0  stm32g4xx_it.o(i.USART1_IRQHandler)
    i.Uart_Proc                              0x08003584   Section        0  main.o(i.Uart_Proc)
    i.UsageFault_Handler                     0x08003620   Section        0  stm32g4xx_it.o(i.UsageFault_Handler)
    i.__0sprintf                             0x08003624   Section        0  printfa.o(i.__0sprintf)
    i.__NVIC_SetPriority                     0x0800364c   Section        0  stm32g4xx_hal_cortex.o(i.__NVIC_SetPriority)
    __NVIC_SetPriority                       0x0800364d   Thumb Code    32  stm32g4xx_hal_cortex.o(i.__NVIC_SetPriority)
    i.__scatterload_copy                     0x0800366c   Section       14  handlers.o(i.__scatterload_copy)
    i.__scatterload_null                     0x0800367a   Section        2  handlers.o(i.__scatterload_null)
    i.__scatterload_zeroinit                 0x0800367c   Section       14  handlers.o(i.__scatterload_zeroinit)
    i._fp_digits                             0x0800368c   Section        0  printfa.o(i._fp_digits)
    _fp_digits                               0x0800368d   Thumb Code   366  printfa.o(i._fp_digits)
    i._printf_core                           0x08003810   Section        0  printfa.o(i._printf_core)
    _printf_core                             0x08003811   Thumb Code  1704  printfa.o(i._printf_core)
    i._printf_post_padding                   0x08003ec4   Section        0  printfa.o(i._printf_post_padding)
    _printf_post_padding                     0x08003ec5   Thumb Code    36  printfa.o(i._printf_post_padding)
    i._printf_pre_padding                    0x08003ee8   Section        0  printfa.o(i._printf_pre_padding)
    _printf_pre_padding                      0x08003ee9   Thumb Code    46  printfa.o(i._printf_pre_padding)
    i._sputc                                 0x08003f16   Section        0  printfa.o(i._sputc)
    _sputc                                   0x08003f17   Thumb Code    10  printfa.o(i._sputc)
    i.getADC2                                0x08003f20   Section        0  main.o(i.getADC2)
    i.isRxCplt                               0x08003fa4   Section        0  main.o(i.isRxCplt)
    i.key_Proc                               0x08003fd0   Section        0  main.o(i.key_Proc)
    i.key_scan                               0x080040e8   Section        0  main.o(i.key_scan)
    i.lcd_Proc                               0x08004160   Section        0  main.o(i.lcd_Proc)
    i.led_Proc                               0x08004248   Section        0  main.o(i.led_Proc)
    i.led_dis                                0x0800427c   Section        0  main.o(i.led_dis)
    i.main                                   0x080042d0   Section        0  main.o(i.main)
    .constdata                               0x0800432c   Section     4560  lcd.o(.constdata)
    .constdata                               0x080054fc   Section       24  stm32g4xx_hal_uart.o(.constdata)
    .constdata                               0x08005514   Section       16  stm32g4xx_hal_uart_ex.o(.constdata)
    numerator                                0x08005514   Data           8  stm32g4xx_hal_uart_ex.o(.constdata)
    denominator                              0x0800551c   Data           8  stm32g4xx_hal_uart_ex.o(.constdata)
    .constdata                               0x08005524   Section       16  system_stm32g4xx.o(.constdata)
    .constdata                               0x08005534   Section        8  system_stm32g4xx.o(.constdata)
    .data                                    0x20000000   Section       72  main.o(.data)
    Key_Tick                                 0x2000000c   Data           4  main.o(.data)
    DKey_Tick                                0x20000010   Data           4  main.o(.data)
    Uart_Tick                                0x20000014   Data           4  main.o(.data)
    .data                                    0x20000048   Section        6  lcd.o(.data)
    TextColor                                0x20000048   Data           2  lcd.o(.data)
    BackColor                                0x2000004a   Data           2  lcd.o(.data)
    .data                                    0x20000050   Section       12  stm32g4xx_hal.o(.data)
    .data                                    0x2000005c   Section        4  system_stm32g4xx.o(.data)
    .bss                                     0x20000060   Section       51  main.o(.bss)
    .bss                                     0x20000094   Section      108  adc.o(.bss)
    .bss                                     0x20000100   Section      144  usart.o(.bss)
    STACK                                    0x20000190   Section     1024  startup_stm32g431xx.o(STACK)

    Global Symbols

    Symbol Name                              Value     Ov Type        Size  Object(Section)

    BuildAttributes$$THM_ISAv4$E$P$D$K$B$S$7EM$VFPi3$EXTD16$VFPS$VFMA$PE$A:L22UL41UL21$X:L11$S22US41US21$IEEE1$IW$USESV6$~STKCKD$USESV7$~SHL$OSPACE$ROPI$EBA8$MICROLIB$REQ8$PRES8$EABIv2 0x00000000   Number         0  anon$$obj.o ABSOLUTE
    __ARM_use_no_argv                        0x00000000   Number         0  main.o ABSOLUTE
    _printf_a                                0x00000000   Number         0  stubs.o ABSOLUTE
    _printf_c                                0x00000000   Number         0  stubs.o ABSOLUTE
    _printf_charcount                        0x00000000   Number         0  stubs.o ABSOLUTE
    _printf_d                                0x00000000   Number         0  stubs.o ABSOLUTE
    _printf_e                                0x00000000   Number         0  stubs.o ABSOLUTE
    _printf_f                                0x00000000   Number         0  stubs.o ABSOLUTE
    _printf_flags                            0x00000000   Number         0  stubs.o ABSOLUTE
    _printf_fp_dec                           0x00000000   Number         0  stubs.o ABSOLUTE
    _printf_fp_hex                           0x00000000   Number         0  stubs.o ABSOLUTE
    _printf_g                                0x00000000   Number         0  stubs.o ABSOLUTE
    _printf_i                                0x00000000   Number         0  stubs.o ABSOLUTE
    _printf_int_dec                          0x00000000   Number         0  stubs.o ABSOLUTE
    _printf_l                                0x00000000   Number         0  stubs.o ABSOLUTE
    _printf_lc                               0x00000000   Number         0  stubs.o ABSOLUTE
    _printf_ll                               0x00000000   Number         0  stubs.o ABSOLUTE
    _printf_lld                              0x00000000   Number         0  stubs.o ABSOLUTE
    _printf_lli                              0x00000000   Number         0  stubs.o ABSOLUTE
    _printf_llo                              0x00000000   Number         0  stubs.o ABSOLUTE
    _printf_llu                              0x00000000   Number         0  stubs.o ABSOLUTE
    _printf_llx                              0x00000000   Number         0  stubs.o ABSOLUTE
    _printf_longlong_dec                     0x00000000   Number         0  stubs.o ABSOLUTE
    _printf_longlong_hex                     0x00000000   Number         0  stubs.o ABSOLUTE
    _printf_longlong_oct                     0x00000000   Number         0  stubs.o ABSOLUTE
    _printf_ls                               0x00000000   Number         0  stubs.o ABSOLUTE
    _printf_mbtowc                           0x00000000   Number         0  stubs.o ABSOLUTE
    _printf_n                                0x00000000   Number         0  stubs.o ABSOLUTE
    _printf_o                                0x00000000   Number         0  stubs.o ABSOLUTE
    _printf_p                                0x00000000   Number         0  stubs.o ABSOLUTE
    _printf_percent                          0x00000000   Number         0  stubs.o ABSOLUTE
    _printf_pre_padding                      0x00000000   Number         0  stubs.o ABSOLUTE
    _printf_return_value                     0x00000000   Number         0  stubs.o ABSOLUTE
    _printf_s                                0x00000000   Number         0  stubs.o ABSOLUTE
    _printf_sizespec                         0x00000000   Number         0  stubs.o ABSOLUTE
    _printf_str                              0x00000000   Number         0  stubs.o ABSOLUTE
    _printf_truncate_signed                  0x00000000   Number         0  stubs.o ABSOLUTE
    _printf_truncate_unsigned                0x00000000   Number         0  stubs.o ABSOLUTE
    _printf_u                                0x00000000   Number         0  stubs.o ABSOLUTE
    _printf_wc                               0x00000000   Number         0  stubs.o ABSOLUTE
    _printf_wctomb                           0x00000000   Number         0  stubs.o ABSOLUTE
    _printf_widthprec                        0x00000000   Number         0  stubs.o ABSOLUTE
    _printf_x                                0x00000000   Number         0  stubs.o ABSOLUTE
    __arm_fini_                               - Undefined Weak Reference
    __cpp_initialize__aeabi_                  - Undefined Weak Reference
    __cxa_finalize                            - Undefined Weak Reference
    __decompress                              - Undefined Weak Reference
    _clock_init                               - Undefined Weak Reference
    _microlib_exit                            - Undefined Weak Reference
    __Vectors_Size                           0x000001d8   Number         0  startup_stm32g431xx.o ABSOLUTE
    __Vectors                                0x08000000   Data           4  startup_stm32g431xx.o(RESET)
    __Vectors_End                            0x080001d8   Data           0  startup_stm32g431xx.o(RESET)
    __main                                   0x080001d9   Thumb Code     0  entry.o(.ARM.Collect$$$$00000000)
    _main_stk                                0x080001d9   Thumb Code     0  entry2.o(.ARM.Collect$$$$00000001)
    _main_scatterload                        0x080001dd   Thumb Code     0  entry5.o(.ARM.Collect$$$$00000004)
    __main_after_scatterload                 0x080001e1   Thumb Code     0  entry5.o(.ARM.Collect$$$$00000004)
    _main_clock                              0x080001e1   Thumb Code     0  entry7b.o(.ARM.Collect$$$$00000008)
    _main_cpp_init                           0x080001e1   Thumb Code     0  entry8b.o(.ARM.Collect$$$$0000000A)
    _main_init                               0x080001e1   Thumb Code     0  entry9a.o(.ARM.Collect$$$$0000000B)
    __rt_lib_shutdown_fini                   0x080001e9   Thumb Code     0  entry12b.o(.ARM.Collect$$$$0000000E)
    __rt_final_cpp                           0x080001ed   Thumb Code     0  entry10a.o(.ARM.Collect$$$$0000000F)
    __rt_final_exit                          0x080001ed   Thumb Code     0  entry11a.o(.ARM.Collect$$$$00000011)
    Reset_Handler                            0x080001f1   Thumb Code     8  startup_stm32g431xx.o(.text)
    ADC1_2_IRQHandler                        0x0800020b   Thumb Code     0  startup_stm32g431xx.o(.text)
    COMP1_2_3_IRQHandler                     0x0800020b   Thumb Code     0  startup_stm32g431xx.o(.text)
    COMP4_IRQHandler                         0x0800020b   Thumb Code     0  startup_stm32g431xx.o(.text)
    CORDIC_IRQHandler                        0x0800020b   Thumb Code     0  startup_stm32g431xx.o(.text)
    CRS_IRQHandler                           0x0800020b   Thumb Code     0  startup_stm32g431xx.o(.text)
    DMA1_Channel1_IRQHandler                 0x0800020b   Thumb Code     0  startup_stm32g431xx.o(.text)
    DMA1_Channel2_IRQHandler                 0x0800020b   Thumb Code     0  startup_stm32g431xx.o(.text)
    DMA1_Channel3_IRQHandler                 0x0800020b   Thumb Code     0  startup_stm32g431xx.o(.text)
    DMA1_Channel4_IRQHandler                 0x0800020b   Thumb Code     0  startup_stm32g431xx.o(.text)
    DMA1_Channel5_IRQHandler                 0x0800020b   Thumb Code     0  startup_stm32g431xx.o(.text)
    DMA1_Channel6_IRQHandler                 0x0800020b   Thumb Code     0  startup_stm32g431xx.o(.text)
    DMA2_Channel1_IRQHandler                 0x0800020b   Thumb Code     0  startup_stm32g431xx.o(.text)
    DMA2_Channel2_IRQHandler                 0x0800020b   Thumb Code     0  startup_stm32g431xx.o(.text)
    DMA2_Channel3_IRQHandler                 0x0800020b   Thumb Code     0  startup_stm32g431xx.o(.text)
    DMA2_Channel4_IRQHandler                 0x0800020b   Thumb Code     0  startup_stm32g431xx.o(.text)
    DMA2_Channel5_IRQHandler                 0x0800020b   Thumb Code     0  startup_stm32g431xx.o(.text)
    DMA2_Channel6_IRQHandler                 0x0800020b   Thumb Code     0  startup_stm32g431xx.o(.text)
    DMAMUX_OVR_IRQHandler                    0x0800020b   Thumb Code     0  startup_stm32g431xx.o(.text)
    EXTI0_IRQHandler                         0x0800020b   Thumb Code     0  startup_stm32g431xx.o(.text)
    EXTI15_10_IRQHandler                     0x0800020b   Thumb Code     0  startup_stm32g431xx.o(.text)
    EXTI1_IRQHandler                         0x0800020b   Thumb Code     0  startup_stm32g431xx.o(.text)
    EXTI2_IRQHandler                         0x0800020b   Thumb Code     0  startup_stm32g431xx.o(.text)
    EXTI3_IRQHandler                         0x0800020b   Thumb Code     0  startup_stm32g431xx.o(.text)
    EXTI4_IRQHandler                         0x0800020b   Thumb Code     0  startup_stm32g431xx.o(.text)
    EXTI9_5_IRQHandler                       0x0800020b   Thumb Code     0  startup_stm32g431xx.o(.text)
    FDCAN1_IT0_IRQHandler                    0x0800020b   Thumb Code     0  startup_stm32g431xx.o(.text)
    FDCAN1_IT1_IRQHandler                    0x0800020b   Thumb Code     0  startup_stm32g431xx.o(.text)
    FLASH_IRQHandler                         0x0800020b   Thumb Code     0  startup_stm32g431xx.o(.text)
    FMAC_IRQHandler                          0x0800020b   Thumb Code     0  startup_stm32g431xx.o(.text)
    FPU_IRQHandler                           0x0800020b   Thumb Code     0  startup_stm32g431xx.o(.text)
    I2C1_ER_IRQHandler                       0x0800020b   Thumb Code     0  startup_stm32g431xx.o(.text)
    I2C1_EV_IRQHandler                       0x0800020b   Thumb Code     0  startup_stm32g431xx.o(.text)
    I2C2_ER_IRQHandler                       0x0800020b   Thumb Code     0  startup_stm32g431xx.o(.text)
    I2C2_EV_IRQHandler                       0x0800020b   Thumb Code     0  startup_stm32g431xx.o(.text)
    I2C3_ER_IRQHandler                       0x0800020b   Thumb Code     0  startup_stm32g431xx.o(.text)
    I2C3_EV_IRQHandler                       0x0800020b   Thumb Code     0  startup_stm32g431xx.o(.text)
    LPTIM1_IRQHandler                        0x0800020b   Thumb Code     0  startup_stm32g431xx.o(.text)
    LPUART1_IRQHandler                       0x0800020b   Thumb Code     0  startup_stm32g431xx.o(.text)
    PVD_PVM_IRQHandler                       0x0800020b   Thumb Code     0  startup_stm32g431xx.o(.text)
    RCC_IRQHandler                           0x0800020b   Thumb Code     0  startup_stm32g431xx.o(.text)
    RNG_IRQHandler                           0x0800020b   Thumb Code     0  startup_stm32g431xx.o(.text)
    RTC_Alarm_IRQHandler                     0x0800020b   Thumb Code     0  startup_stm32g431xx.o(.text)
    RTC_TAMP_LSECSS_IRQHandler               0x0800020b   Thumb Code     0  startup_stm32g431xx.o(.text)
    RTC_WKUP_IRQHandler                      0x0800020b   Thumb Code     0  startup_stm32g431xx.o(.text)
    SAI1_IRQHandler                          0x0800020b   Thumb Code     0  startup_stm32g431xx.o(.text)
    SPI1_IRQHandler                          0x0800020b   Thumb Code     0  startup_stm32g431xx.o(.text)
    SPI2_IRQHandler                          0x0800020b   Thumb Code     0  startup_stm32g431xx.o(.text)
    SPI3_IRQHandler                          0x0800020b   Thumb Code     0  startup_stm32g431xx.o(.text)
    TIM1_BRK_TIM15_IRQHandler                0x0800020b   Thumb Code     0  startup_stm32g431xx.o(.text)
    TIM1_CC_IRQHandler                       0x0800020b   Thumb Code     0  startup_stm32g431xx.o(.text)
    TIM1_TRG_COM_TIM17_IRQHandler            0x0800020b   Thumb Code     0  startup_stm32g431xx.o(.text)
    TIM1_UP_TIM16_IRQHandler                 0x0800020b   Thumb Code     0  startup_stm32g431xx.o(.text)
    TIM2_IRQHandler                          0x0800020b   Thumb Code     0  startup_stm32g431xx.o(.text)
    TIM3_IRQHandler                          0x0800020b   Thumb Code     0  startup_stm32g431xx.o(.text)
    TIM4_IRQHandler                          0x0800020b   Thumb Code     0  startup_stm32g431xx.o(.text)
    TIM6_DAC_IRQHandler                      0x0800020b   Thumb Code     0  startup_stm32g431xx.o(.text)
    TIM7_IRQHandler                          0x0800020b   Thumb Code     0  startup_stm32g431xx.o(.text)
    TIM8_BRK_IRQHandler                      0x0800020b   Thumb Code     0  startup_stm32g431xx.o(.text)
    TIM8_CC_IRQHandler                       0x0800020b   Thumb Code     0  startup_stm32g431xx.o(.text)
    TIM8_TRG_COM_IRQHandler                  0x0800020b   Thumb Code     0  startup_stm32g431xx.o(.text)
    TIM8_UP_IRQHandler                       0x0800020b   Thumb Code     0  startup_stm32g431xx.o(.text)
    UART4_IRQHandler                         0x0800020b   Thumb Code     0  startup_stm32g431xx.o(.text)
    UCPD1_IRQHandler                         0x0800020b   Thumb Code     0  startup_stm32g431xx.o(.text)
    USART2_IRQHandler                        0x0800020b   Thumb Code     0  startup_stm32g431xx.o(.text)
    USART3_IRQHandler                        0x0800020b   Thumb Code     0  startup_stm32g431xx.o(.text)
    USBWakeUp_IRQHandler                     0x0800020b   Thumb Code     0  startup_stm32g431xx.o(.text)
    USB_HP_IRQHandler                        0x0800020b   Thumb Code     0  startup_stm32g431xx.o(.text)
    USB_LP_IRQHandler                        0x0800020b   Thumb Code     0  startup_stm32g431xx.o(.text)
    WWDG_IRQHandler                          0x0800020b   Thumb Code     0  startup_stm32g431xx.o(.text)
    __aeabi_uldivmod                         0x08000215   Thumb Code    98  uldiv.o(.text)
    __aeabi_memset                           0x08000277   Thumb Code    14  memseta.o(.text)
    __aeabi_memset4                          0x08000277   Thumb Code     0  memseta.o(.text)
    __aeabi_memset8                          0x08000277   Thumb Code     0  memseta.o(.text)
    __aeabi_memclr                           0x08000285   Thumb Code     4  memseta.o(.text)
    __aeabi_memclr4                          0x08000285   Thumb Code     0  memseta.o(.text)
    __aeabi_memclr8                          0x08000285   Thumb Code     0  memseta.o(.text)
    _memset$wrapper                          0x08000289   Thumb Code    18  memseta.o(.text)
    __aeabi_dadd                             0x0800029b   Thumb Code   322  dadd.o(.text)
    __aeabi_dsub                             0x080003dd   Thumb Code     6  dadd.o(.text)
    __aeabi_drsub                            0x080003e3   Thumb Code     6  dadd.o(.text)
    __aeabi_dmul                             0x080003e9   Thumb Code   228  dmul.o(.text)
    __aeabi_i2d                              0x080004cd   Thumb Code    34  dflti.o(.text)
    __aeabi_ui2d                             0x080004ef   Thumb Code    26  dfltui.o(.text)
    __aeabi_cdcmpeq                          0x08000509   Thumb Code     0  cdcmple.o(.text)
    __aeabi_cdcmple                          0x08000509   Thumb Code    48  cdcmple.o(.text)
    __aeabi_cdrcmple                         0x08000539   Thumb Code    48  cdrcmple.o(.text)
    __aeabi_uidiv                            0x08000569   Thumb Code     0  uidiv.o(.text)
    __aeabi_uidivmod                         0x08000569   Thumb Code    44  uidiv.o(.text)
    __aeabi_llsl                             0x08000595   Thumb Code    30  llshl.o(.text)
    _ll_shift_l                              0x08000595   Thumb Code     0  llshl.o(.text)
    __aeabi_llsr                             0x080005b3   Thumb Code    32  llushr.o(.text)
    _ll_ushift_r                             0x080005b3   Thumb Code     0  llushr.o(.text)
    __aeabi_lasr                             0x080005d3   Thumb Code    36  llsshr.o(.text)
    _ll_sshift_r                             0x080005d3   Thumb Code     0  llsshr.o(.text)
    __I$use$fp                               0x080005f7   Thumb Code     0  iusefp.o(.text)
    _double_round                            0x080005f7   Thumb Code    30  depilogue.o(.text)
    _double_epilogue                         0x08000615   Thumb Code   156  depilogue.o(.text)
    __aeabi_ddiv                             0x080006b1   Thumb Code   222  ddiv.o(.text)
    __aeabi_d2ulz                            0x0800078f   Thumb Code    48  dfixul.o(.text)
    __scatterload                            0x080007c1   Thumb Code    28  init.o(.text)
    __scatterload_rt2                        0x080007c1   Thumb Code     0  init.o(.text)
    ADC_Enable                               0x080007e5   Thumb Code   110  stm32g4xx_hal_adc.o(i.ADC_Enable)
    BusFault_Handler                         0x08000859   Thumb Code     2  stm32g4xx_it.o(i.BusFault_Handler)
    DebugMon_Handler                         0x0800085b   Thumb Code     2  stm32g4xx_it.o(i.DebugMon_Handler)
    Delay_LCD                                0x0800085d   Thumb Code    28  lcd.o(i.Delay_LCD)
    Error_Handler                            0x08000879   Thumb Code     4  main.o(i.Error_Handler)
    HAL_ADC_ConfigChannel                    0x0800087d   Thumb Code  1006  stm32g4xx_hal_adc.o(i.HAL_ADC_ConfigChannel)
    HAL_ADC_GetValue                         0x08000ca1   Thumb Code     6  stm32g4xx_hal_adc.o(i.HAL_ADC_GetValue)
    HAL_ADC_Init                             0x08000ca9   Thumb Code   476  stm32g4xx_hal_adc.o(i.HAL_ADC_Init)
    HAL_ADC_MspInit                          0x08000ea5   Thumb Code    82  adc.o(i.HAL_ADC_MspInit)
    HAL_ADC_Start                            0x08000f05   Thumb Code   230  stm32g4xx_hal_adc.o(i.HAL_ADC_Start)
    HAL_DMA_Abort                            0x08000ff9   Thumb Code   106  stm32g4xx_hal_dma.o(i.HAL_DMA_Abort)
    HAL_DMA_Abort_IT                         0x08001063   Thumb Code   120  stm32g4xx_hal_dma.o(i.HAL_DMA_Abort_IT)
    HAL_Delay                                0x080010dd   Thumb Code    32  stm32g4xx_hal.o(i.HAL_Delay)
    HAL_GPIO_Init                            0x08001101   Thumb Code   422  stm32g4xx_hal_gpio.o(i.HAL_GPIO_Init)
    HAL_GPIO_ReadPin                         0x080012c9   Thumb Code    10  stm32g4xx_hal_gpio.o(i.HAL_GPIO_ReadPin)
    HAL_GPIO_WritePin                        0x080012d3   Thumb Code    10  stm32g4xx_hal_gpio.o(i.HAL_GPIO_WritePin)
    HAL_GetTick                              0x080012dd   Thumb Code     6  stm32g4xx_hal.o(i.HAL_GetTick)
    HAL_IncTick                              0x080012e9   Thumb Code    12  stm32g4xx_hal.o(i.HAL_IncTick)
    HAL_Init                                 0x080012f9   Thumb Code    30  stm32g4xx_hal.o(i.HAL_Init)
    HAL_InitTick                             0x08001319   Thumb Code    58  stm32g4xx_hal.o(i.HAL_InitTick)
    HAL_MspInit                              0x0800135d   Thumb Code    42  stm32g4xx_hal_msp.o(i.HAL_MspInit)
    HAL_NVIC_EnableIRQ                       0x0800138d   Thumb Code    26  stm32g4xx_hal_cortex.o(i.HAL_NVIC_EnableIRQ)
    HAL_NVIC_SetPriority                     0x080013a9   Thumb Code    60  stm32g4xx_hal_cortex.o(i.HAL_NVIC_SetPriority)
    HAL_NVIC_SetPriorityGrouping             0x080013e9   Thumb Code    26  stm32g4xx_hal_cortex.o(i.HAL_NVIC_SetPriorityGrouping)
    HAL_PWREx_ControlVoltageScaling          0x0800140d   Thumb Code   174  stm32g4xx_hal_pwr_ex.o(i.HAL_PWREx_ControlVoltageScaling)
    HAL_PWREx_DisableUCPDDeadBattery         0x080014c9   Thumb Code    12  stm32g4xx_hal_pwr_ex.o(i.HAL_PWREx_DisableUCPDDeadBattery)
    HAL_RCCEx_PeriphCLKConfig                0x080014d9   Thumb Code   638  stm32g4xx_hal_rcc_ex.o(i.HAL_RCCEx_PeriphCLKConfig)
    HAL_RCC_ClockConfig                      0x08001761   Thumb Code   444  stm32g4xx_hal_rcc.o(i.HAL_RCC_ClockConfig)
    HAL_RCC_GetPCLK1Freq                     0x0800193d   Thumb Code    24  stm32g4xx_hal_rcc.o(i.HAL_RCC_GetPCLK1Freq)
    HAL_RCC_GetPCLK2Freq                     0x08001961   Thumb Code    24  stm32g4xx_hal_rcc.o(i.HAL_RCC_GetPCLK2Freq)
    HAL_RCC_GetSysClockFreq                  0x08001985   Thumb Code    98  stm32g4xx_hal_rcc.o(i.HAL_RCC_GetSysClockFreq)
    HAL_RCC_OscConfig                        0x080019f5   Thumb Code  1036  stm32g4xx_hal_rcc.o(i.HAL_RCC_OscConfig)
    HAL_SYSTICK_Config                       0x08001e01   Thumb Code    40  stm32g4xx_hal_cortex.o(i.HAL_SYSTICK_Config)
    HAL_UARTEx_DisableFifoMode               0x08001e29   Thumb Code    62  stm32g4xx_hal_uart_ex.o(i.HAL_UARTEx_DisableFifoMode)
    HAL_UARTEx_RxEventCallback               0x08001e67   Thumb Code     2  stm32g4xx_hal_uart.o(i.HAL_UARTEx_RxEventCallback)
    HAL_UARTEx_RxFifoFullCallback            0x08001e69   Thumb Code     2  stm32g4xx_hal_uart_ex.o(i.HAL_UARTEx_RxFifoFullCallback)
    HAL_UARTEx_SetRxFifoThreshold            0x08001e6b   Thumb Code    76  stm32g4xx_hal_uart_ex.o(i.HAL_UARTEx_SetRxFifoThreshold)
    HAL_UARTEx_SetTxFifoThreshold            0x08001eb7   Thumb Code    76  stm32g4xx_hal_uart_ex.o(i.HAL_UARTEx_SetTxFifoThreshold)
    HAL_UARTEx_TxFifoEmptyCallback           0x08001f03   Thumb Code     2  stm32g4xx_hal_uart_ex.o(i.HAL_UARTEx_TxFifoEmptyCallback)
    HAL_UARTEx_WakeupCallback                0x08001f05   Thumb Code     2  stm32g4xx_hal_uart_ex.o(i.HAL_UARTEx_WakeupCallback)
    HAL_UART_ErrorCallback                   0x08001f07   Thumb Code     2  stm32g4xx_hal_uart.o(i.HAL_UART_ErrorCallback)
    HAL_UART_IRQHandler                      0x08001f09   Thumb Code   632  stm32g4xx_hal_uart.o(i.HAL_UART_IRQHandler)
    HAL_UART_Init                            0x0800218d   Thumb Code   106  stm32g4xx_hal_uart.o(i.HAL_UART_Init)
    HAL_UART_MspInit                         0x080021f9   Thumb Code   106  usart.o(i.HAL_UART_MspInit)
    HAL_UART_Receive_IT                      0x0800226d   Thumb Code    70  stm32g4xx_hal_uart.o(i.HAL_UART_Receive_IT)
    HAL_UART_RxCpltCallback                  0x080022b9   Thumb Code    24  main.o(i.HAL_UART_RxCpltCallback)
    HAL_UART_TxCpltCallback                  0x080022dd   Thumb Code     2  stm32g4xx_hal_uart.o(i.HAL_UART_TxCpltCallback)
    HardFault_Handler                        0x080022df   Thumb Code     2  stm32g4xx_it.o(i.HardFault_Handler)
    LCD_BusIn                                0x080022e1   Thumb Code    40  lcd.o(i.LCD_BusIn)
    LCD_BusOut                               0x0800230d   Thumb Code    42  lcd.o(i.LCD_BusOut)
    LCD_Clear                                0x0800233d   Thumb Code    36  lcd.o(i.LCD_Clear)
    LCD_CtrlLinesConfig                      0x08002361   Thumb Code   136  lcd.o(i.LCD_CtrlLinesConfig)
    LCD_DisplayChar                          0x080023f1   Thumb Code    18  lcd.o(i.LCD_DisplayChar)
    LCD_DisplayStringLine                    0x08002409   Thumb Code    42  lcd.o(i.LCD_DisplayStringLine)
    LCD_DrawChar                             0x08002435   Thumb Code    84  lcd.o(i.LCD_DrawChar)
    LCD_Init                                 0x0800248d   Thumb Code    46  lcd.o(i.LCD_Init)
    LCD_ReadReg                              0x080024c1   Thumb Code   120  lcd.o(i.LCD_ReadReg)
    LCD_SetBackColor                         0x08002541   Thumb Code    12  lcd.o(i.LCD_SetBackColor)
    LCD_SetCursor                            0x08002551   Thumb Code    24  lcd.o(i.LCD_SetCursor)
    LCD_SetTextColor                         0x08002569   Thumb Code    12  lcd.o(i.LCD_SetTextColor)
    LCD_WriteRAM                             0x08002579   Thumb Code    80  lcd.o(i.LCD_WriteRAM)
    LCD_WriteRAM_Prepare                     0x080025d1   Thumb Code    82  lcd.o(i.LCD_WriteRAM_Prepare)
    LCD_WriteReg                             0x0800262d   Thumb Code   100  lcd.o(i.LCD_WriteReg)
    MX_ADC2_Init                             0x080026e5   Thumb Code   110  adc.o(i.MX_ADC2_Init)
    MX_GPIO_Init                             0x08002761   Thumb Code   196  gpio.o(i.MX_GPIO_Init)
    MX_USART1_UART_Init                      0x08002835   Thumb Code    94  usart.o(i.MX_USART1_UART_Init)
    MemManage_Handler                        0x0800289d   Thumb Code     2  stm32g4xx_it.o(i.MemManage_Handler)
    NMI_Handler                              0x0800289f   Thumb Code     2  stm32g4xx_it.o(i.NMI_Handler)
    PendSV_Handler                           0x080028a1   Thumb Code     2  stm32g4xx_it.o(i.PendSV_Handler)
    REG_8230_Init                            0x080028a3   Thumb Code   274  lcd.o(i.REG_8230_Init)
    REG_932X_Init                            0x080029b5   Thumb Code   514  lcd.o(i.REG_932X_Init)
    SVC_Handler                              0x08002bb7   Thumb Code     2  stm32g4xx_it.o(i.SVC_Handler)
    SysTick_Handler                          0x08002bb9   Thumb Code     4  stm32g4xx_it.o(i.SysTick_Handler)
    SystemClock_Config                       0x08002bbd   Thumb Code   138  main.o(i.SystemClock_Config)
    SystemInit                               0x08002c49   Thumb Code    12  system_stm32g4xx.o(i.SystemInit)
    UART_AdvFeatureConfig                    0x08002c9d   Thumb Code   200  stm32g4xx_hal_uart.o(i.UART_AdvFeatureConfig)
    UART_CheckIdleState                      0x08002d65   Thumb Code    96  stm32g4xx_hal_uart.o(i.UART_CheckIdleState)
    UART_SetConfig                           0x08003189   Thumb Code   582  stm32g4xx_hal_uart.o(i.UART_SetConfig)
    UART_Start_Receive_IT                    0x080033fd   Thumb Code   198  stm32g4xx_hal_uart.o(i.UART_Start_Receive_IT)
    UART_WaitOnFlagUntilTimeout              0x080034d5   Thumb Code   164  stm32g4xx_hal_uart.o(i.UART_WaitOnFlagUntilTimeout)
    USART1_IRQHandler                        0x08003579   Thumb Code     6  stm32g4xx_it.o(i.USART1_IRQHandler)
    Uart_Proc                                0x08003585   Thumb Code   136  main.o(i.Uart_Proc)
    UsageFault_Handler                       0x08003621   Thumb Code     2  stm32g4xx_it.o(i.UsageFault_Handler)
    __0sprintf                               0x08003625   Thumb Code    34  printfa.o(i.__0sprintf)
    __1sprintf                               0x08003625   Thumb Code     0  printfa.o(i.__0sprintf)
    __2sprintf                               0x08003625   Thumb Code     0  printfa.o(i.__0sprintf)
    __c89sprintf                             0x08003625   Thumb Code     0  printfa.o(i.__0sprintf)
    sprintf                                  0x08003625   Thumb Code     0  printfa.o(i.__0sprintf)
    __scatterload_copy                       0x0800366d   Thumb Code    14  handlers.o(i.__scatterload_copy)
    __scatterload_null                       0x0800367b   Thumb Code     2  handlers.o(i.__scatterload_null)
    __scatterload_zeroinit                   0x0800367d   Thumb Code    14  handlers.o(i.__scatterload_zeroinit)
    getADC2                                  0x08003f21   Thumb Code   102  main.o(i.getADC2)
    isRxCplt                                 0x08003fa5   Thumb Code    36  main.o(i.isRxCplt)
    key_Proc                                 0x08003fd1   Thumb Code   238  main.o(i.key_Proc)
    key_scan                                 0x080040e9   Thumb Code   114  main.o(i.key_scan)
    lcd_Proc                                 0x08004161   Thumb Code   142  main.o(i.lcd_Proc)
    led_Proc                                 0x08004249   Thumb Code    48  main.o(i.led_Proc)
    led_dis                                  0x0800427d   Thumb Code    74  main.o(i.led_dis)
    main                                     0x080042d1   Thumb Code    82  main.o(i.main)
    ASCII_Table                              0x0800432c   Data        4560  lcd.o(.constdata)
    UARTPrescTable                           0x080054fc   Data          24  stm32g4xx_hal_uart.o(.constdata)
    AHBPrescTable                            0x08005524   Data          16  system_stm32g4xx.o(.constdata)
    APBPrescTable                            0x08005534   Data           8  system_stm32g4xx.o(.constdata)
    Region$$Table$$Base                      0x0800553c   Number         0  anon$$obj.o(Region$$Table)
    Region$$Table$$Limit                     0x0800555c   Number         0  anon$$obj.o(Region$$Table)
    led2_sta                                 0x20000000   Data           1  main.o(.data)
    key_val                                  0x20000001   Data           1  main.o(.data)
    key_down                                 0x20000002   Data           1  main.o(.data)
    key_up                                   0x20000003   Data           1  main.o(.data)
    key_old                                  0x20000004   Data           1  main.o(.data)
    led3_sta                                 0x20000005   Data           1  main.o(.data)
    sta_lcd                                  0x20000006   Data           1  main.o(.data)
    rx                                       0x20000007   Data           1  main.o(.data)
    dex                                      0x20000008   Data           1  main.o(.data)
    led_in                                   0x20000009   Data           1  main.o(.data)
    ww_Tick                                  0x20000018   Data           4  main.o(.data)
    aoMax                                    0x20000020   Data           8  main.o(.data)
    aoMin                                    0x20000028   Data           8  main.o(.data)
    ao2                                      0x20000030   Data           8  main.o(.data)
    aoMaxOld                                 0x20000038   Data           8  main.o(.data)
    aoMinOld                                 0x20000040   Data           8  main.o(.data)
    dummy                                    0x2000004c   Data           2  lcd.o(.data)
    uwTickPrio                               0x20000050   Data           4  stm32g4xx_hal.o(.data)
    uwTickFreq                               0x20000054   Data           4  stm32g4xx_hal.o(.data)
    uwTick                                   0x20000058   Data           4  stm32g4xx_hal.o(.data)
    SystemCoreClock                          0x2000005c   Data           4  system_stm32g4xx.o(.data)
    ptr                                      0x20000060   Data          30  main.o(.bss)
    rx_buf                                   0x2000007e   Data          21  main.o(.bss)
    hadc2                                    0x20000094   Data         108  adc.o(.bss)
    huart1                                   0x20000100   Data         144  usart.o(.bss)
    __initial_sp                             0x20000590   Data           0  startup_stm32g431xx.o(STACK)



==============================================================================

Memory Map of the image

  Image Entry point : 0x080001d9

  Load Region LR_IROM1 (Base: 0x08000000, Size: 0x000055bc, Max: 0x00020000, ABSOLUTE)

    Execution Region ER_IROM1 (Exec base: 0x08000000, Load base: 0x08000000, Size: 0x0000555c, Max: 0x00020000, ABSOLUTE)

    Exec Addr    Load Addr    Size         Type   Attr      Idx    E Section Name        Object

    0x08000000   0x08000000   0x000001d8   Data   RO            3    RESET               startup_stm32g431xx.o
    0x080001d8   0x080001d8   0x00000000   Code   RO         3282  * .ARM.Collect$$$$00000000  mc_w.l(entry.o)
    0x080001d8   0x080001d8   0x00000004   Code   RO         3562    .ARM.Collect$$$$00000001  mc_w.l(entry2.o)
    0x080001dc   0x080001dc   0x00000004   Code   RO         3565    .ARM.Collect$$$$00000004  mc_w.l(entry5.o)
    0x080001e0   0x080001e0   0x00000000   Code   RO         3567    .ARM.Collect$$$$00000008  mc_w.l(entry7b.o)
    0x080001e0   0x080001e0   0x00000000   Code   RO         3569    .ARM.Collect$$$$0000000A  mc_w.l(entry8b.o)
    0x080001e0   0x080001e0   0x00000008   Code   RO         3570    .ARM.Collect$$$$0000000B  mc_w.l(entry9a.o)
    0x080001e8   0x080001e8   0x00000004   Code   RO         3577    .ARM.Collect$$$$0000000E  mc_w.l(entry12b.o)
    0x080001ec   0x080001ec   0x00000000   Code   RO         3572    .ARM.Collect$$$$0000000F  mc_w.l(entry10a.o)
    0x080001ec   0x080001ec   0x00000000   Code   RO         3574    .ARM.Collect$$$$00000011  mc_w.l(entry11a.o)
    0x080001ec   0x080001ec   0x00000004   Code   RO         3563    .ARM.Collect$$$$00002712  mc_w.l(entry2.o)
    0x080001f0   0x080001f0   0x00000024   Code   RO            4    .text               startup_stm32g431xx.o
    0x08000214   0x08000214   0x00000062   Code   RO         3285    .text               mc_w.l(uldiv.o)
    0x08000276   0x08000276   0x00000024   Code   RO         3287    .text               mc_w.l(memseta.o)
    0x0800029a   0x0800029a   0x0000014e   Code   RO         3550    .text               mf_w.l(dadd.o)
    0x080003e8   0x080003e8   0x000000e4   Code   RO         3552    .text               mf_w.l(dmul.o)
    0x080004cc   0x080004cc   0x00000022   Code   RO         3554    .text               mf_w.l(dflti.o)
    0x080004ee   0x080004ee   0x0000001a   Code   RO         3556    .text               mf_w.l(dfltui.o)
    0x08000508   0x08000508   0x00000030   Code   RO         3558    .text               mf_w.l(cdcmple.o)
    0x08000538   0x08000538   0x00000030   Code   RO         3560    .text               mf_w.l(cdrcmple.o)
    0x08000568   0x08000568   0x0000002c   Code   RO         3581    .text               mc_w.l(uidiv.o)
    0x08000594   0x08000594   0x0000001e   Code   RO         3583    .text               mc_w.l(llshl.o)
    0x080005b2   0x080005b2   0x00000020   Code   RO         3585    .text               mc_w.l(llushr.o)
    0x080005d2   0x080005d2   0x00000024   Code   RO         3587    .text               mc_w.l(llsshr.o)
    0x080005f6   0x080005f6   0x00000000   Code   RO         3589    .text               mc_w.l(iusefp.o)
    0x080005f6   0x080005f6   0x000000ba   Code   RO         3590    .text               mf_w.l(depilogue.o)
    0x080006b0   0x080006b0   0x000000de   Code   RO         3592    .text               mf_w.l(ddiv.o)
    0x0800078e   0x0800078e   0x00000030   Code   RO         3594    .text               mf_w.l(dfixul.o)
    0x080007be   0x080007be   0x00000002   PAD
    0x080007c0   0x080007c0   0x00000024   Code   RO         3596    .text               mc_w.l(init.o)
    0x080007e4   0x080007e4   0x00000074   Code   RO          762    i.ADC_Enable        stm32g4xx_hal_adc.o
    0x08000858   0x08000858   0x00000002   Code   RO          348    i.BusFault_Handler  stm32g4xx_it.o
    0x0800085a   0x0800085a   0x00000002   Code   RO          349    i.DebugMon_Handler  stm32g4xx_it.o
    0x0800085c   0x0800085c   0x0000001c   Code   RO          454    i.Delay_LCD         lcd.o
    0x08000878   0x08000878   0x00000004   Code   RO           13    i.Error_Handler     main.o
    0x0800087c   0x0800087c   0x00000424   Code   RO          764    i.HAL_ADC_ConfigChannel  stm32g4xx_hal_adc.o
    0x08000ca0   0x08000ca0   0x00000006   Code   RO          771    i.HAL_ADC_GetValue  stm32g4xx_hal_adc.o
    0x08000ca6   0x08000ca6   0x00000002   PAD
    0x08000ca8   0x08000ca8   0x000001fc   Code   RO          773    i.HAL_ADC_Init      stm32g4xx_hal_adc.o
    0x08000ea4   0x08000ea4   0x00000060   Code   RO          265    i.HAL_ADC_MspInit   adc.o
    0x08000f04   0x08000f04   0x000000f4   Code   RO          779    i.HAL_ADC_Start     stm32g4xx_hal_adc.o
    0x08000ff8   0x08000ff8   0x0000006a   Code   RO         2040    i.HAL_DMA_Abort     stm32g4xx_hal_dma.o
    0x08001062   0x08001062   0x00000078   Code   RO         2041    i.HAL_DMA_Abort_IT  stm32g4xx_hal_dma.o
    0x080010da   0x080010da   0x00000002   PAD
    0x080010dc   0x080010dc   0x00000024   Code   RO         1211    i.HAL_Delay         stm32g4xx_hal.o
    0x08001100   0x08001100   0x000001c8   Code   RO         1902    i.HAL_GPIO_Init     stm32g4xx_hal_gpio.o
    0x080012c8   0x080012c8   0x0000000a   Code   RO         1904    i.HAL_GPIO_ReadPin  stm32g4xx_hal_gpio.o
    0x080012d2   0x080012d2   0x0000000a   Code   RO         1906    i.HAL_GPIO_WritePin  stm32g4xx_hal_gpio.o
    0x080012dc   0x080012dc   0x0000000c   Code   RO         1215    i.HAL_GetTick       stm32g4xx_hal.o
    0x080012e8   0x080012e8   0x00000010   Code   RO         1218    i.HAL_IncTick       stm32g4xx_hal.o
    0x080012f8   0x080012f8   0x0000001e   Code   RO         1219    i.HAL_Init          stm32g4xx_hal.o
    0x08001316   0x08001316   0x00000002   PAD
    0x08001318   0x08001318   0x00000044   Code   RO         1220    i.HAL_InitTick      stm32g4xx_hal.o
    0x0800135c   0x0800135c   0x00000030   Code   RO          430    i.HAL_MspInit       stm32g4xx_hal_msp.o
    0x0800138c   0x0800138c   0x0000001a   Code   RO         2549    i.HAL_NVIC_EnableIRQ  stm32g4xx_hal_cortex.o
    0x080013a6   0x080013a6   0x00000002   PAD
    0x080013a8   0x080013a8   0x00000040   Code   RO         2555    i.HAL_NVIC_SetPriority  stm32g4xx_hal_cortex.o
    0x080013e8   0x080013e8   0x00000024   Code   RO         2556    i.HAL_NVIC_SetPriorityGrouping  stm32g4xx_hal_cortex.o
    0x0800140c   0x0800140c   0x000000bc   Code   RO         2305    i.HAL_PWREx_ControlVoltageScaling  stm32g4xx_hal_pwr_ex.o
    0x080014c8   0x080014c8   0x00000010   Code   RO         2317    i.HAL_PWREx_DisableUCPDDeadBattery  stm32g4xx_hal_pwr_ex.o
    0x080014d8   0x080014d8   0x00000288   Code   RO         1564    i.HAL_RCCEx_PeriphCLKConfig  stm32g4xx_hal_rcc_ex.o
    0x08001760   0x08001760   0x000001dc   Code   RO         1439    i.HAL_RCC_ClockConfig  stm32g4xx_hal_rcc.o
    0x0800193c   0x0800193c   0x00000024   Code   RO         1447    i.HAL_RCC_GetPCLK1Freq  stm32g4xx_hal_rcc.o
    0x08001960   0x08001960   0x00000024   Code   RO         1448    i.HAL_RCC_GetPCLK2Freq  stm32g4xx_hal_rcc.o
    0x08001984   0x08001984   0x00000070   Code   RO         1449    i.HAL_RCC_GetSysClockFreq  stm32g4xx_hal_rcc.o
    0x080019f4   0x080019f4   0x0000040c   Code   RO         1452    i.HAL_RCC_OscConfig  stm32g4xx_hal_rcc.o
    0x08001e00   0x08001e00   0x00000028   Code   RO         2560    i.HAL_SYSTICK_Config  stm32g4xx_hal_cortex.o
    0x08001e28   0x08001e28   0x0000003e   Code   RO         3135    i.HAL_UARTEx_DisableFifoMode  stm32g4xx_hal_uart_ex.o
    0x08001e66   0x08001e66   0x00000002   Code   RO         2724    i.HAL_UARTEx_RxEventCallback  stm32g4xx_hal_uart.o
    0x08001e68   0x08001e68   0x00000002   Code   RO         3142    i.HAL_UARTEx_RxFifoFullCallback  stm32g4xx_hal_uart_ex.o
    0x08001e6a   0x08001e6a   0x0000004c   Code   RO         3143    i.HAL_UARTEx_SetRxFifoThreshold  stm32g4xx_hal_uart_ex.o
    0x08001eb6   0x08001eb6   0x0000004c   Code   RO         3144    i.HAL_UARTEx_SetTxFifoThreshold  stm32g4xx_hal_uart_ex.o
    0x08001f02   0x08001f02   0x00000002   Code   RO         3146    i.HAL_UARTEx_TxFifoEmptyCallback  stm32g4xx_hal_uart_ex.o
    0x08001f04   0x08001f04   0x00000002   Code   RO         3147    i.HAL_UARTEx_WakeupCallback  stm32g4xx_hal_uart_ex.o
    0x08001f06   0x08001f06   0x00000002   Code   RO         2740    i.HAL_UART_ErrorCallback  stm32g4xx_hal_uart.o
    0x08001f08   0x08001f08   0x00000284   Code   RO         2743    i.HAL_UART_IRQHandler  stm32g4xx_hal_uart.o
    0x0800218c   0x0800218c   0x0000006a   Code   RO         2744    i.HAL_UART_Init     stm32g4xx_hal_uart.o
    0x080021f6   0x080021f6   0x00000002   PAD
    0x080021f8   0x080021f8   0x00000074   Code   RO          307    i.HAL_UART_MspInit  usart.o
    0x0800226c   0x0800226c   0x0000004c   Code   RO         2749    i.HAL_UART_Receive_IT  stm32g4xx_hal_uart.o
    0x080022b8   0x080022b8   0x00000024   Code   RO           14    i.HAL_UART_RxCpltCallback  main.o
    0x080022dc   0x080022dc   0x00000002   Code   RO         2756    i.HAL_UART_TxCpltCallback  stm32g4xx_hal_uart.o
    0x080022de   0x080022de   0x00000002   Code   RO          350    i.HardFault_Handler  stm32g4xx_it.o
    0x080022e0   0x080022e0   0x0000002c   Code   RO          455    i.LCD_BusIn         lcd.o
    0x0800230c   0x0800230c   0x00000030   Code   RO          456    i.LCD_BusOut        lcd.o
    0x0800233c   0x0800233c   0x00000024   Code   RO          457    i.LCD_Clear         lcd.o
    0x08002360   0x08002360   0x00000090   Code   RO          459    i.LCD_CtrlLinesConfig  lcd.o
    0x080023f0   0x080023f0   0x00000018   Code   RO          460    i.LCD_DisplayChar   lcd.o
    0x08002408   0x08002408   0x0000002a   Code   RO          463    i.LCD_DisplayStringLine  lcd.o
    0x08002432   0x08002432   0x00000002   PAD
    0x08002434   0x08002434   0x00000058   Code   RO          464    i.LCD_DrawChar      lcd.o
    0x0800248c   0x0800248c   0x00000034   Code   RO          470    i.LCD_Init          lcd.o
    0x080024c0   0x080024c0   0x00000080   Code   RO          473    i.LCD_ReadReg       lcd.o
    0x08002540   0x08002540   0x00000010   Code   RO          474    i.LCD_SetBackColor  lcd.o
    0x08002550   0x08002550   0x00000018   Code   RO          475    i.LCD_SetCursor     lcd.o
    0x08002568   0x08002568   0x00000010   Code   RO          477    i.LCD_SetTextColor  lcd.o
    0x08002578   0x08002578   0x00000058   Code   RO          480    i.LCD_WriteRAM      lcd.o
    0x080025d0   0x080025d0   0x0000005c   Code   RO          481    i.LCD_WriteRAM_Prepare  lcd.o
    0x0800262c   0x0800262c   0x0000006c   Code   RO          482    i.LCD_WriteReg      lcd.o
    0x08002698   0x08002698   0x0000000c   Code   RO          787    i.LL_ADC_GetOffsetChannel  stm32g4xx_hal_adc.o
    0x080026a4   0x080026a4   0x00000008   Code   RO          788    i.LL_ADC_INJ_IsConversionOngoing  stm32g4xx_hal_adc.o
    0x080026ac   0x080026ac   0x00000008   Code   RO          789    i.LL_ADC_REG_IsConversionOngoing  stm32g4xx_hal_adc.o
    0x080026b4   0x080026b4   0x0000001e   Code   RO          792    i.LL_ADC_SetChannelSamplingTime  stm32g4xx_hal_adc.o
    0x080026d2   0x080026d2   0x00000010   Code   RO          793    i.LL_ADC_SetOffsetState  stm32g4xx_hal_adc.o
    0x080026e2   0x080026e2   0x00000002   PAD
    0x080026e4   0x080026e4   0x0000007c   Code   RO          266    i.MX_ADC2_Init      adc.o
    0x08002760   0x08002760   0x000000d4   Code   RO          240    i.MX_GPIO_Init      gpio.o
    0x08002834   0x08002834   0x00000068   Code   RO          308    i.MX_USART1_UART_Init  usart.o
    0x0800289c   0x0800289c   0x00000002   Code   RO          351    i.MemManage_Handler  stm32g4xx_it.o
    0x0800289e   0x0800289e   0x00000002   Code   RO          352    i.NMI_Handler       stm32g4xx_it.o
    0x080028a0   0x080028a0   0x00000002   Code   RO          353    i.PendSV_Handler    stm32g4xx_it.o
    0x080028a2   0x080028a2   0x00000112   Code   RO          483    i.REG_8230_Init     lcd.o
    0x080029b4   0x080029b4   0x00000202   Code   RO          484    i.REG_932X_Init     lcd.o
    0x08002bb6   0x08002bb6   0x00000002   Code   RO          354    i.SVC_Handler       stm32g4xx_it.o
    0x08002bb8   0x08002bb8   0x00000004   Code   RO          355    i.SysTick_Handler   stm32g4xx_it.o
    0x08002bbc   0x08002bbc   0x0000008a   Code   RO           15    i.SystemClock_Config  main.o
    0x08002c46   0x08002c46   0x00000002   PAD
    0x08002c48   0x08002c48   0x00000010   Code   RO         3248    i.SystemInit        system_stm32g4xx.o
    0x08002c58   0x08002c58   0x00000044   Code   RO         3148    i.UARTEx_SetNbDataToProcess  stm32g4xx_hal_uart_ex.o
    0x08002c9c   0x08002c9c   0x000000c8   Code   RO         2758    i.UART_AdvFeatureConfig  stm32g4xx_hal_uart.o
    0x08002d64   0x08002d64   0x00000060   Code   RO         2759    i.UART_CheckIdleState  stm32g4xx_hal_uart.o
    0x08002dc4   0x08002dc4   0x00000014   Code   RO         2760    i.UART_DMAAbortOnError  stm32g4xx_hal_uart.o
    0x08002dd8   0x08002dd8   0x00000038   Code   RO         2770    i.UART_EndRxTransfer  stm32g4xx_hal_uart.o
    0x08002e10   0x08002e10   0x00000080   Code   RO         2772    i.UART_RxISR_16BIT  stm32g4xx_hal_uart.o
    0x08002e90   0x08002e90   0x0000013c   Code   RO         2773    i.UART_RxISR_16BIT_FIFOEN  stm32g4xx_hal_uart.o
    0x08002fcc   0x08002fcc   0x00000080   Code   RO         2774    i.UART_RxISR_8BIT   stm32g4xx_hal_uart.o
    0x0800304c   0x0800304c   0x0000013c   Code   RO         2775    i.UART_RxISR_8BIT_FIFOEN  stm32g4xx_hal_uart.o
    0x08003188   0x08003188   0x00000274   Code   RO         2776    i.UART_SetConfig    stm32g4xx_hal_uart.o
    0x080033fc   0x080033fc   0x000000d8   Code   RO         2778    i.UART_Start_Receive_IT  stm32g4xx_hal_uart.o
    0x080034d4   0x080034d4   0x000000a4   Code   RO         2783    i.UART_WaitOnFlagUntilTimeout  stm32g4xx_hal_uart.o
    0x08003578   0x08003578   0x0000000c   Code   RO          356    i.USART1_IRQHandler  stm32g4xx_it.o
    0x08003584   0x08003584   0x0000009c   Code   RO           16    i.Uart_Proc         main.o
    0x08003620   0x08003620   0x00000002   Code   RO          357    i.UsageFault_Handler  stm32g4xx_it.o
    0x08003622   0x08003622   0x00000002   PAD
    0x08003624   0x08003624   0x00000028   Code   RO         3524    i.__0sprintf        mc_w.l(printfa.o)
    0x0800364c   0x0800364c   0x00000020   Code   RO         2562    i.__NVIC_SetPriority  stm32g4xx_hal_cortex.o
    0x0800366c   0x0800366c   0x0000000e   Code   RO         3602    i.__scatterload_copy  mc_w.l(handlers.o)
    0x0800367a   0x0800367a   0x00000002   Code   RO         3603    i.__scatterload_null  mc_w.l(handlers.o)
    0x0800367c   0x0800367c   0x0000000e   Code   RO         3604    i.__scatterload_zeroinit  mc_w.l(handlers.o)
    0x0800368a   0x0800368a   0x00000002   PAD
    0x0800368c   0x0800368c   0x00000184   Code   RO         3529    i._fp_digits        mc_w.l(printfa.o)
    0x08003810   0x08003810   0x000006b4   Code   RO         3530    i._printf_core      mc_w.l(printfa.o)
    0x08003ec4   0x08003ec4   0x00000024   Code   RO         3531    i._printf_post_padding  mc_w.l(printfa.o)
    0x08003ee8   0x08003ee8   0x0000002e   Code   RO         3532    i._printf_pre_padding  mc_w.l(printfa.o)
    0x08003f16   0x08003f16   0x0000000a   Code   RO         3534    i._sputc            mc_w.l(printfa.o)
    0x08003f20   0x08003f20   0x00000084   Code   RO           17    i.getADC2           main.o
    0x08003fa4   0x08003fa4   0x0000002c   Code   RO           18    i.isRxCplt          main.o
    0x08003fd0   0x08003fd0   0x00000118   Code   RO           19    i.key_Proc          main.o
    0x080040e8   0x080040e8   0x00000078   Code   RO           20    i.key_scan          main.o
    0x08004160   0x08004160   0x000000e8   Code   RO           21    i.lcd_Proc          main.o
    0x08004248   0x08004248   0x00000034   Code   RO           22    i.led_Proc          main.o
    0x0800427c   0x0800427c   0x00000054   Code   RO           23    i.led_dis           main.o
    0x080042d0   0x080042d0   0x0000005c   Code   RO           24    i.main              main.o
    0x0800432c   0x0800432c   0x000011d0   Data   RO          485    .constdata          lcd.o
    0x080054fc   0x080054fc   0x00000018   Data   RO         2784    .constdata          stm32g4xx_hal_uart.o
    0x08005514   0x08005514   0x00000010   Data   RO         3149    .constdata          stm32g4xx_hal_uart_ex.o
    0x08005524   0x08005524   0x00000010   Data   RO         3249    .constdata          system_stm32g4xx.o
    0x08005534   0x08005534   0x00000008   Data   RO         3250    .constdata          system_stm32g4xx.o
    0x0800553c   0x0800553c   0x00000020   Data   RO         3600    Region$$Table       anon$$obj.o


    Execution Region RW_IRAM1 (Exec base: 0x20000000, Load base: 0x0800555c, Size: 0x00000590, Max: 0x00008000, ABSOLUTE)

    Exec Addr    Load Addr    Size         Type   Attr      Idx    E Section Name        Object

    0x20000000   0x0800555c   0x00000048   Data   RW           28    .data               main.o
    0x20000048   0x080055a4   0x00000006   Data   RW          486    .data               lcd.o
    0x2000004e   0x080055aa   0x00000002   PAD
    0x20000050   0x080055ac   0x0000000c   Data   RW         1239    .data               stm32g4xx_hal.o
    0x2000005c   0x080055b8   0x00000004   Data   RW         3251    .data               system_stm32g4xx.o
    0x20000060        -       0x00000033   Zero   RW           25    .bss                main.o
    0x20000093   0x080055bc   0x00000001   PAD
    0x20000094        -       0x0000006c   Zero   RW          267    .bss                adc.o
    0x20000100        -       0x00000090   Zero   RW          309    .bss                usart.o
    0x20000190        -       0x00000400   Zero   RW            1    STACK               startup_stm32g431xx.o


==============================================================================

Image component sizes


      Code (inc. data)   RO Data    RW Data    ZI Data      Debug   Object Name

       220         28          0          0        108       1753   adc.o
       212         16          0          0          0       1031   gpio.o
      1766         76       4560          6          0      11510   lcd.o
      1370        232          0         72         51     607460   main.o
        36          8        472          0       1024        840   startup_stm32g431xx.o
       162         24          0         12          0       4353   stm32g4xx_hal.o
      2008        106          0          0          0      75867   stm32g4xx_hal_adc.o
       198         14          0          0          0      33863   stm32g4xx_hal_cortex.o
       226          0          0          0          0       1951   stm32g4xx_hal_dma.o
       476         34          0          0          0       3119   stm32g4xx_hal_gpio.o
        48          6          0          0          0        870   stm32g4xx_hal_msp.o
       204         18          0          0          0       1413   stm32g4xx_hal_pwr_ex.o
      1696         92          0          0          0       6000   stm32g4xx_hal_rcc.o
       648         10          0          0          0       1884   stm32g4xx_hal_rcc_ex.o
      3100        128         24          0          0      34442   stm32g4xx_hal_uart.o
       288          6         16          0          0       5390   stm32g4xx_hal_uart_ex.o
        32          6          0          0          0       4674   stm32g4xx_it.o
        16          4         24          4          0       1139   system_stm32g4xx.o
       220         20          0          0        144       1770   usart.o

    ----------------------------------------------------------------------
     12944        828       5128         96       1328     799329   Object Totals
         0          0         32          0          0          0   (incl. Generated)
        18          0          0          2          1          0   (incl. Padding)

    ----------------------------------------------------------------------

      Code (inc. data)   RO Data    RW Data    ZI Data      Debug   Library Member Name

         0          0          0          0          0          0   entry.o
         0          0          0          0          0          0   entry10a.o
         0          0          0          0          0          0   entry11a.o
         4          0          0          0          0          0   entry12b.o
         8          4          0          0          0          0   entry2.o
         4          0          0          0          0          0   entry5.o
         0          0          0          0          0          0   entry7b.o
         0          0          0          0          0          0   entry8b.o
         8          4          0          0          0          0   entry9a.o
        30          0          0          0          0          0   handlers.o
        36          8          0          0          0         68   init.o
         0          0          0          0          0          0   iusefp.o
        30          0          0          0          0         68   llshl.o
        36          0          0          0          0         68   llsshr.o
        32          0          0          0          0         68   llushr.o
        36          0          0          0          0        108   memseta.o
      2236         86          0          0          0        532   printfa.o
        44          0          0          0          0         80   uidiv.o
        98          0          0          0          0         92   uldiv.o
        48          0          0          0          0         68   cdcmple.o
        48          0          0          0          0         68   cdrcmple.o
       334          0          0          0          0        148   dadd.o
       222          0          0          0          0        100   ddiv.o
       186          0          0          0          0        176   depilogue.o
        48          0          0          0          0         68   dfixul.o
        34          0          0          0          0         76   dflti.o
        26          0          0          0          0         76   dfltui.o
       228          0          0          0          0         96   dmul.o

    ----------------------------------------------------------------------
      3780        102          0          0          0       1960   Library Totals
         4          0          0          0          0          0   (incl. Padding)

    ----------------------------------------------------------------------

      Code (inc. data)   RO Data    RW Data    ZI Data      Debug   Library Name

      2602        102          0          0          0       1084   mc_w.l
      1174          0          0          0          0        876   mf_w.l

    ----------------------------------------------------------------------
      3780        102          0          0          0       1960   Library Totals

    ----------------------------------------------------------------------

==============================================================================


      Code (inc. data)   RO Data    RW Data    ZI Data      Debug   

     16724        930       5128         96       1328     790853   Grand Totals
     16724        930       5128         96       1328     790853   ELF Image Totals
     16724        930       5128         96          0          0   ROM Totals

==============================================================================

    Total RO  Size (Code + RO Data)                21852 (  21.34kB)
    Total RW  Size (RW Data + ZI Data)              1424 (   1.39kB)
    Total ROM Size (Code + RO Data + RW Data)      21948 (  21.43kB)

==============================================================================

