Component: ARM Compiler 5.06 update 7 (build 960) Tool: armlink [4d3601]

==============================================================================

Section Cross References

    startup_stm32g431xx.o(STACK) refers (Special) to heapauxi.o(.text) for __use_two_region_memory
    startup_stm32g431xx.o(HEAP) refers (Special) to heapauxi.o(.text) for __use_two_region_memory
    startup_stm32g431xx.o(RESET) refers (Special) to heapauxi.o(.text) for __use_two_region_memory
    startup_stm32g431xx.o(RESET) refers to startup_stm32g431xx.o(STACK) for __initial_sp
    startup_stm32g431xx.o(RESET) refers to startup_stm32g431xx.o(.text) for Reset_Handler
    startup_stm32g431xx.o(RESET) refers to stm32g4xx_it.o(i.NMI_Handler) for NMI_Handler
    startup_stm32g431xx.o(RESET) refers to stm32g4xx_it.o(i.HardFault_Handler) for HardFault_Handler
    startup_stm32g431xx.o(RESET) refers to stm32g4xx_it.o(i.MemManage_Handler) for MemManage_Handler
    startup_stm32g431xx.o(RESET) refers to stm32g4xx_it.o(i.BusFault_Handler) for BusFault_Handler
    startup_stm32g431xx.o(RESET) refers to stm32g4xx_it.o(i.UsageFault_Handler) for UsageFault_Handler
    startup_stm32g431xx.o(RESET) refers to stm32g4xx_it.o(i.SVC_Handler) for SVC_Handler
    startup_stm32g431xx.o(RESET) refers to stm32g4xx_it.o(i.DebugMon_Handler) for DebugMon_Handler
    startup_stm32g431xx.o(RESET) refers to stm32g4xx_it.o(i.PendSV_Handler) for PendSV_Handler
    startup_stm32g431xx.o(RESET) refers to stm32g4xx_it.o(i.SysTick_Handler) for SysTick_Handler
    startup_stm32g431xx.o(RESET) refers to stm32g4xx_it.o(i.TIM3_IRQHandler) for TIM3_IRQHandler
    startup_stm32g431xx.o(.text) refers (Special) to heapauxi.o(.text) for __use_two_region_memory
    startup_stm32g431xx.o(.text) refers to system_stm32g4xx.o(i.SystemInit) for SystemInit
    startup_stm32g431xx.o(.text) refers to __main.o(!!!main) for __main
    startup_stm32g431xx.o(.text) refers to startup_stm32g431xx.o(HEAP) for Heap_Mem
    startup_stm32g431xx.o(.text) refers to startup_stm32g431xx.o(STACK) for Stack_Mem
    i2c_hal.o(i.I2CInit) refers to rt_memclr_w.o(.text) for __aeabi_memclr4
    i2c_hal.o(i.I2CInit) refers to stm32g4xx_hal_gpio.o(i.HAL_GPIO_Init) for HAL_GPIO_Init
    i2c_hal.o(i.I2CReceiveByte) refers to i2c_hal.o(i.SDA_Input_Mode) for SDA_Input_Mode
    i2c_hal.o(i.I2CReceiveByte) refers to i2c_hal.o(i.SCL_Output) for SCL_Output
    i2c_hal.o(i.I2CReceiveByte) refers to i2c_hal.o(i.delay1) for delay1
    i2c_hal.o(i.I2CReceiveByte) refers to i2c_hal.o(i.SDA_Input) for SDA_Input
    i2c_hal.o(i.I2CReceiveByte) refers to i2c_hal.o(i.SDA_Output_Mode) for SDA_Output_Mode
    i2c_hal.o(i.I2CSendAck) refers to i2c_hal.o(i.SDA_Output) for SDA_Output
    i2c_hal.o(i.I2CSendAck) refers to i2c_hal.o(i.delay1) for delay1
    i2c_hal.o(i.I2CSendAck) refers to i2c_hal.o(i.SCL_Output) for SCL_Output
    i2c_hal.o(i.I2CSendByte) refers to i2c_hal.o(i.SCL_Output) for SCL_Output
    i2c_hal.o(i.I2CSendByte) refers to i2c_hal.o(i.delay1) for delay1
    i2c_hal.o(i.I2CSendByte) refers to i2c_hal.o(i.SDA_Output) for SDA_Output
    i2c_hal.o(i.I2CSendNotAck) refers to i2c_hal.o(i.SDA_Output) for SDA_Output
    i2c_hal.o(i.I2CSendNotAck) refers to i2c_hal.o(i.delay1) for delay1
    i2c_hal.o(i.I2CSendNotAck) refers to i2c_hal.o(i.SCL_Output) for SCL_Output
    i2c_hal.o(i.I2CStart) refers to i2c_hal.o(i.SDA_Output) for SDA_Output
    i2c_hal.o(i.I2CStart) refers to i2c_hal.o(i.delay1) for delay1
    i2c_hal.o(i.I2CStart) refers to i2c_hal.o(i.SCL_Output) for SCL_Output
    i2c_hal.o(i.I2CStop) refers to i2c_hal.o(i.SCL_Output) for SCL_Output
    i2c_hal.o(i.I2CStop) refers to i2c_hal.o(i.delay1) for delay1
    i2c_hal.o(i.I2CStop) refers to i2c_hal.o(i.SDA_Output) for SDA_Output
    i2c_hal.o(i.I2CWaitAck) refers to i2c_hal.o(i.SDA_Input_Mode) for SDA_Input_Mode
    i2c_hal.o(i.I2CWaitAck) refers to i2c_hal.o(i.delay1) for delay1
    i2c_hal.o(i.I2CWaitAck) refers to i2c_hal.o(i.SCL_Output) for SCL_Output
    i2c_hal.o(i.I2CWaitAck) refers to i2c_hal.o(i.SDA_Input) for SDA_Input
    i2c_hal.o(i.I2CWaitAck) refers to i2c_hal.o(i.SDA_Output_Mode) for SDA_Output_Mode
    i2c_hal.o(i.I2CWaitAck) refers to i2c_hal.o(i.I2CStop) for I2CStop
    i2c_hal.o(i.SDA_Input) refers to stm32g4xx_hal_gpio.o(i.HAL_GPIO_ReadPin) for HAL_GPIO_ReadPin
    i2c_hal.o(i.SDA_Input_Mode) refers to rt_memclr_w.o(.text) for __aeabi_memclr4
    i2c_hal.o(i.SDA_Input_Mode) refers to stm32g4xx_hal_gpio.o(i.HAL_GPIO_Init) for HAL_GPIO_Init
    i2c_hal.o(i.SDA_Output_Mode) refers to rt_memclr_w.o(.text) for __aeabi_memclr4
    i2c_hal.o(i.SDA_Output_Mode) refers to stm32g4xx_hal_gpio.o(i.HAL_GPIO_Init) for HAL_GPIO_Init
    lcd.o(i.LCD_BusIn) refers to rt_memclr_w.o(.text) for __aeabi_memclr4
    lcd.o(i.LCD_BusIn) refers to stm32g4xx_hal_gpio.o(i.HAL_GPIO_Init) for HAL_GPIO_Init
    lcd.o(i.LCD_BusOut) refers to rt_memclr_w.o(.text) for __aeabi_memclr4
[...]
    ..\Core\Src\system_stm32g4xx.c           0x00000000   Number         0  system_stm32g4xx.o ABSOLUTE
    ..\Core\Src\tim.c                        0x00000000   Number         0  tim.o ABSOLUTE
    ..\Drivers\STM32G4xx_HAL_Driver\Src\stm32g4xx_hal.c 0x00000000   Number         0  stm32g4xx_hal.o ABSOLUTE
    ..\Drivers\STM32G4xx_HAL_Driver\Src\stm32g4xx_hal_adc.c 0x00000000   Number         0  stm32g4xx_hal_adc.o ABSOLUTE
    ..\Drivers\STM32G4xx_HAL_Driver\Src\stm32g4xx_hal_adc_ex.c 0x00000000   Number         0  stm32g4xx_hal_adc_ex.o ABSOLUTE
    ..\Drivers\STM32G4xx_HAL_Driver\Src\stm32g4xx_hal_cortex.c 0x00000000   Number         0  stm32g4xx_hal_cortex.o ABSOLUTE
    ..\Drivers\STM32G4xx_HAL_Driver\Src\stm32g4xx_hal_dma.c 0x00000000   Number         0  stm32g4xx_hal_dma.o ABSOLUTE
    ..\Drivers\STM32G4xx_HAL_Driver\Src\stm32g4xx_hal_dma_ex.c 0x00000000   Number         0  stm32g4xx_hal_dma_ex.o ABSOLUTE
    ..\Drivers\STM32G4xx_HAL_Driver\Src\stm32g4xx_hal_exti.c 0x00000000   Number         0  stm32g4xx_hal_exti.o ABSOLUTE
    ..\Drivers\STM32G4xx_HAL_Driver\Src\stm32g4xx_hal_flash.c 0x00000000   Number         0  stm32g4xx_hal_flash.o ABSOLUTE
    ..\Drivers\STM32G4xx_HAL_Driver\Src\stm32g4xx_hal_flash_ex.c 0x00000000   Number         0  stm32g4xx_hal_flash_ex.o ABSOLUTE
    ..\Drivers\STM32G4xx_HAL_Driver\Src\stm32g4xx_hal_flash_ramfunc.c 0x00000000   Number         0  stm32g4xx_hal_flash_ramfunc.o ABSOLUTE
    ..\Drivers\STM32G4xx_HAL_Driver\Src\stm32g4xx_hal_gpio.c 0x00000000   Number         0  stm32g4xx_hal_gpio.o ABSOLUTE
    ..\Drivers\STM32G4xx_HAL_Driver\Src\stm32g4xx_hal_pwr.c 0x00000000   Number         0  stm32g4xx_hal_pwr.o ABSOLUTE
    ..\Drivers\STM32G4xx_HAL_Driver\Src\stm32g4xx_hal_pwr_ex.c 0x00000000   Number         0  stm32g4xx_hal_pwr_ex.o ABSOLUTE
    ..\Drivers\STM32G4xx_HAL_Driver\Src\stm32g4xx_hal_rcc.c 0x00000000   Number         0  stm32g4xx_hal_rcc.o ABSOLUTE
    ..\Drivers\STM32G4xx_HAL_Driver\Src\stm32g4xx_hal_rcc_ex.c 0x00000000   Number         0  stm32g4xx_hal_rcc_ex.o ABSOLUTE
    ..\Drivers\STM32G4xx_HAL_Driver\Src\stm32g4xx_hal_tim.c 0x00000000   Number         0  stm32g4xx_hal_tim.o ABSOLUTE
    ..\Drivers\STM32G4xx_HAL_Driver\Src\stm32g4xx_hal_tim_ex.c 0x00000000   Number         0  stm32g4xx_hal_tim_ex.o ABSOLUTE
    ..\\Core\\Src\\i2c_hal.c                 0x00000000   Number         0  i2c_hal.o ABSOLUTE
    ..\\Core\\Src\\lcd.c                     0x00000000   Number         0  lcd.o ABSOLUTE
    dc.s                                     0x00000000   Number         0  dc.o ABSOLUTE
    startup_stm32g431xx.s                    0x00000000   Number         0  startup_stm32g431xx.o ABSOLUTE
    RESET                                    0x08000000   Section      472  startup_stm32g431xx.o(RESET)
    !!!main                                  0x080001d8   Section        8  __main.o(!!!main)
    !!!scatter                               0x080001e0   Section       52  __scatter.o(!!!scatter)
    !!handler_copy                           0x08000214   Section       26  __scatter_copy.o(!!handler_copy)
    !!handler_zi                             0x08000230   Section       28  __scatter_zi.o(!!handler_zi)
    .ARM.Collect$$_printf_percent$$00000000  0x0800024c   Section        0  _printf_percent.o(.ARM.Collect$$_printf_percent$$00000000)
    .ARM.Collect$$_printf_percent$$00000003  0x0800024c   Section        6  _printf_f.o(.ARM.Collect$$_printf_percent$$00000003)
    .ARM.Collect$$_printf_percent$$00000017  0x08000252   Section        4  _printf_percent_end.o(.ARM.Collect$$_printf_percent$$00000017)
    .ARM.Collect$$libinit$$00000000          0x08000256   Section        2  libinit.o(.ARM.Collect$$libinit$$00000000)
    .ARM.Collect$$libinit$$00000001          0x08000258   Section        4  libinit2.o(.ARM.Collect$$libinit$$00000001)
    .ARM.Collect$$libinit$$00000004          0x0800025c   Section        0  libinit2.o(.ARM.Collect$$libinit$$00000004)
    .ARM.Collect$$libinit$$0000000A          0x0800025c   Section        0  libinit2.o(.ARM.Collect$$libinit$$0000000A)
    .ARM.Collect$$libinit$$0000000C          0x0800025c   Section        0  libinit2.o(.ARM.Collect$$libinit$$0000000C)
    .ARM.Collect$$libinit$$0000000E          0x0800025c   Section        0  libinit2.o(.ARM.Collect$$libinit$$0000000E)
    .ARM.Collect$$libinit$$0000000F          0x0800025c   Section        6  libinit2.o(.ARM.Collect$$libinit$$0000000F)
    .ARM.Collect$$libinit$$00000011          0x08000262   Section        0  libinit2.o(.ARM.Collect$$libinit$$00000011)
    .ARM.Collect$$libinit$$00000013          0x08000262   Section        0  libinit2.o(.ARM.Collect$$libinit$$00000013)
    .ARM.Collect$$libinit$$00000015          0x08000262   Section        0  libinit2.o(.ARM.Collect$$libinit$$00000015)
    .ARM.Collect$$libinit$$00000016          0x08000262   Section       10  libinit2.o(.ARM.Collect$$libinit$$00000016)
    .ARM.Collect$$libinit$$00000017          0x0800026c   Section        0  libinit2.o(.ARM.Collect$$libinit$$00000017)
    .ARM.Collect$$libinit$$00000019          0x0800026c   Section        0  libinit2.o(.ARM.Collect$$libinit$$00000019)
    .ARM.Collect$$libinit$$0000001B          0x0800026c   Section        0  libinit2.o(.ARM.Collect$$libinit$$0000001B)
    .ARM.Collect$$libinit$$0000001D          0x0800026c   Section        0  libinit2.o(.ARM.Collect$$libinit$$0000001D)
    .ARM.Collect$$libinit$$0000001F          0x0800026c   Section        0  libinit2.o(.ARM.Collect$$libinit$$0000001F)
    .ARM.Collect$$libinit$$00000021          0x0800026c   Section        0  libinit2.o(.ARM.Collect$$libinit$$00000021)
    .ARM.Collect$$libinit$$00000023          0x0800026c   Section        0  libinit2.o(.ARM.Collect$$libinit$$00000023)
    .ARM.Collect$$libinit$$00000025          0x0800026c   Section        0  libinit2.o(.ARM.Collect$$libinit$$00000025)
    .ARM.Collect$$libinit$$0000002C          0x0800026c   Section        0  libinit2.o(.ARM.Collect$$libinit$$0000002C)
    .ARM.Collect$$libinit$$0000002E          0x0800026c   Section        0  libinit2.o(.ARM.Collect$$libinit$$0000002E)
    .ARM.Collect$$libinit$$00000030          0x0800026c   Section        0  libinit2.o(.ARM.Collect$$libinit$$00000030)
    .ARM.Collect$$libinit$$00000032          0x0800026c   Section        0  libinit2.o(.ARM.Collect$$libinit$$00000032)
    .ARM.Collect$$libinit$$00000033          0x0800026c   Section        2  libinit2.o(.ARM.Collect$$libinit$$00000033)
    .ARM.Collect$$libshutdown$$00000000      0x0800026e   Section        2  libshutdown.o(.ARM.Collect$$libshutdown$$00000000)
    .ARM.Collect$$libshutdown$$00000002      0x08000270   Section        0  libshutdown2.o(.ARM.Collect$$libshutdown$$00000002)
    .ARM.Collect$$libshutdown$$00000004      0x08000270   Section        0  libshutdown2.o(.ARM.Collect$$libshutdown$$00000004)
    .ARM.Collect$$libshutdown$$00000006      0x08000270   Section        0  libshutdown2.o(.ARM.Collect$$libshutdown$$00000006)
    .ARM.Collect$$libshutdown$$00000009      0x08000270   Section        0  libshutdown2.o(.ARM.Collect$$libshutdown$$00000009)
    .ARM.Collect$$libshutdown$$0000000C      0x08000270   Section        0  libshutdown2.o(.ARM.Collect$$libshutdown$$0000000C)
    .ARM.Collect$$libshutdown$$0000000E      0x08000270   Section        0  libshutdown2.o(.ARM.Collect$$libshutdown$$0000000E)
    .ARM.Collect$$libshutdown$$00000011      0x08000270   Section        0  libshutdown2.o(.ARM.Collect$$libshutdown$$00000011)
    .ARM.Collect$$libshutdown$$00000012      0x08000270   Section        2  libshutdown2.o(.ARM.Collect$$libshutdown$$00000012)
    .ARM.Collect$$rtentry$$00000000          0x08000272   Section        0  __rtentry.o(.ARM.Collect$$rtentry$$00000000)
    .ARM.Collect$$rtentry$$00000002          0x08000272   Section        0  __rtentry2.o(.ARM.Collect$$rtentry$$00000002)
    .ARM.Collect$$rtentry$$00000004          0x08000272   Section        6  __rtentry4.o(.ARM.Collect$$rtentry$$00000004)
    .ARM.Collect$$rtentry$$00000009          0x08000278   Section        0  __rtentry2.o(.ARM.Collect$$rtentry$$00000009)
    .ARM.Collect$$rtentry$$0000000A          0x08000278   Section        4  __rtentry2.o(.ARM.Collect$$rtentry$$0000000A)
    .ARM.Collect$$rtentry$$0000000C          0x0800027c   Section        0  __rtentry2.o(.ARM.Collect$$rtentry$$0000000C)
    .ARM.Collect$$rtentry$$0000000D          0x0800027c   Section        8  __rtentry2.o(.ARM.Collect$$rtentry$$0000000D)
    .ARM.Collect$$rtexit$$00000000           0x08000284   Section        2  rtexit.o(.ARM.Collect$$rtexit$$00000000)
    .ARM.Collect$$rtexit$$00000002           0x08000286   Section        0  rtexit2.o(.ARM.Collect$$rtexit$$00000002)
    .ARM.Collect$$rtexit$$00000003           0x08000286   Section        4  rtexit2.o(.ARM.Collect$$rtexit$$00000003)
    .ARM.Collect$$rtexit$$00000004           0x0800028a   Section        6  rtexit2.o(.ARM.Collect$$rtexit$$00000004)
    .text                                    0x08000290   Section       64  startup_stm32g431xx.o(.text)
    $v0                                      0x08000290   Number         0  startup_stm32g431xx.o(.text)
    .text                                    0x080002d0   Section        0  noretval__2sprintf.o(.text)
    .text                                    0x080002f8   Section        0  __printf_wp.o(.text)
    .text                                    0x08000406   Section       78  rt_memclr_w.o(.text)
    .text                                    0x08000454   Section        0  heapauxi.o(.text)
    .text                                    0x0800045a   Section        0  _printf_fp_dec.o(.text)
    _fp_digits                               0x0800045d   Thumb Code   432  _printf_fp_dec.o(.text)
    .text                                    0x08000878   Section        0  _printf_char_common.o(.text)
    _printf_input_char                       0x08000879   Thumb Code    10  _printf_char_common.o(.text)
    .text                                    0x080008a8   Section        0  _sputc.o(.text)
    .text                                    0x080008b4   Section        8  rt_locale_intlibspace.o(.text)
    .text                                    0x080008bc   Section      138  lludiv10.o(.text)
    .text                                    0x08000948   Section        0  _printf_fp_infnan.o(.text)
    .text                                    0x080009c8   Section        0  bigflt0.o(.text)
    .text                                    0x08000aac   Section        8  libspace.o(.text)
    .text                                    0x08000ab4   Section       74  sys_stackheap_outer.o(.text)
    .text                                    0x08000afe   Section        0  exit.o(.text)
    .text                                    0x08000b10   Section      128  strcmpv7m.o(.text)
    .text                                    0x08000b90   Section        0  sys_exit.o(.text)
    .text                                    0x08000b9c   Section        2  use_no_semi.o(.text)
    .text                                    0x08000b9e   Section        0  indicate_semi.o(.text)
    CL$$btod_d2e                             0x08000b9e   Section       62  btod.o(CL$$btod_d2e)
    CL$$btod_d2e_denorm_low                  0x08000bdc   Section       70  btod.o(CL$$btod_d2e_denorm_low)
    CL$$btod_d2e_norm_op1                    0x08000c22   Section       96  btod.o(CL$$btod_d2e_norm_op1)
    CL$$btod_div_common                      0x08000c82   Section      824  btod.o(CL$$btod_div_common)
    CL$$btod_e2e                             0x08000fba   Section      220  btod.o(CL$$btod_e2e)
    CL$$btod_ediv                            0x08001096   Section       42  btod.o(CL$$btod_ediv)
    CL$$btod_emul                            0x080010c0   Section       42  btod.o(CL$$btod_emul)
    CL$$btod_mult_common                     0x080010ea   Section      580  btod.o(CL$$btod_mult_common)
    i.ADC_Enable                             0x08001330   Section        0  stm32g4xx_hal_adc.o(i.ADC_Enable)
    i.BusFault_Handler                       0x080013a4   Section        0  stm32g4xx_it.o(i.BusFault_Handler)
    i.DebugMon_Handler                       0x080013a6   Section        0  stm32g4xx_it.o(i.DebugMon_Handler)
    i.Delay_LCD                              0x080013a8   Section        0  lcd.o(i.Delay_LCD)
    i.Error_Handler                          0x080013c4   Section        0  main.o(i.Error_Handler)
    i.HAL_ADC_ConfigChannel                  0x080013c8   Section        0  stm32g4xx_hal_adc.o(i.HAL_ADC_ConfigChannel)
    i.HAL_ADC_GetValue                       0x080017ec   Section        0  stm32g4xx_hal_adc.o(i.HAL_ADC_GetValue)
    i.HAL_ADC_Init                           0x080017f4   Section        0  stm32g4xx_hal_adc.o(i.HAL_ADC_Init)
    i.HAL_ADC_MspInit                        0x080019f0   Section        0  adc.o(i.HAL_ADC_MspInit)
    i.HAL_ADC_Start                          0x08001a50   Section        0  stm32g4xx_hal_adc.o(i.HAL_ADC_Start)
    i.HAL_Delay                              0x08001b44   Section        0  stm32g4xx_hal.o(i.HAL_Delay)
    i.HAL_GPIO_Init                          0x08001b68   Section        0  stm32g4xx_hal_gpio.o(i.HAL_GPIO_Init)
    i.HAL_GPIO_WritePin                      0x08001d30   Section        0  stm32g4xx_hal_gpio.o(i.HAL_GPIO_WritePin)
    i.HAL_GetTick                            0x08001d3c   Section        0  stm32g4xx_hal.o(i.HAL_GetTick)
    i.HAL_IncTick                            0x08001d48   Section        0  stm32g4xx_hal.o(i.HAL_IncTick)
    i.HAL_Init                               0x08001d58   Section        0  stm32g4xx_hal.o(i.HAL_Init)
    i.HAL_InitTick                           0x08001d78   Section        0  stm32g4xx_hal.o(i.HAL_InitTick)
    i.HAL_MspInit                            0x08001dbc   Section        0  stm32g4xx_hal_msp.o(i.HAL_MspInit)
    i.HAL_NVIC_EnableIRQ                     0x08001dec   Section        0  stm32g4xx_hal_cortex.o(i.HAL_NVIC_EnableIRQ)
    i.HAL_NVIC_SetPriority                   0x08001e08   Section        0  stm32g4xx_hal_cortex.o(i.HAL_NVIC_SetPriority)
    i.HAL_NVIC_SetPriorityGrouping           0x08001e48   Section        0  stm32g4xx_hal_cortex.o(i.HAL_NVIC_SetPriorityGrouping)
    i.HAL_PWREx_ControlVoltageScaling        0x08001e6c   Section        0  stm32g4xx_hal_pwr_ex.o(i.HAL_PWREx_ControlVoltageScaling)
    i.HAL_PWREx_DisableUCPDDeadBattery       0x08001f28   Section        0  stm32g4xx_hal_pwr_ex.o(i.HAL_PWREx_DisableUCPDDeadBattery)
    i.HAL_RCCEx_PeriphCLKConfig              0x08001f38   Section        0  stm32g4xx_hal_rcc_ex.o(i.HAL_RCCEx_PeriphCLKConfig)
    i.HAL_RCC_ClockConfig                    0x080021c0   Section        0  stm32g4xx_hal_rcc.o(i.HAL_RCC_ClockConfig)
    i.HAL_RCC_GetSysClockFreq                0x0800239c   Section        0  stm32g4xx_hal_rcc.o(i.HAL_RCC_GetSysClockFreq)
    i.HAL_RCC_OscConfig                      0x0800240c   Section        0  stm32g4xx_hal_rcc.o(i.HAL_RCC_OscConfig)
    i.HAL_SYSTICK_Config                     0x08002818   Section        0  stm32g4xx_hal_cortex.o(i.HAL_SYSTICK_Config)
    i.HAL_TIMEx_Break2Callback               0x08002840   Section        0  stm32g4xx_hal_tim_ex.o(i.HAL_TIMEx_Break2Callback)
    i.HAL_TIMEx_BreakCallback                0x08002842   Section        0  stm32g4xx_hal_tim_ex.o(i.HAL_TIMEx_BreakCallback)
    i.HAL_TIMEx_CommutCallback               0x08002844   Section        0  stm32g4xx_hal_tim_ex.o(i.HAL_TIMEx_CommutCallback)
    i.HAL_TIMEx_ConfigBreakDeadTime          0x08002848   Section        0  stm32g4xx_hal_tim_ex.o(i.HAL_TIMEx_ConfigBreakDeadTime)
    i.HAL_TIMEx_DirectionChangeCallback      0x080028f4   Section        0  stm32g4xx_hal_tim_ex.o(i.HAL_TIMEx_DirectionChangeCallback)
    i.HAL_TIMEx_EncoderIndexCallback         0x080028f6   Section        0  stm32g4xx_hal_tim_ex.o(i.HAL_TIMEx_EncoderIndexCallback)
    i.HAL_TIMEx_IndexErrorCallback           0x080028f8   Section        0  stm32g4xx_hal_tim_ex.o(i.HAL_TIMEx_IndexErrorCallback)
    i.HAL_TIMEx_MasterConfigSynchronization  0x080028fc   Section        0  stm32g4xx_hal_tim_ex.o(i.HAL_TIMEx_MasterConfigSynchronization)
    i.HAL_TIMEx_TransitionErrorCallback      0x08002998   Section        0  stm32g4xx_hal_tim_ex.o(i.HAL_TIMEx_TransitionErrorCallback)
    i.HAL_TIM_Base_Init                      0x0800299a   Section        0  stm32g4xx_hal_tim.o(i.HAL_TIM_Base_Init)
    i.HAL_TIM_Base_MspInit                   0x080029fc   Section        0  tim.o(i.HAL_TIM_Base_MspInit)
    i.HAL_TIM_ConfigClockSource              0x08002a50   Section        0  stm32g4xx_hal_tim.o(i.HAL_TIM_ConfigClockSource)
    i.HAL_TIM_IC_CaptureCallback             0x08002b48   Section        0  stm32g4xx_hal_tim.o(i.HAL_TIM_IC_CaptureCallback)
    i.HAL_TIM_IRQHandler                     0x08002b4a   Section        0  stm32g4xx_hal_tim.o(i.HAL_TIM_IRQHandler)
    i.HAL_TIM_MspPostInit                    0x08002d48   Section        0  tim.o(i.HAL_TIM_MspPostInit)
    i.HAL_TIM_OC_DelayElapsedCallback        0x08002dc0   Section        0  stm32g4xx_hal_tim.o(i.HAL_TIM_OC_DelayElapsedCallback)
    i.HAL_TIM_PWM_ConfigChannel              0x08002dc2   Section        0  stm32g4xx_hal_tim.o(i.HAL_TIM_PWM_ConfigChannel)
    i.HAL_TIM_PWM_Init                       0x08002ee0   Section        0  stm32g4xx_hal_tim.o(i.HAL_TIM_PWM_Init)
    i.HAL_TIM_PWM_MspInit                    0x08002f42   Section        0  stm32g4xx_hal_tim.o(i.HAL_TIM_PWM_MspInit)
    i.HAL_TIM_PWM_PulseFinishedCallback      0x08002f44   Section        0  stm32g4xx_hal_tim.o(i.HAL_TIM_PWM_PulseFinishedCallback)
    i.HAL_TIM_PeriodElapsedCallback          0x08002f46   Section        0  stm32g4xx_hal_tim.o(i.HAL_TIM_PeriodElapsedCallback)
    i.HAL_TIM_TriggerCallback                0x08002f48   Section        0  stm32g4xx_hal_tim.o(i.HAL_TIM_TriggerCallback)
    i.HardFault_Handler                      0x08002f4a   Section        0  stm32g4xx_it.o(i.HardFault_Handler)
    i.LCD_BusIn                              0x08002f4c   Section        0  lcd.o(i.LCD_BusIn)
    i.LCD_BusOut                             0x08002f78   Section        0  lcd.o(i.LCD_BusOut)
    i.LCD_Clear                              0x08002fa8   Section        0  lcd.o(i.LCD_Clear)
    i.LCD_CtrlLinesConfig                    0x08002fcc   Section        0  lcd.o(i.LCD_CtrlLinesConfig)
    i.LCD_DisplayChar                        0x0800305c   Section        0  lcd.o(i.LCD_DisplayChar)
    i.LCD_DisplayStringLine                  0x08003074   Section        0  lcd.o(i.LCD_DisplayStringLine)
    i.LCD_DrawChar                           0x080030a0   Section        0  lcd.o(i.LCD_DrawChar)
    i.LCD_Init                               0x080030f8   Section        0  lcd.o(i.LCD_Init)
    i.LCD_ReadReg                            0x0800312c   Section        0  lcd.o(i.LCD_ReadReg)
    i.LCD_SetBackColor                       0x080031ac   Section        0  lcd.o(i.LCD_SetBackColor)
    i.LCD_SetCursor                          0x080031bc   Section        0  lcd.o(i.LCD_SetCursor)
    i.LCD_SetTextColor                       0x080031d4   Section        0  lcd.o(i.LCD_SetTextColor)
    i.LCD_WriteRAM                           0x080031e4   Section        0  lcd.o(i.LCD_WriteRAM)
    i.LCD_WriteRAM_Prepare                   0x0800323c   Section        0  lcd.o(i.LCD_WriteRAM_Prepare)
    i.LCD_WriteReg                           0x08003298   Section        0  lcd.o(i.LCD_WriteReg)
    i.LL_ADC_GetOffsetChannel                0x08003304   Section        0  stm32g4xx_hal_adc.o(i.LL_ADC_GetOffsetChannel)
    LL_ADC_GetOffsetChannel                  0x08003305   Thumb Code    12  stm32g4xx_hal_adc.o(i.LL_ADC_GetOffsetChannel)
    i.LL_ADC_INJ_IsConversionOngoing         0x08003310   Section        0  stm32g4xx_hal_adc.o(i.LL_ADC_INJ_IsConversionOngoing)
    LL_ADC_INJ_IsConversionOngoing           0x08003311   Thumb Code     8  stm32g4xx_hal_adc.o(i.LL_ADC_INJ_IsConversionOngoing)
    i.LL_ADC_REG_IsConversionOngoing         0x08003318   Section        0  stm32g4xx_hal_adc.o(i.LL_ADC_REG_IsConversionOngoing)
    LL_ADC_REG_IsConversionOngoing           0x08003319   Thumb Code     8  stm32g4xx_hal_adc.o(i.LL_ADC_REG_IsConversionOngoing)
    i.LL_ADC_SetChannelSamplingTime          0x08003320   Section        0  stm32g4xx_hal_adc.o(i.LL_ADC_SetChannelSamplingTime)
    LL_ADC_SetChannelSamplingTime            0x08003321   Thumb Code    30  stm32g4xx_hal_adc.o(i.LL_ADC_SetChannelSamplingTime)
    i.LL_ADC_SetOffsetState                  0x0800333e   Section        0  stm32g4xx_hal_adc.o(i.LL_ADC_SetOffsetState)
    LL_ADC_SetOffsetState                    0x0800333f   Thumb Code    16  stm32g4xx_hal_adc.o(i.LL_ADC_SetOffsetState)
    i.MX_ADC2_Init                           0x08003350   Section        0  adc.o(i.MX_ADC2_Init)
    i.MX_GPIO_Init                           0x080033cc   Section        0  gpio.o(i.MX_GPIO_Init)
    i.MX_TIM17_Init                          0x080034a0   Section        0  tim.o(i.MX_TIM17_Init)
    i.MX_TIM3_Init                           0x0800353c   Section        0  tim.o(i.MX_TIM3_Init)
    i.MemManage_Handler                      0x080035dc   Section        0  stm32g4xx_it.o(i.MemManage_Handler)
    i.NMI_Handler                            0x080035de   Section        0  stm32g4xx_it.o(i.NMI_Handler)
    i.PendSV_Handler                         0x080035e0   Section        0  stm32g4xx_it.o(i.PendSV_Handler)
    i.REG_8230_Init                          0x080035e2   Section        0  lcd.o(i.REG_8230_Init)
    i.REG_932X_Init                          0x080036f4   Section        0  lcd.o(i.REG_932X_Init)
    i.SVC_Handler                            0x080038f6   Section        0  stm32g4xx_it.o(i.SVC_Handler)
    i.SysTick_Handler                        0x080038f8   Section        0  stm32g4xx_it.o(i.SysTick_Handler)
    i.SystemClock_Config                     0x080038fc   Section        0  main.o(i.SystemClock_Config)
    i.SystemInit                             0x08003984   Section        0  system_stm32g4xx.o(i.SystemInit)
    i.TIM3_IRQHandler                        0x08003994   Section        0  stm32g4xx_it.o(i.TIM3_IRQHandler)
    i.TIM_Base_SetConfig                     0x080039a0   Section        0  stm32g4xx_hal_tim.o(i.TIM_Base_SetConfig)
    i.TIM_ETR_SetConfig                      0x08003a50   Section        0  stm32g4xx_hal_tim.o(i.TIM_ETR_SetConfig)
    i.TIM_ITRx_SetConfig                     0x08003a64   Section        0  stm32g4xx_hal_tim.o(i.TIM_ITRx_SetConfig)
    TIM_ITRx_SetConfig                       0x08003a65   Thumb Code    16  stm32g4xx_hal_tim.o(i.TIM_ITRx_SetConfig)
    i.TIM_OC1_SetConfig                      0x08003a78   Section        0  stm32g4xx_hal_tim.o(i.TIM_OC1_SetConfig)
    TIM_OC1_SetConfig                        0x08003a79   Thumb Code   132  stm32g4xx_hal_tim.o(i.TIM_OC1_SetConfig)
    i.TIM_OC2_SetConfig                      0x08003b14   Section        0  stm32g4xx_hal_tim.o(i.TIM_OC2_SetConfig)
    i.TIM_OC3_SetConfig                      0x08003ba4   Section        0  stm32g4xx_hal_tim.o(i.TIM_OC3_SetConfig)
    TIM_OC3_SetConfig                        0x08003ba5   Thumb Code   118  stm32g4xx_hal_tim.o(i.TIM_OC3_SetConfig)
    i.TIM_OC4_SetConfig                      0x08003c34   Section        0  stm32g4xx_hal_tim.o(i.TIM_OC4_SetConfig)
    TIM_OC4_SetConfig                        0x08003c35   Thumb Code   120  stm32g4xx_hal_tim.o(i.TIM_OC4_SetConfig)
    i.TIM_OC5_SetConfig                      0x08003cc4   Section        0  stm32g4xx_hal_tim.o(i.TIM_OC5_SetConfig)
    TIM_OC5_SetConfig                        0x08003cc5   Thumb Code    86  stm32g4xx_hal_tim.o(i.TIM_OC5_SetConfig)
    i.TIM_OC6_SetConfig                      0x08003d34   Section        0  stm32g4xx_hal_tim.o(i.TIM_OC6_SetConfig)
    TIM_OC6_SetConfig                        0x08003d35   Thumb Code    88  stm32g4xx_hal_tim.o(i.TIM_OC6_SetConfig)
    i.TIM_TI1_ConfigInputStage               0x08003da4   Section        0  stm32g4xx_hal_tim.o(i.TIM_TI1_ConfigInputStage)
    TIM_TI1_ConfigInputStage                 0x08003da5   Thumb Code    34  stm32g4xx_hal_tim.o(i.TIM_TI1_ConfigInputStage)
    i.TIM_TI2_ConfigInputStage               0x08003dc6   Section        0  stm32g4xx_hal_tim.o(i.TIM_TI2_ConfigInputStage)
    TIM_TI2_ConfigInputStage                 0x08003dc7   Thumb Code    36  stm32g4xx_hal_tim.o(i.TIM_TI2_ConfigInputStage)
    i.UsageFault_Handler                     0x08003dea   Section        0  stm32g4xx_it.o(i.UsageFault_Handler)
    i.__ARM_fpclassify                       0x08003dec   Section        0  fpclassify.o(i.__ARM_fpclassify)
    i.__NVIC_SetPriority                     0x08003e1c   Section        0  stm32g4xx_hal_cortex.o(i.__NVIC_SetPriority)
    __NVIC_SetPriority                       0x08003e1d   Thumb Code    32  stm32g4xx_hal_cortex.o(i.__NVIC_SetPriority)
    i._is_digit                              0x08003e3c   Section        0  __printf_wp.o(i._is_digit)
    i.led_dis                                0x08003e4c   Section        0  main.o(i.led_dis)
    i.main                                   0x08003ea0   Section        0  main.o(i.main)
    i.work_Proc                              0x08003f10   Section        0  main.o(i.work_Proc)
    locale$$code                             0x08003f54   Section       44  lc_numeric_c.o(locale$$code)
    x$fpl$dretinf                            0x08003f80   Section       12  dretinf.o(x$fpl$dretinf)
    $v0                                      0x08003f80   Number         0  dretinf.o(x$fpl$dretinf)
    x$fpl$f2d                                0x08003f8c   Section       86  f2d.o(x$fpl$f2d)
    $v0                                      0x08003f8c   Number         0  f2d.o(x$fpl$f2d)
    x$fpl$fnaninf                            0x08003fe2   Section      140  fnaninf.o(x$fpl$fnaninf)
    $v0                                      0x08003fe2   Number         0  fnaninf.o(x$fpl$fnaninf)
    x$fpl$fpinit                             0x0800406e   Section       10  fpinit.o(x$fpl$fpinit)
    $v0                                      0x0800406e   Number         0  fpinit.o(x$fpl$fpinit)
    x$fpl$printf1                            0x08004078   Section        4  printf1.o(x$fpl$printf1)
    $v0                                      0x08004078   Number         0  printf1.o(x$fpl$printf1)
    .constdata                               0x0800407c   Section     4560  lcd.o(.constdata)
    x$fpl$usenofp                            0x0800407c   Section        0  usenofp.o(x$fpl$usenofp)
    .constdata                               0x0800524c   Section       16  system_stm32g4xx.o(.constdata)
    .constdata                               0x0800525c   Section      148  bigflt0.o(.constdata)
    tenpwrs_x                                0x0800525c   Data          60  bigflt0.o(.constdata)
    tenpwrs_i                                0x08005298   Data          64  bigflt0.o(.constdata)
    locale$$data                             0x08005310   Section       28  lc_numeric_c.o(locale$$data)
    __lcnum_c_name                           0x08005314   Data           2  lc_numeric_c.o(locale$$data)
    __lcnum_c_start                          0x0800531c   Data           0  lc_numeric_c.o(locale$$data)
    __lcnum_c_point                          0x08005328   Data           0  lc_numeric_c.o(locale$$data)
    __lcnum_c_thousands                      0x0800532a   Data           0  lc_numeric_c.o(locale$$data)
    __lcnum_c_grouping                       0x0800532b   Data           0  lc_numeric_c.o(locale$$data)
    __lcnum_c_end                            0x0800532c   Data           0  lc_numeric_c.o(locale$$data)
    .data                                    0x20000000   Section        6  lcd.o(.data)
    TextColor                                0x20000000   Data           2  lcd.o(.data)
    BackColor                                0x20000002   Data           2  lcd.o(.data)
    .data                                    0x20000008   Section       20  main.o(.data)
    .data                                    0x2000001c   Section       12  stm32g4xx_hal.o(.data)
    .data                                    0x20000028   Section        4  system_stm32g4xx.o(.data)
    .bss                                     0x2000002c   Section       30  main.o(.bss)
    .bss                                     0x2000004c   Section      108  adc.o(.bss)
    .bss                                     0x200000b8   Section      152  tim.o(.bss)
    .bss                                     0x20000150   Section       96  libspace.o(.bss)
    HEAP                                     0x200001b0   Section      512  startup_stm32g431xx.o(HEAP)
    Heap_Mem                                 0x200001b0   Data         512  startup_stm32g431xx.o(HEAP)
    STACK                                    0x200003b0   Section     1024  startup_stm32g431xx.o(STACK)
    Stack_Mem                                0x200003b0   Data        1024  startup_stm32g431xx.o(STACK)
    __initial_sp                             0x200007b0   Data           0  startup_stm32g431xx.o(STACK)

    Global Symbols

    Symbol Name                              Value     Ov Type        Size  Object(Section)

    BuildAttributes$$THM_ISAv4$E$P$D$K$B$S$7EM$VFPi3$EXTD16$VFPS$VFMA$PE$A:L22UL41UL21$X:L11$S22US41US21$IEEE1$IW$USESV6$~STKCKD$USESV7$~SHL$OTIME$ROPI$IEEEJ$EBA8$UX$STANDARDLIB$REQ8$PRES8$EABIv2 0x00000000   Number         0  anon$$obj.o ABSOLUTE
    __ARM_use_no_argv                        0x00000000   Number         0  main.o ABSOLUTE
    _printf_flags                            0x00000000   Number         0  printf_stubs.o ABSOLUTE
    _printf_return_value                     0x00000000   Number         0  printf_stubs.o ABSOLUTE
    _printf_sizespec                         0x00000000   Number         0  printf_stubs.o ABSOLUTE
    _printf_widthprec                        0x00000000   Number         0  printf_stubs.o ABSOLUTE
    __ARM_exceptions_init                     - Undefined Weak Reference
    __alloca_initialize                       - Undefined Weak Reference
    __arm_fini_                               - Undefined Weak Reference
    __arm_preinit_                            - Undefined Weak Reference
    __cpp_initialize__aeabi_                  - Undefined Weak Reference
    __cxa_finalize                            - Undefined Weak Reference
    __sigvec_lookup                           - Undefined Weak Reference
    _atexit_init                              - Undefined Weak Reference
    _call_atexit_fns                          - Undefined Weak Reference
    _clock_init                               - Undefined Weak Reference
    _fp_trap_init                             - Undefined Weak Reference
    _fp_trap_shutdown                         - Undefined Weak Reference
    _get_lc_collate                           - Undefined Weak Reference
    _get_lc_ctype                             - Undefined Weak Reference
    _get_lc_monetary                          - Undefined Weak Reference
    _get_lc_time                              - Undefined Weak Reference
    _getenv_init                              - Undefined Weak Reference
    _handle_redirection                       - Undefined Weak Reference
    _init_alloc                               - Undefined Weak Reference
    _init_user_alloc                          - Undefined Weak Reference
    _initio                                   - Undefined Weak Reference
    _printf_post_padding                      - Undefined Weak Reference
    _printf_pre_padding                       - Undefined Weak Reference
    _printf_truncate_signed                   - Undefined Weak Reference
    _printf_truncate_unsigned                 - Undefined Weak Reference
    _rand_init                                - Undefined Weak Reference
    _signal_finish                            - Undefined Weak Reference
    _signal_init                              - Undefined Weak Reference
    _terminate_alloc                          - Undefined Weak Reference
    _terminate_user_alloc                     - Undefined Weak Reference
    _terminateio                              - Undefined Weak Reference
    __Vectors_Size                           0x000001d8   Number         0  startup_stm32g431xx.o ABSOLUTE
    __Vectors                                0x08000000   Data           4  startup_stm32g431xx.o(RESET)
    __Vectors_End                            0x080001d8   Data           0  startup_stm32g431xx.o(RESET)
    __main                                   0x080001d9   Thumb Code     8  __main.o(!!!main)
    __scatterload                            0x080001e1   Thumb Code     0  __scatter.o(!!!scatter)
    __scatterload_rt2                        0x080001e1   Thumb Code    44  __scatter.o(!!!scatter)
    __scatterload_rt2_thumb_only             0x080001e1   Thumb Code     0  __scatter.o(!!!scatter)
    __scatterload_null                       0x080001ef   Thumb Code     0  __scatter.o(!!!scatter)
    __scatterload_copy                       0x08000215   Thumb Code    26  __scatter_copy.o(!!handler_copy)
    __scatterload_zeroinit                   0x08000231   Thumb Code    28  __scatter_zi.o(!!handler_zi)
    _printf_f                                0x0800024d   Thumb Code     0  _printf_f.o(.ARM.Collect$$_printf_percent$$00000003)
    _printf_percent                          0x0800024d   Thumb Code     0  _printf_percent.o(.ARM.Collect$$_printf_percent$$00000000)
    _printf_percent_end                      0x08000253   Thumb Code     0  _printf_percent_end.o(.ARM.Collect$$_printf_percent$$00000017)
    __rt_lib_init                            0x08000257   Thumb Code     0  libinit.o(.ARM.Collect$$libinit$$00000000)
    __rt_lib_init_fp_1                       0x08000259   Thumb Code     0  libinit2.o(.ARM.Collect$$libinit$$00000001)
    __rt_lib_init_heap_1                     0x0800025d   Thumb Code     0  libinit2.o(.ARM.Collect$$libinit$$0000000A)
    __rt_lib_init_lc_common                  0x0800025d   Thumb Code     0  libinit2.o(.ARM.Collect$$libinit$$0000000F)
    __rt_lib_init_preinit_1                  0x0800025d   Thumb Code     0  libinit2.o(.ARM.Collect$$libinit$$00000004)
    __rt_lib_init_rand_1                     0x0800025d   Thumb Code     0  libinit2.o(.ARM.Collect$$libinit$$0000000E)
    __rt_lib_init_user_alloc_1               0x0800025d   Thumb Code     0  libinit2.o(.ARM.Collect$$libinit$$0000000C)
    __rt_lib_init_lc_collate_1               0x08000263   Thumb Code     0  libinit2.o(.ARM.Collect$$libinit$$00000011)
    __rt_lib_init_lc_ctype_1                 0x08000263   Thumb Code     0  libinit2.o(.ARM.Collect$$libinit$$00000013)
    __rt_lib_init_lc_monetary_1              0x08000263   Thumb Code     0  libinit2.o(.ARM.Collect$$libinit$$00000015)
    __rt_lib_init_lc_numeric_2               0x08000263   Thumb Code     0  libinit2.o(.ARM.Collect$$libinit$$00000016)
    __rt_lib_init_alloca_1                   0x0800026d   Thumb Code     0  libinit2.o(.ARM.Collect$$libinit$$0000002E)
    __rt_lib_init_argv_1                     0x0800026d   Thumb Code     0  libinit2.o(.ARM.Collect$$libinit$$0000002C)
    __rt_lib_init_atexit_1                   0x0800026d   Thumb Code     0  libinit2.o(.ARM.Collect$$libinit$$0000001B)
    __rt_lib_init_clock_1                    0x0800026d   Thumb Code     0  libinit2.o(.ARM.Collect$$libinit$$00000021)
    __rt_lib_init_cpp_1                      0x0800026d   Thumb Code     0  libinit2.o(.ARM.Collect$$libinit$$00000032)
    __rt_lib_init_exceptions_1               0x0800026d   Thumb Code     0  libinit2.o(.ARM.Collect$$libinit$$00000030)
    __rt_lib_init_fp_trap_1                  0x0800026d   Thumb Code     0  libinit2.o(.ARM.Collect$$libinit$$0000001F)
    __rt_lib_init_getenv_1                   0x0800026d   Thumb Code     0  libinit2.o(.ARM.Collect$$libinit$$00000023)
    __rt_lib_init_lc_numeric_1               0x0800026d   Thumb Code     0  libinit2.o(.ARM.Collect$$libinit$$00000017)
    __rt_lib_init_lc_time_1                  0x0800026d   Thumb Code     0  libinit2.o(.ARM.Collect$$libinit$$00000019)
    __rt_lib_init_return                     0x0800026d   Thumb Code     0  libinit2.o(.ARM.Collect$$libinit$$00000033)
    __rt_lib_init_signal_1                   0x0800026d   Thumb Code     0  libinit2.o(.ARM.Collect$$libinit$$0000001D)
    __rt_lib_init_stdio_1                    0x0800026d   Thumb Code     0  libinit2.o(.ARM.Collect$$libinit$$00000025)
    __rt_lib_shutdown                        0x0800026f   Thumb Code     0  libshutdown.o(.ARM.Collect$$libshutdown$$00000000)
    __rt_lib_shutdown_cpp_1                  0x08000271   Thumb Code     0  libshutdown2.o(.ARM.Collect$$libshutdown$$00000004)
    __rt_lib_shutdown_fini_1                 0x08000271   Thumb Code     0  libshutdown2.o(.ARM.Collect$$libshutdown$$00000002)
    __rt_lib_shutdown_fp_trap_1              0x08000271   Thumb Code     0  libshutdown2.o(.ARM.Collect$$libshutdown$$00000009)
    __rt_lib_shutdown_heap_1                 0x08000271   Thumb Code     0  libshutdown2.o(.ARM.Collect$$libshutdown$$00000011)
    __rt_lib_shutdown_return                 0x08000271   Thumb Code     0  libshutdown2.o(.ARM.Collect$$libshutdown$$00000012)
    __rt_lib_shutdown_signal_1               0x08000271   Thumb Code     0  libshutdown2.o(.ARM.Collect$$libshutdown$$0000000C)
    __rt_lib_shutdown_stdio_1                0x08000271   Thumb Code     0  libshutdown2.o(.ARM.Collect$$libshutdown$$00000006)
    __rt_lib_shutdown_user_alloc_1           0x08000271   Thumb Code     0  libshutdown2.o(.ARM.Collect$$libshutdown$$0000000E)
    __rt_entry                               0x08000273   Thumb Code     0  __rtentry.o(.ARM.Collect$$rtentry$$00000000)
    __rt_entry_presh_1                       0x08000273   Thumb Code     0  __rtentry2.o(.ARM.Collect$$rtentry$$00000002)
    __rt_entry_sh                            0x08000273   Thumb Code     0  __rtentry4.o(.ARM.Collect$$rtentry$$00000004)
    __rt_entry_li                            0x08000279   Thumb Code     0  __rtentry2.o(.ARM.Collect$$rtentry$$0000000A)
    __rt_entry_postsh_1                      0x08000279   Thumb Code     0  __rtentry2.o(.ARM.Collect$$rtentry$$00000009)
    __rt_entry_main                          0x0800027d   Thumb Code     0  __rtentry2.o(.ARM.Collect$$rtentry$$0000000D)
    __rt_entry_postli_1                      0x0800027d   Thumb Code     0  __rtentry2.o(.ARM.Collect$$rtentry$$0000000C)
    __rt_exit                                0x08000285   Thumb Code     0  rtexit.o(.ARM.Collect$$rtexit$$00000000)
    __rt_exit_ls                             0x08000287   Thumb Code     0  rtexit2.o(.ARM.Collect$$rtexit$$00000003)
    __rt_exit_prels_1                        0x08000287   Thumb Code     0  rtexit2.o(.ARM.Collect$$rtexit$$00000002)
    __rt_exit_exit                           0x0800028b   Thumb Code     0  rtexit2.o(.ARM.Collect$$rtexit$$00000004)
    Reset_Handler                            0x08000291   Thumb Code     8  startup_stm32g431xx.o(.text)
    ADC1_2_IRQHandler                        0x080002ab   Thumb Code     0  startup_stm32g431xx.o(.text)
    COMP1_2_3_IRQHandler                     0x080002ab   Thumb Code     0  startup_stm32g431xx.o(.text)
    COMP4_IRQHandler                         0x080002ab   Thumb Code     0  startup_stm32g431xx.o(.text)
    CORDIC_IRQHandler                        0x080002ab   Thumb Code     0  startup_stm32g431xx.o(.text)
    CRS_IRQHandler                           0x080002ab   Thumb Code     0  startup_stm32g431xx.o(.text)
    DMA1_Channel1_IRQHandler                 0x080002ab   Thumb Code     0  startup_stm32g431xx.o(.text)
    DMA1_Channel2_IRQHandler                 0x080002ab   Thumb Code     0  startup_stm32g431xx.o(.text)
    DMA1_Channel3_IRQHandler                 0x080002ab   Thumb Code     0  startup_stm32g431xx.o(.text)
    DMA1_Channel4_IRQHandler                 0x080002ab   Thumb Code     0  startup_stm32g431xx.o(.text)
    DMA1_Channel5_IRQHandler                 0x080002ab   Thumb Code     0  startup_stm32g431xx.o(.text)
    DMA1_Channel6_IRQHandler                 0x080002ab   Thumb Code     0  startup_stm32g431xx.o(.text)
    DMA2_Channel1_IRQHandler                 0x080002ab   Thumb Code     0  startup_stm32g431xx.o(.text)
    DMA2_Channel2_IRQHandler                 0x080002ab   Thumb Code     0  startup_stm32g431xx.o(.text)
    DMA2_Channel3_IRQHandler                 0x080002ab   Thumb Code     0  startup_stm32g431xx.o(.text)
    DMA2_Channel4_IRQHandler                 0x080002ab   Thumb Code     0  startup_stm32g431xx.o(.text)
    DMA2_Channel5_IRQHandler                 0x080002ab   Thumb Code     0  startup_stm32g431xx.o(.text)
    DMA2_Channel6_IRQHandler                 0x080002ab   Thumb Code     0  startup_stm32g431xx.o(.text)
    DMAMUX_OVR_IRQHandler                    0x080002ab   Thumb Code     0  startup_stm32g431xx.o(.text)
    EXTI0_IRQHandler                         0x080002ab   Thumb Code     0  startup_stm32g431xx.o(.text)
    EXTI15_10_IRQHandler                     0x080002ab   Thumb Code     0  startup_stm32g431xx.o(.text)
    EXTI1_IRQHandler                         0x080002ab   Thumb Code     0  startup_stm32g431xx.o(.text)
    EXTI2_IRQHandler                         0x080002ab   Thumb Code     0  startup_stm32g431xx.o(.text)
    EXTI3_IRQHandler                         0x080002ab   Thumb Code     0  startup_stm32g431xx.o(.text)
    EXTI4_IRQHandler                         0x080002ab   Thumb Code     0  startup_stm32g431xx.o(.text)
    EXTI9_5_IRQHandler                       0x080002ab   Thumb Code     0  startup_stm32g431xx.o(.text)
    FDCAN1_IT0_IRQHandler                    0x080002ab   Thumb Code     0  startup_stm32g431xx.o(.text)
    FDCAN1_IT1_IRQHandler                    0x080002ab   Thumb Code     0  startup_stm32g431xx.o(.text)
    FLASH_IRQHandler                         0x080002ab   Thumb Code     0  startup_stm32g431xx.o(.text)
    FMAC_IRQHandler                          0x080002ab   Thumb Code     0  startup_stm32g431xx.o(.text)
    FPU_IRQHandler                           0x080002ab   Thumb Code     0  startup_stm32g431xx.o(.text)
    I2C1_ER_IRQHandler                       0x080002ab   Thumb Code     0  startup_stm32g431xx.o(.text)
    I2C1_EV_IRQHandler                       0x080002ab   Thumb Code     0  startup_stm32g431xx.o(.text)
    I2C2_ER_IRQHandler                       0x080002ab   Thumb Code     0  startup_stm32g431xx.o(.text)
    I2C2_EV_IRQHandler                       0x080002ab   Thumb Code     0  startup_stm32g431xx.o(.text)
    I2C3_ER_IRQHandler                       0x080002ab   Thumb Code     0  startup_stm32g431xx.o(.text)
    I2C3_EV_IRQHandler                       0x080002ab   Thumb Code     0  startup_stm32g431xx.o(.text)
    LPTIM1_IRQHandler                        0x080002ab   Thumb Code     0  startup_stm32g431xx.o(.text)
    LPUART1_IRQHandler                       0x080002ab   Thumb Code     0  startup_stm32g431xx.o(.text)
    PVD_PVM_IRQHandler                       0x080002ab   Thumb Code     0  startup_stm32g431xx.o(.text)
    RCC_IRQHandler                           0x080002ab   Thumb Code     0  startup_stm32g431xx.o(.text)
    RNG_IRQHandler                           0x080002ab   Thumb Code     0  startup_stm32g431xx.o(.text)
    RTC_Alarm_IRQHandler                     0x080002ab   Thumb Code     0  startup_stm32g431xx.o(.text)
    RTC_TAMP_LSECSS_IRQHandler               0x080002ab   Thumb Code     0  startup_stm32g431xx.o(.text)
    RTC_WKUP_IRQHandler                      0x080002ab   Thumb Code     0  startup_stm32g431xx.o(.text)
    SAI1_IRQHandler                          0x080002ab   Thumb Code     0  startup_stm32g431xx.o(.text)
    SPI1_IRQHandler                          0x080002ab   Thumb Code     0  startup_stm32g431xx.o(.text)
    SPI2_IRQHandler                          0x080002ab   Thumb Code     0  startup_stm32g431xx.o(.text)
    SPI3_IRQHandler                          0x080002ab   Thumb Code     0  startup_stm32g431xx.o(.text)
    TIM1_BRK_TIM15_IRQHandler                0x080002ab   Thumb Code     0  startup_stm32g431xx.o(.text)
    TIM1_CC_IRQHandler                       0x080002ab   Thumb Code     0  startup_stm32g431xx.o(.text)
    TIM1_TRG_COM_TIM17_IRQHandler            0x080002ab   Thumb Code     0  startup_stm32g431xx.o(.text)
    TIM1_UP_TIM16_IRQHandler                 0x080002ab   Thumb Code     0  startup_stm32g431xx.o(.text)
    TIM2_IRQHandler                          0x080002ab   Thumb Code     0  startup_stm32g431xx.o(.text)
    TIM4_IRQHandler                          0x080002ab   Thumb Code     0  startup_stm32g431xx.o(.text)
    TIM6_DAC_IRQHandler                      0x080002ab   Thumb Code     0  startup_stm32g431xx.o(.text)
    TIM7_IRQHandler                          0x080002ab   Thumb Code     0  startup_stm32g431xx.o(.text)
    TIM8_BRK_IRQHandler                      0x080002ab   Thumb Code     0  startup_stm32g431xx.o(.text)
    TIM8_CC_IRQHandler                       0x080002ab   Thumb Code     0  startup_stm32g431xx.o(.text)
    TIM8_TRG_COM_IRQHandler                  0x080002ab   Thumb Code     0  startup_stm32g431xx.o(.text)
    TIM8_UP_IRQHandler                       0x080002ab   Thumb Code     0  startup_stm32g431xx.o(.text)
    UART4_IRQHandler                         0x080002ab   Thumb Code     0  startup_stm32g431xx.o(.text)
    UCPD1_IRQHandler                         0x080002ab   Thumb Code     0  startup_stm32g431xx.o(.text)
    USART1_IRQHandler                        0x080002ab   Thumb Code     0  startup_stm32g431xx.o(.text)
    USART2_IRQHandler                        0x080002ab   Thumb Code     0  startup_stm32g431xx.o(.text)
    USART3_IRQHandler                        0x080002ab   Thumb Code     0  startup_stm32g431xx.o(.text)
    USBWakeUp_IRQHandler                     0x080002ab   Thumb Code     0  startup_stm32g431xx.o(.text)
    USB_HP_IRQHandler                        0x080002ab   Thumb Code     0  startup_stm32g431xx.o(.text)
    USB_LP_IRQHandler                        0x080002ab   Thumb Code     0  startup_stm32g431xx.o(.text)
    WWDG_IRQHandler                          0x080002ab   Thumb Code     0  startup_stm32g431xx.o(.text)
    __user_initial_stackheap                 0x080002ad   Thumb Code     0  startup_stm32g431xx.o(.text)
    __2sprintf                               0x080002d1   Thumb Code    34  noretval__2sprintf.o(.text)
    __printf                                 0x080002f9   Thumb Code   270  __printf_wp.o(.text)
    __aeabi_memclr4                          0x08000407   Thumb Code     0  rt_memclr_w.o(.text)
    __aeabi_memclr8                          0x08000407   Thumb Code     0  rt_memclr_w.o(.text)
    __rt_memclr_w                            0x08000407   Thumb Code    78  rt_memclr_w.o(.text)
    _memset_w                                0x0800040b   Thumb Code     0  rt_memclr_w.o(.text)
    __use_two_region_memory                  0x08000455   Thumb Code     2  heapauxi.o(.text)
    __rt_heap_escrow$2region                 0x08000457   Thumb Code     2  heapauxi.o(.text)
    __rt_heap_expand$2region                 0x08000459   Thumb Code     2  heapauxi.o(.text)
    __lib_sel_fp_printf                      0x0800045b   Thumb Code     2  _printf_fp_dec.o(.text)
    _printf_fp_dec_real                      0x0800060d   Thumb Code   620  _printf_fp_dec.o(.text)
    _printf_char_common                      0x08000883   Thumb Code    32  _printf_char_common.o(.text)
    _sputc                                   0x080008a9   Thumb Code    10  _sputc.o(.text)
    __rt_locale                              0x080008b5   Thumb Code     8  rt_locale_intlibspace.o(.text)
    _ll_udiv10                               0x080008bd   Thumb Code   138  lludiv10.o(.text)
    _printf_fp_infnan                        0x08000949   Thumb Code   112  _printf_fp_infnan.o(.text)
    _btod_etento                             0x080009c9   Thumb Code   224  bigflt0.o(.text)
    __user_libspace                          0x08000aad   Thumb Code     8  libspace.o(.text)
    __user_perproc_libspace                  0x08000aad   Thumb Code     0  libspace.o(.text)
    __user_perthread_libspace                0x08000aad   Thumb Code     0  libspace.o(.text)
    __user_setup_stackheap                   0x08000ab5   Thumb Code    74  sys_stackheap_outer.o(.text)
    exit                                     0x08000aff   Thumb Code    18  exit.o(.text)
    strcmp                                   0x08000b11   Thumb Code   128  strcmpv7m.o(.text)
    _sys_exit                                0x08000b91   Thumb Code     8  sys_exit.o(.text)
    __I$use$semihosting                      0x08000b9d   Thumb Code     0  use_no_semi.o(.text)
    __use_no_semihosting_swi                 0x08000b9d   Thumb Code     2  use_no_semi.o(.text)
    __semihosting_library_function           0x08000b9f   Thumb Code     0  indicate_semi.o(.text)
    _btod_d2e                                0x08000b9f   Thumb Code    62  btod.o(CL$$btod_d2e)
    _d2e_denorm_low                          0x08000bdd   Thumb Code    70  btod.o(CL$$btod_d2e_denorm_low)
    _d2e_norm_op1                            0x08000c23   Thumb Code    96  btod.o(CL$$btod_d2e_norm_op1)
    __btod_div_common                        0x08000c83   Thumb Code   696  btod.o(CL$$btod_div_common)
    _e2e                                     0x08000fbb   Thumb Code   220  btod.o(CL$$btod_e2e)
    _btod_ediv                               0x08001097   Thumb Code    42  btod.o(CL$$btod_ediv)
    _btod_emul                               0x080010c1   Thumb Code    42  btod.o(CL$$btod_emul)
    __btod_mult_common                       0x080010eb   Thumb Code   580  btod.o(CL$$btod_mult_common)
    ADC_Enable                               0x08001331   Thumb Code   110  stm32g4xx_hal_adc.o(i.ADC_Enable)
    BusFault_Handler                         0x080013a5   Thumb Code     2  stm32g4xx_it.o(i.BusFault_Handler)
    DebugMon_Handler                         0x080013a7   Thumb Code     2  stm32g4xx_it.o(i.DebugMon_Handler)
    Delay_LCD                                0x080013a9   Thumb Code    28  lcd.o(i.Delay_LCD)
    Error_Handler                            0x080013c5   Thumb Code     4  main.o(i.Error_Handler)
    HAL_ADC_ConfigChannel                    0x080013c9   Thumb Code  1006  stm32g4xx_hal_adc.o(i.HAL_ADC_ConfigChannel)
    HAL_ADC_GetValue                         0x080017ed   Thumb Code     6  stm32g4xx_hal_adc.o(i.HAL_ADC_GetValue)
    HAL_ADC_Init                             0x080017f5   Thumb Code   476  stm32g4xx_hal_adc.o(i.HAL_ADC_Init)
    HAL_ADC_MspInit                          0x080019f1   Thumb Code    82  adc.o(i.HAL_ADC_MspInit)
    HAL_ADC_Start                            0x08001a51   Thumb Code   230  stm32g4xx_hal_adc.o(i.HAL_ADC_Start)
    HAL_Delay                                0x08001b45   Thumb Code    32  stm32g4xx_hal.o(i.HAL_Delay)
    HAL_GPIO_Init                            0x08001b69   Thumb Code   422  stm32g4xx_hal_gpio.o(i.HAL_GPIO_Init)
    HAL_GPIO_WritePin                        0x08001d31   Thumb Code    10  stm32g4xx_hal_gpio.o(i.HAL_GPIO_WritePin)
    HAL_GetTick                              0x08001d3d   Thumb Code     6  stm32g4xx_hal.o(i.HAL_GetTick)
    HAL_IncTick                              0x08001d49   Thumb Code    12  stm32g4xx_hal.o(i.HAL_IncTick)
    HAL_Init                                 0x08001d59   Thumb Code    30  stm32g4xx_hal.o(i.HAL_Init)
    HAL_InitTick                             0x08001d79   Thumb Code    58  stm32g4xx_hal.o(i.HAL_InitTick)
    HAL_MspInit                              0x08001dbd   Thumb Code    42  stm32g4xx_hal_msp.o(i.HAL_MspInit)
    HAL_NVIC_EnableIRQ                       0x08001ded   Thumb Code    26  stm32g4xx_hal_cortex.o(i.HAL_NVIC_EnableIRQ)
    HAL_NVIC_SetPriority                     0x08001e09   Thumb Code    60  stm32g4xx_hal_cortex.o(i.HAL_NVIC_SetPriority)
    HAL_NVIC_SetPriorityGrouping             0x08001e49   Thumb Code    26  stm32g4xx_hal_cortex.o(i.HAL_NVIC_SetPriorityGrouping)
    HAL_PWREx_ControlVoltageScaling          0x08001e6d   Thumb Code   174  stm32g4xx_hal_pwr_ex.o(i.HAL_PWREx_ControlVoltageScaling)
    HAL_PWREx_DisableUCPDDeadBattery         0x08001f29   Thumb Code    12  stm32g4xx_hal_pwr_ex.o(i.HAL_PWREx_DisableUCPDDeadBattery)
    HAL_RCCEx_PeriphCLKConfig                0x08001f39   Thumb Code   638  stm32g4xx_hal_rcc_ex.o(i.HAL_RCCEx_PeriphCLKConfig)
    HAL_RCC_ClockConfig                      0x080021c1   Thumb Code   444  stm32g4xx_hal_rcc.o(i.HAL_RCC_ClockConfig)
    HAL_RCC_GetSysClockFreq                  0x0800239d   Thumb Code    98  stm32g4xx_hal_rcc.o(i.HAL_RCC_GetSysClockFreq)
    HAL_RCC_OscConfig                        0x0800240d   Thumb Code  1036  stm32g4xx_hal_rcc.o(i.HAL_RCC_OscConfig)
    HAL_SYSTICK_Config                       0x08002819   Thumb Code    40  stm32g4xx_hal_cortex.o(i.HAL_SYSTICK_Config)
    HAL_TIMEx_Break2Callback                 0x08002841   Thumb Code     2  stm32g4xx_hal_tim_ex.o(i.HAL_TIMEx_Break2Callback)
    HAL_TIMEx_BreakCallback                  0x08002843   Thumb Code     2  stm32g4xx_hal_tim_ex.o(i.HAL_TIMEx_BreakCallback)
    HAL_TIMEx_CommutCallback                 0x08002845   Thumb Code     2  stm32g4xx_hal_tim_ex.o(i.HAL_TIMEx_CommutCallback)
    HAL_TIMEx_ConfigBreakDeadTime            0x08002849   Thumb Code   164  stm32g4xx_hal_tim_ex.o(i.HAL_TIMEx_ConfigBreakDeadTime)
    HAL_TIMEx_DirectionChangeCallback        0x080028f5   Thumb Code     2  stm32g4xx_hal_tim_ex.o(i.HAL_TIMEx_DirectionChangeCallback)
    HAL_TIMEx_EncoderIndexCallback           0x080028f7   Thumb Code     2  stm32g4xx_hal_tim_ex.o(i.HAL_TIMEx_EncoderIndexCallback)
    HAL_TIMEx_IndexErrorCallback             0x080028f9   Thumb Code     2  stm32g4xx_hal_tim_ex.o(i.HAL_TIMEx_IndexErrorCallback)
    HAL_TIMEx_MasterConfigSynchronization    0x080028fd   Thumb Code   132  stm32g4xx_hal_tim_ex.o(i.HAL_TIMEx_MasterConfigSynchronization)
    HAL_TIMEx_TransitionErrorCallback        0x08002999   Thumb Code     2  stm32g4xx_hal_tim_ex.o(i.HAL_TIMEx_TransitionErrorCallback)
    HAL_TIM_Base_Init                        0x0800299b   Thumb Code    98  stm32g4xx_hal_tim.o(i.HAL_TIM_Base_Init)
    HAL_TIM_Base_MspInit                     0x080029fd   Thumb Code    72  tim.o(i.HAL_TIM_Base_MspInit)
    HAL_TIM_ConfigClockSource                0x08002a51   Thumb Code   240  stm32g4xx_hal_tim.o(i.HAL_TIM_ConfigClockSource)
    HAL_TIM_IC_CaptureCallback               0x08002b49   Thumb Code     2  stm32g4xx_hal_tim.o(i.HAL_TIM_IC_CaptureCallback)
    HAL_TIM_IRQHandler                       0x08002b4b   Thumb Code   508  stm32g4xx_hal_tim.o(i.HAL_TIM_IRQHandler)
    HAL_TIM_MspPostInit                      0x08002d49   Thumb Code   106  tim.o(i.HAL_TIM_MspPostInit)
    HAL_TIM_OC_DelayElapsedCallback          0x08002dc1   Thumb Code     2  stm32g4xx_hal_tim.o(i.HAL_TIM_OC_DelayElapsedCallback)
    HAL_TIM_PWM_ConfigChannel                0x08002dc3   Thumb Code   286  stm32g4xx_hal_tim.o(i.HAL_TIM_PWM_ConfigChannel)
    HAL_TIM_PWM_Init                         0x08002ee1   Thumb Code    98  stm32g4xx_hal_tim.o(i.HAL_TIM_PWM_Init)
    HAL_TIM_PWM_MspInit                      0x08002f43   Thumb Code     2  stm32g4xx_hal_tim.o(i.HAL_TIM_PWM_MspInit)
    HAL_TIM_PWM_PulseFinishedCallback        0x08002f45   Thumb Code     2  stm32g4xx_hal_tim.o(i.HAL_TIM_PWM_PulseFinishedCallback)
    HAL_TIM_PeriodElapsedCallback            0x08002f47   Thumb Code     2  stm32g4xx_hal_tim.o(i.HAL_TIM_PeriodElapsedCallback)
    HAL_TIM_TriggerCallback                  0x08002f49   Thumb Code     2  stm32g4xx_hal_tim.o(i.HAL_TIM_TriggerCallback)
    HardFault_Handler                        0x08002f4b   Thumb Code     2  stm32g4xx_it.o(i.HardFault_Handler)
    LCD_BusIn                                0x08002f4d   Thumb Code    40  lcd.o(i.LCD_BusIn)
    LCD_BusOut                               0x08002f79   Thumb Code    42  lcd.o(i.LCD_BusOut)
    LCD_Clear                                0x08002fa9   Thumb Code    36  lcd.o(i.LCD_Clear)
    LCD_CtrlLinesConfig                      0x08002fcd   Thumb Code   136  lcd.o(i.LCD_CtrlLinesConfig)
    LCD_DisplayChar                          0x0800305d   Thumb Code    18  lcd.o(i.LCD_DisplayChar)
    LCD_DisplayStringLine                    0x08003075   Thumb Code    42  lcd.o(i.LCD_DisplayStringLine)
    LCD_DrawChar                             0x080030a1   Thumb Code    84  lcd.o(i.LCD_DrawChar)
    LCD_Init                                 0x080030f9   Thumb Code    46  lcd.o(i.LCD_Init)
    LCD_ReadReg                              0x0800312d   Thumb Code   120  lcd.o(i.LCD_ReadReg)
    LCD_SetBackColor                         0x080031ad   Thumb Code    12  lcd.o(i.LCD_SetBackColor)
    LCD_SetCursor                            0x080031bd   Thumb Code    24  lcd.o(i.LCD_SetCursor)
    LCD_SetTextColor                         0x080031d5   Thumb Code    12  lcd.o(i.LCD_SetTextColor)
    LCD_WriteRAM                             0x080031e5   Thumb Code    80  lcd.o(i.LCD_WriteRAM)
    LCD_WriteRAM_Prepare                     0x0800323d   Thumb Code    82  lcd.o(i.LCD_WriteRAM_Prepare)
    LCD_WriteReg                             0x08003299   Thumb Code   100  lcd.o(i.LCD_WriteReg)
    MX_ADC2_Init                             0x08003351   Thumb Code   110  adc.o(i.MX_ADC2_Init)
    MX_GPIO_Init                             0x080033cd   Thumb Code   196  gpio.o(i.MX_GPIO_Init)
    MX_TIM17_Init                            0x080034a1   Thumb Code   148  tim.o(i.MX_TIM17_Init)
    MX_TIM3_Init                             0x0800353d   Thumb Code   150  tim.o(i.MX_TIM3_Init)
    MemManage_Handler                        0x080035dd   Thumb Code     2  stm32g4xx_it.o(i.MemManage_Handler)
    NMI_Handler                              0x080035df   Thumb Code     2  stm32g4xx_it.o(i.NMI_Handler)
    PendSV_Handler                           0x080035e1   Thumb Code     2  stm32g4xx_it.o(i.PendSV_Handler)
    REG_8230_Init                            0x080035e3   Thumb Code   274  lcd.o(i.REG_8230_Init)
    REG_932X_Init                            0x080036f5   Thumb Code   514  lcd.o(i.REG_932X_Init)
    SVC_Handler                              0x080038f7   Thumb Code     2  stm32g4xx_it.o(i.SVC_Handler)
    SysTick_Handler                          0x080038f9   Thumb Code     4  stm32g4xx_it.o(i.SysTick_Handler)
    SystemClock_Config                       0x080038fd   Thumb Code   136  main.o(i.SystemClock_Config)
    SystemInit                               0x08003985   Thumb Code    12  system_stm32g4xx.o(i.SystemInit)
    TIM3_IRQHandler                          0x08003995   Thumb Code     6  stm32g4xx_it.o(i.TIM3_IRQHandler)
    TIM_Base_SetConfig                       0x080039a1   Thumb Code   146  stm32g4xx_hal_tim.o(i.TIM_Base_SetConfig)
    TIM_ETR_SetConfig                        0x08003a51   Thumb Code    20  stm32g4xx_hal_tim.o(i.TIM_ETR_SetConfig)
    TIM_OC2_SetConfig                        0x08003b15   Thumb Code   120  stm32g4xx_hal_tim.o(i.TIM_OC2_SetConfig)
    UsageFault_Handler                       0x08003deb   Thumb Code     2  stm32g4xx_it.o(i.UsageFault_Handler)
    __ARM_fpclassify                         0x08003ded   Thumb Code    48  fpclassify.o(i.__ARM_fpclassify)
    _is_digit                                0x08003e3d   Thumb Code    14  __printf_wp.o(i._is_digit)
    led_dis                                  0x08003e4d   Thumb Code    74  main.o(i.led_dis)
    main                                     0x08003ea1   Thumb Code    92  main.o(i.main)
    work_Proc                                0x08003f11   Thumb Code    50  main.o(i.work_Proc)
    _get_lc_numeric                          0x08003f55   Thumb Code    44  lc_numeric_c.o(locale$$code)
    __fpl_dretinf                            0x08003f81   Thumb Code    12  dretinf.o(x$fpl$dretinf)
    __aeabi_f2d                              0x08003f8d   Thumb Code     0  f2d.o(x$fpl$f2d)
    _f2d                                     0x08003f8d   Thumb Code    86  f2d.o(x$fpl$f2d)
    __fpl_fnaninf                            0x08003fe3   Thumb Code   140  fnaninf.o(x$fpl$fnaninf)
    _fp_init                                 0x0800406f   Thumb Code    10  fpinit.o(x$fpl$fpinit)
    __fplib_config_fpu_vfp                   0x08004077   Thumb Code     0  fpinit.o(x$fpl$fpinit)
    __fplib_config_pureend_doubles           0x08004077   Thumb Code     0  fpinit.o(x$fpl$fpinit)
    _printf_fp_dec                           0x08004079   Thumb Code     4  printf1.o(x$fpl$printf1)
    ASCII_Table                              0x0800407c   Data        4560  lcd.o(.constdata)
    __I$use$fp                               0x0800407c   Number         0  usenofp.o(x$fpl$usenofp)
    AHBPrescTable                            0x0800524c   Data          16  system_stm32g4xx.o(.constdata)
    Region$$Table$$Base                      0x080052f0   Number         0  anon$$obj.o(Region$$Table)
    Region$$Table$$Limit                     0x08005310   Number         0  anon$$obj.o(Region$$Table)
    dummy                                    0x20000004   Data           2  lcd.o(.data)
    pa6                                      0x20000008   Data           1  main.o(.data)
    pa7                                      0x20000009   Data           1  main.o(.data)
    key_val                                  0x2000000a   Data           1  main.o(.data)
    key_down                                 0x2000000b   Data           1  main.o(.data)
    key_up                                   0x2000000c   Data           1  main.o(.data)
    key_old                                  0x2000000d   Data           1  main.o(.data)
    sta_lcd                                  0x2000000e   Data           1  main.o(.data)
    led_in                                   0x2000000f   Data           1  main.o(.data)
    mode                                     0x20000010   Data           1  main.o(.data)
    ao2                                      0x20000014   Data           4  main.o(.data)
    adc2                                     0x20000018   Data           4  main.o(.data)
    uwTickPrio                               0x2000001c   Data           4  stm32g4xx_hal.o(.data)
    uwTickFreq                               0x20000020   Data           4  stm32g4xx_hal.o(.data)
    uwTick                                   0x20000024   Data           4  stm32g4xx_hal.o(.data)
    SystemCoreClock                          0x20000028   Data           4  system_stm32g4xx.o(.data)
    ptr                                      0x2000002c   Data          30  main.o(.bss)
    hadc2                                    0x2000004c   Data         108  adc.o(.bss)
    htim3                                    0x200000b8   Data          76  tim.o(.bss)
    htim17                                   0x20000104   Data          76  tim.o(.bss)
    __libspace_start                         0x20000150   Data          96  libspace.o(.bss)
    __temporary_stack_top$libspace           0x200001b0   Data           0  libspace.o(.bss)



==============================================================================

Memory Map of the image

  Image Entry point : 0x080001d9

  Load Region LR_IROM1 (Base: 0x08000000, Size: 0x00005358, Max: 0x00020000, ABSOLUTE)

    Execution Region ER_IROM1 (Exec base: 0x08000000, Load base: 0x08000000, Size: 0x0000532c, Max: 0x00020000, ABSOLUTE)

    Exec Addr    Load Addr    Size         Type   Attr      Idx    E Section Name        Object

    0x08000000   0x08000000   0x000001d8   Data   RO            3    RESET               startup_stm32g431xx.o
    0x080001d8   0x080001d8   0x00000008   Code   RO         3891  * !!!main             c_w.l(__main.o)
    0x080001e0   0x080001e0   0x00000034   Code   RO         4113    !!!scatter          c_w.l(__scatter.o)
    0x08000214   0x08000214   0x0000001a   Code   RO         4115    !!handler_copy      c_w.l(__scatter_copy.o)
    0x0800022e   0x0800022e   0x00000002   PAD
    0x08000230   0x08000230   0x0000001c   Code   RO         4117    !!handler_zi        c_w.l(__scatter_zi.o)
    0x0800024c   0x0800024c   0x00000000   Code   RO         3886    .ARM.Collect$$_printf_percent$$00000000  c_w.l(_printf_percent.o)
    0x0800024c   0x0800024c   0x00000006   Code   RO         3885    .ARM.Collect$$_printf_percent$$00000003  c_w.l(_printf_f.o)
    0x08000252   0x08000252   0x00000004   Code   RO         3906    .ARM.Collect$$_printf_percent$$00000017  c_w.l(_printf_percent_end.o)
    0x08000256   0x08000256   0x00000002   Code   RO         3984    .ARM.Collect$$libinit$$00000000  c_w.l(libinit.o)
    0x08000258   0x08000258   0x00000004   Code   RO         3985    .ARM.Collect$$libinit$$00000001  c_w.l(libinit2.o)
    0x0800025c   0x0800025c   0x00000000   Code   RO         3988    .ARM.Collect$$libinit$$00000004  c_w.l(libinit2.o)
    0x0800025c   0x0800025c   0x00000000   Code   RO         3991    .ARM.Collect$$libinit$$0000000A  c_w.l(libinit2.o)
    0x0800025c   0x0800025c   0x00000000   Code   RO         3993    .ARM.Collect$$libinit$$0000000C  c_w.l(libinit2.o)
    0x0800025c   0x0800025c   0x00000000   Code   RO         3995    .ARM.Collect$$libinit$$0000000E  c_w.l(libinit2.o)
    0x0800025c   0x0800025c   0x00000006   Code   RO         3996    .ARM.Collect$$libinit$$0000000F  c_w.l(libinit2.o)
    0x08000262   0x08000262   0x00000000   Code   RO         3998    .ARM.Collect$$libinit$$00000011  c_w.l(libinit2.o)
    0x08000262   0x08000262   0x00000000   Code   RO         4000    .ARM.Collect$$libinit$$00000013  c_w.l(libinit2.o)
    0x08000262   0x08000262   0x00000000   Code   RO         4002    .ARM.Collect$$libinit$$00000015  c_w.l(libinit2.o)
    0x08000262   0x08000262   0x0000000a   Code   RO         4003    .ARM.Collect$$libinit$$00000016  c_w.l(libinit2.o)
    0x0800026c   0x0800026c   0x00000000   Code   RO         4004    .ARM.Collect$$libinit$$00000017  c_w.l(libinit2.o)
    0x0800026c   0x0800026c   0x00000000   Code   RO         4006    .ARM.Collect$$libinit$$00000019  c_w.l(libinit2.o)
    0x0800026c   0x0800026c   0x00000000   Code   RO         4008    .ARM.Collect$$libinit$$0000001B  c_w.l(libinit2.o)
    0x0800026c   0x0800026c   0x00000000   Code   RO         4010    .ARM.Collect$$libinit$$0000001D  c_w.l(libinit2.o)
    0x0800026c   0x0800026c   0x00000000   Code   RO         4012    .ARM.Collect$$libinit$$0000001F  c_w.l(libinit2.o)
    0x0800026c   0x0800026c   0x00000000   Code   RO         4014    .ARM.Collect$$libinit$$00000021  c_w.l(libinit2.o)
    0x0800026c   0x0800026c   0x00000000   Code   RO         4016    .ARM.Collect$$libinit$$00000023  c_w.l(libinit2.o)
    0x0800026c   0x0800026c   0x00000000   Code   RO         4018    .ARM.Collect$$libinit$$00000025  c_w.l(libinit2.o)
    0x0800026c   0x0800026c   0x00000000   Code   RO         4022    .ARM.Collect$$libinit$$0000002C  c_w.l(libinit2.o)
    0x0800026c   0x0800026c   0x00000000   Code   RO         4024    .ARM.Collect$$libinit$$0000002E  c_w.l(libinit2.o)
    0x0800026c   0x0800026c   0x00000000   Code   RO         4026    .ARM.Collect$$libinit$$00000030  c_w.l(libinit2.o)
    0x0800026c   0x0800026c   0x00000000   Code   RO         4028    .ARM.Collect$$libinit$$00000032  c_w.l(libinit2.o)
    0x0800026c   0x0800026c   0x00000002   Code   RO         4029    .ARM.Collect$$libinit$$00000033  c_w.l(libinit2.o)
    0x0800026e   0x0800026e   0x00000002   Code   RO         4059    .ARM.Collect$$libshutdown$$00000000  c_w.l(libshutdown.o)
    0x08000270   0x08000270   0x00000000   Code   RO         4070    .ARM.Collect$$libshutdown$$00000002  c_w.l(libshutdown2.o)
    0x08000270   0x08000270   0x00000000   Code   RO         4072    .ARM.Collect$$libshutdown$$00000004  c_w.l(libshutdown2.o)
    0x08000270   0x08000270   0x00000000   Code   RO         4074    .ARM.Collect$$libshutdown$$00000006  c_w.l(libshutdown2.o)
    0x08000270   0x08000270   0x00000000   Code   RO         4077    .ARM.Collect$$libshutdown$$00000009  c_w.l(libshutdown2.o)
    0x08000270   0x08000270   0x00000000   Code   RO         4080    .ARM.Collect$$libshutdown$$0000000C  c_w.l(libshutdown2.o)
    0x08000270   0x08000270   0x00000000   Code   RO         4082    .ARM.Collect$$libshutdown$$0000000E  c_w.l(libshutdown2.o)
    0x08000270   0x08000270   0x00000000   Code   RO         4085    .ARM.Collect$$libshutdown$$00000011  c_w.l(libshutdown2.o)
    0x08000270   0x08000270   0x00000002   Code   RO         4086    .ARM.Collect$$libshutdown$$00000012  c_w.l(libshutdown2.o)
    0x08000272   0x08000272   0x00000000   Code   RO         3897    .ARM.Collect$$rtentry$$00000000  c_w.l(__rtentry.o)
    0x08000272   0x08000272   0x00000000   Code   RO         3913    .ARM.Collect$$rtentry$$00000002  c_w.l(__rtentry2.o)
    0x08000272   0x08000272   0x00000006   Code   RO         3925    .ARM.Collect$$rtentry$$00000004  c_w.l(__rtentry4.o)
    0x08000278   0x08000278   0x00000000   Code   RO         3915    .ARM.Collect$$rtentry$$00000009  c_w.l(__rtentry2.o)
    0x08000278   0x08000278   0x00000004   Code   RO         3916    .ARM.Collect$$rtentry$$0000000A  c_w.l(__rtentry2.o)
    0x0800027c   0x0800027c   0x00000000   Code   RO         3918    .ARM.Collect$$rtentry$$0000000C  c_w.l(__rtentry2.o)
    0x0800027c   0x0800027c   0x00000008   Code   RO         3919    .ARM.Collect$$rtentry$$0000000D  c_w.l(__rtentry2.o)
    0x08000284   0x08000284   0x00000002   Code   RO         4030    .ARM.Collect$$rtexit$$00000000  c_w.l(rtexit.o)
    0x08000286   0x08000286   0x00000000   Code   RO         4037    .ARM.Collect$$rtexit$$00000002  c_w.l(rtexit2.o)
    0x08000286   0x08000286   0x00000004   Code   RO         4038    .ARM.Collect$$rtexit$$00000003  c_w.l(rtexit2.o)
    0x0800028a   0x0800028a   0x00000006   Code   RO         4039    .ARM.Collect$$rtexit$$00000004  c_w.l(rtexit2.o)
    0x08000290   0x08000290   0x00000040   Code   RO            4    .text               startup_stm32g431xx.o
    0x080002d0   0x080002d0   0x00000028   Code   RO         3858    .text               c_w.l(noretval__2sprintf.o)
    0x080002f8   0x080002f8   0x0000010e   Code   RO         3872    .text               c_w.l(__printf_wp.o)
    0x08000406   0x08000406   0x0000004e   Code   RO         3887    .text               c_w.l(rt_memclr_w.o)
    0x08000454   0x08000454   0x00000006   Code   RO         3889    .text               c_w.l(heapauxi.o)
    0x0800045a   0x0800045a   0x0000041e   Code   RO         3900    .text               c_w.l(_printf_fp_dec.o)
    0x08000878   0x08000878   0x00000030   Code   RO         3902    .text               c_w.l(_printf_char_common.o)
    0x080008a8   0x080008a8   0x0000000a   Code   RO         3904    .text               c_w.l(_sputc.o)
    0x080008b2   0x080008b2   0x00000002   PAD
    0x080008b4   0x080008b4   0x00000008   Code   RO         3930    .text               c_w.l(rt_locale_intlibspace.o)
    0x080008bc   0x080008bc   0x0000008a   Code   RO         3932    .text               c_w.l(lludiv10.o)
    0x08000946   0x08000946   0x00000002   PAD
    0x08000948   0x08000948   0x00000080   Code   RO         3934    .text               c_w.l(_printf_fp_infnan.o)
    0x080009c8   0x080009c8   0x000000e4   Code   RO         3938    .text               c_w.l(bigflt0.o)
    0x08000aac   0x08000aac   0x00000008   Code   RO         3970    .text               c_w.l(libspace.o)
    0x08000ab4   0x08000ab4   0x0000004a   Code   RO         3973    .text               c_w.l(sys_stackheap_outer.o)
    0x08000afe   0x08000afe   0x00000012   Code   RO         3975    .text               c_w.l(exit.o)
    0x08000b10   0x08000b10   0x00000080   Code   RO         3977    .text               c_w.l(strcmpv7m.o)
    0x08000b90   0x08000b90   0x0000000c   Code   RO         4049    .text               c_w.l(sys_exit.o)
    0x08000b9c   0x08000b9c   0x00000002   Code   RO         4060    .text               c_w.l(use_no_semi.o)
    0x08000b9e   0x08000b9e   0x00000000   Code   RO         4062    .text               c_w.l(indicate_semi.o)
    0x08000b9e   0x08000b9e   0x0000003e   Code   RO         3941    CL$$btod_d2e        c_w.l(btod.o)
    0x08000bdc   0x08000bdc   0x00000046   Code   RO         3943    CL$$btod_d2e_denorm_low  c_w.l(btod.o)
    0x08000c22   0x08000c22   0x00000060   Code   RO         3942    CL$$btod_d2e_norm_op1  c_w.l(btod.o)
    0x08000c82   0x08000c82   0x00000338   Code   RO         3951    CL$$btod_div_common  c_w.l(btod.o)
    0x08000fba   0x08000fba   0x000000dc   Code   RO         3948    CL$$btod_e2e        c_w.l(btod.o)
    0x08001096   0x08001096   0x0000002a   Code   RO         3945    CL$$btod_ediv       c_w.l(btod.o)
    0x080010c0   0x080010c0   0x0000002a   Code   RO         3944    CL$$btod_emul       c_w.l(btod.o)
    0x080010ea   0x080010ea   0x00000244   Code   RO         3950    CL$$btod_mult_common  c_w.l(btod.o)
    0x0800132e   0x0800132e   0x00000002   PAD
    0x08001330   0x08001330   0x00000074   Code   RO          757    i.ADC_Enable        stm32g4xx_hal_adc.o
    0x080013a4   0x080013a4   0x00000002   Code   RO          646    i.BusFault_Handler  stm32g4xx_it.o
    0x080013a6   0x080013a6   0x00000002   Code   RO          647    i.DebugMon_Handler  stm32g4xx_it.o
    0x080013a8   0x080013a8   0x0000001c   Code   RO          214    i.Delay_LCD         lcd.o
    0x080013c4   0x080013c4   0x00000004   Code   RO          426    i.Error_Handler     main.o
    0x080013c8   0x080013c8   0x00000424   Code   RO          759    i.HAL_ADC_ConfigChannel  stm32g4xx_hal_adc.o
    0x080017ec   0x080017ec   0x00000006   Code   RO          766    i.HAL_ADC_GetValue  stm32g4xx_hal_adc.o
    0x080017f2   0x080017f2   0x00000002   PAD
    0x080017f4   0x080017f4   0x000001fc   Code   RO          768    i.HAL_ADC_Init      stm32g4xx_hal_adc.o
    0x080019f0   0x080019f0   0x00000060   Code   RO          551    i.HAL_ADC_MspInit   adc.o
    0x08001a50   0x08001a50   0x000000f4   Code   RO          774    i.HAL_ADC_Start     stm32g4xx_hal_adc.o
    0x08001b44   0x08001b44   0x00000024   Code   RO         1206    i.HAL_Delay         stm32g4xx_hal.o
    0x08001b68   0x08001b68   0x000001c8   Code   RO         1897    i.HAL_GPIO_Init     stm32g4xx_hal_gpio.o
    0x08001d30   0x08001d30   0x0000000a   Code   RO         1901    i.HAL_GPIO_WritePin  stm32g4xx_hal_gpio.o
    0x08001d3a   0x08001d3a   0x00000002   PAD
    0x08001d3c   0x08001d3c   0x0000000c   Code   RO         1210    i.HAL_GetTick       stm32g4xx_hal.o
    0x08001d48   0x08001d48   0x00000010   Code   RO         1213    i.HAL_IncTick       stm32g4xx_hal.o
    0x08001d58   0x08001d58   0x0000001e   Code   RO         1214    i.HAL_Init          stm32g4xx_hal.o
    0x08001d76   0x08001d76   0x00000002   PAD
    0x08001d78   0x08001d78   0x00000044   Code   RO         1215    i.HAL_InitTick      stm32g4xx_hal.o
    0x08001dbc   0x08001dbc   0x00000030   Code   RO          728    i.HAL_MspInit       stm32g4xx_hal_msp.o
    0x08001dec   0x08001dec   0x0000001a   Code   RO         2544    i.HAL_NVIC_EnableIRQ  stm32g4xx_hal_cortex.o
    0x08001e06   0x08001e06   0x00000002   PAD
    0x08001e08   0x08001e08   0x00000040   Code   RO         2550    i.HAL_NVIC_SetPriority  stm32g4xx_hal_cortex.o
    0x08001e48   0x08001e48   0x00000024   Code   RO         2551    i.HAL_NVIC_SetPriorityGrouping  stm32g4xx_hal_cortex.o
    0x08001e6c   0x08001e6c   0x000000bc   Code   RO         2300    i.HAL_PWREx_ControlVoltageScaling  stm32g4xx_hal_pwr_ex.o
    0x08001f28   0x08001f28   0x00000010   Code   RO         2312    i.HAL_PWREx_DisableUCPDDeadBattery  stm32g4xx_hal_pwr_ex.o
    0x08001f38   0x08001f38   0x00000288   Code   RO         1559    i.HAL_RCCEx_PeriphCLKConfig  stm32g4xx_hal_rcc_ex.o
    0x080021c0   0x080021c0   0x000001dc   Code   RO         1434    i.HAL_RCC_ClockConfig  stm32g4xx_hal_rcc.o
    0x0800239c   0x0800239c   0x00000070   Code   RO         1444    i.HAL_RCC_GetSysClockFreq  stm32g4xx_hal_rcc.o
    0x0800240c   0x0800240c   0x0000040c   Code   RO         1447    i.HAL_RCC_OscConfig  stm32g4xx_hal_rcc.o
    0x08002818   0x08002818   0x00000028   Code   RO         2555    i.HAL_SYSTICK_Config  stm32g4xx_hal_cortex.o
    0x08002840   0x08002840   0x00000002   Code   RO         3390    i.HAL_TIMEx_Break2Callback  stm32g4xx_hal_tim_ex.o
    0x08002842   0x08002842   0x00000002   Code   RO         3391    i.HAL_TIMEx_BreakCallback  stm32g4xx_hal_tim_ex.o
    0x08002844   0x08002844   0x00000002   Code   RO         3392    i.HAL_TIMEx_CommutCallback  stm32g4xx_hal_tim_ex.o
    0x08002846   0x08002846   0x00000002   PAD
    0x08002848   0x08002848   0x000000ac   Code   RO         3395    i.HAL_TIMEx_ConfigBreakDeadTime  stm32g4xx_hal_tim_ex.o
    0x080028f4   0x080028f4   0x00000002   Code   RO         3403    i.HAL_TIMEx_DirectionChangeCallback  stm32g4xx_hal_tim_ex.o
    0x080028f6   0x080028f6   0x00000002   Code   RO         3417    i.HAL_TIMEx_EncoderIndexCallback  stm32g4xx_hal_tim_ex.o
    0x080028f8   0x080028f8   0x00000002   Code   RO         3431    i.HAL_TIMEx_IndexErrorCallback  stm32g4xx_hal_tim_ex.o
    0x080028fa   0x080028fa   0x00000002   PAD
    0x080028fc   0x080028fc   0x0000009c   Code   RO         3432    i.HAL_TIMEx_MasterConfigSynchronization  stm32g4xx_hal_tim_ex.o
    0x08002998   0x08002998   0x00000002   Code   RO         3453    i.HAL_TIMEx_TransitionErrorCallback  stm32g4xx_hal_tim_ex.o
    0x0800299a   0x0800299a   0x00000062   Code   RO         2676    i.HAL_TIM_Base_Init  stm32g4xx_hal_tim.o
    0x080029fc   0x080029fc   0x00000054   Code   RO          593    i.HAL_TIM_Base_MspInit  tim.o
    0x08002a50   0x08002a50   0x000000f8   Code   RO         2685    i.HAL_TIM_ConfigClockSource  stm32g4xx_hal_tim.o
    0x08002b48   0x08002b48   0x00000002   Code   RO         2710    i.HAL_TIM_IC_CaptureCallback  stm32g4xx_hal_tim.o
    0x08002b4a   0x08002b4a   0x000001fc   Code   RO         2724    i.HAL_TIM_IRQHandler  stm32g4xx_hal_tim.o
    0x08002d46   0x08002d46   0x00000002   PAD
    0x08002d48   0x08002d48   0x00000078   Code   RO          594    i.HAL_TIM_MspPostInit  tim.o
    0x08002dc0   0x08002dc0   0x00000002   Code   RO         2727    i.HAL_TIM_OC_DelayElapsedCallback  stm32g4xx_hal_tim.o
    0x08002dc2   0x08002dc2   0x0000011e   Code   RO         2748    i.HAL_TIM_PWM_ConfigChannel  stm32g4xx_hal_tim.o
    0x08002ee0   0x08002ee0   0x00000062   Code   RO         2751    i.HAL_TIM_PWM_Init  stm32g4xx_hal_tim.o
    0x08002f42   0x08002f42   0x00000002   Code   RO         2753    i.HAL_TIM_PWM_MspInit  stm32g4xx_hal_tim.o
    0x08002f44   0x08002f44   0x00000002   Code   RO         2754    i.HAL_TIM_PWM_PulseFinishedCallback  stm32g4xx_hal_tim.o
    0x08002f46   0x08002f46   0x00000002   Code   RO         2762    i.HAL_TIM_PeriodElapsedCallback  stm32g4xx_hal_tim.o
    0x08002f48   0x08002f48   0x00000002   Code   RO         2767    i.HAL_TIM_TriggerCallback  stm32g4xx_hal_tim.o
    0x08002f4a   0x08002f4a   0x00000002   Code   RO          648    i.HardFault_Handler  stm32g4xx_it.o
    0x08002f4c   0x08002f4c   0x0000002c   Code   RO          215    i.LCD_BusIn         lcd.o
    0x08002f78   0x08002f78   0x00000030   Code   RO          216    i.LCD_BusOut        lcd.o
    0x08002fa8   0x08002fa8   0x00000024   Code   RO          217    i.LCD_Clear         lcd.o
    0x08002fcc   0x08002fcc   0x00000090   Code   RO          219    i.LCD_CtrlLinesConfig  lcd.o
    0x0800305c   0x0800305c   0x00000018   Code   RO          220    i.LCD_DisplayChar   lcd.o
    0x08003074   0x08003074   0x0000002a   Code   RO          223    i.LCD_DisplayStringLine  lcd.o
    0x0800309e   0x0800309e   0x00000002   PAD
    0x080030a0   0x080030a0   0x00000058   Code   RO          224    i.LCD_DrawChar      lcd.o
    0x080030f8   0x080030f8   0x00000034   Code   RO          230    i.LCD_Init          lcd.o
    0x0800312c   0x0800312c   0x00000080   Code   RO          233    i.LCD_ReadReg       lcd.o
    0x080031ac   0x080031ac   0x00000010   Code   RO          234    i.LCD_SetBackColor  lcd.o
    0x080031bc   0x080031bc   0x00000018   Code   RO          235    i.LCD_SetCursor     lcd.o
    0x080031d4   0x080031d4   0x00000010   Code   RO          237    i.LCD_SetTextColor  lcd.o
    0x080031e4   0x080031e4   0x00000058   Code   RO          240    i.LCD_WriteRAM      lcd.o
    0x0800323c   0x0800323c   0x0000005c   Code   RO          241    i.LCD_WriteRAM_Prepare  lcd.o
    0x08003298   0x08003298   0x0000006c   Code   RO          242    i.LCD_WriteReg      lcd.o
    0x08003304   0x08003304   0x0000000c   Code   RO          782    i.LL_ADC_GetOffsetChannel  stm32g4xx_hal_adc.o
    0x08003310   0x08003310   0x00000008   Code   RO          783    i.LL_ADC_INJ_IsConversionOngoing  stm32g4xx_hal_adc.o
    0x08003318   0x08003318   0x00000008   Code   RO          784    i.LL_ADC_REG_IsConversionOngoing  stm32g4xx_hal_adc.o
    0x08003320   0x08003320   0x0000001e   Code   RO          787    i.LL_ADC_SetChannelSamplingTime  stm32g4xx_hal_adc.o
    0x0800333e   0x0800333e   0x00000010   Code   RO          788    i.LL_ADC_SetOffsetState  stm32g4xx_hal_adc.o
    0x0800334e   0x0800334e   0x00000002   PAD
    0x08003350   0x08003350   0x0000007c   Code   RO          552    i.MX_ADC2_Init      adc.o
    0x080033cc   0x080033cc   0x000000d4   Code   RO          526    i.MX_GPIO_Init      gpio.o
    0x080034a0   0x080034a0   0x0000009c   Code   RO          595    i.MX_TIM17_Init     tim.o
    0x0800353c   0x0800353c   0x000000a0   Code   RO          596    i.MX_TIM3_Init      tim.o
    0x080035dc   0x080035dc   0x00000002   Code   RO          649    i.MemManage_Handler  stm32g4xx_it.o
    0x080035de   0x080035de   0x00000002   Code   RO          650    i.NMI_Handler       stm32g4xx_it.o
    0x080035e0   0x080035e0   0x00000002   Code   RO          651    i.PendSV_Handler    stm32g4xx_it.o
    0x080035e2   0x080035e2   0x00000112   Code   RO          243    i.REG_8230_Init     lcd.o
    0x080036f4   0x080036f4   0x00000202   Code   RO          244    i.REG_932X_Init     lcd.o
    0x080038f6   0x080038f6   0x00000002   Code   RO          652    i.SVC_Handler       stm32g4xx_it.o
    0x080038f8   0x080038f8   0x00000004   Code   RO          653    i.SysTick_Handler   stm32g4xx_it.o
    0x080038fc   0x080038fc   0x00000088   Code   RO          428    i.SystemClock_Config  main.o
    0x08003984   0x08003984   0x00000010   Code   RO         3820    i.SystemInit        system_stm32g4xx.o
    0x08003994   0x08003994   0x0000000c   Code   RO          654    i.TIM3_IRQHandler   stm32g4xx_it.o
    0x080039a0   0x080039a0   0x000000b0   Code   RO         2769    i.TIM_Base_SetConfig  stm32g4xx_hal_tim.o
    0x08003a50   0x08003a50   0x00000014   Code   RO         2780    i.TIM_ETR_SetConfig  stm32g4xx_hal_tim.o
    0x08003a64   0x08003a64   0x00000014   Code   RO         2781    i.TIM_ITRx_SetConfig  stm32g4xx_hal_tim.o
    0x08003a78   0x08003a78   0x0000009c   Code   RO         2782    i.TIM_OC1_SetConfig  stm32g4xx_hal_tim.o
    0x08003b14   0x08003b14   0x00000090   Code   RO         2783    i.TIM_OC2_SetConfig  stm32g4xx_hal_tim.o
    0x08003ba4   0x08003ba4   0x00000090   Code   RO         2784    i.TIM_OC3_SetConfig  stm32g4xx_hal_tim.o
    0x08003c34   0x08003c34   0x00000090   Code   RO         2785    i.TIM_OC4_SetConfig  stm32g4xx_hal_tim.o
    0x08003cc4   0x08003cc4   0x00000070   Code   RO         2786    i.TIM_OC5_SetConfig  stm32g4xx_hal_tim.o
    0x08003d34   0x08003d34   0x00000070   Code   RO         2787    i.TIM_OC6_SetConfig  stm32g4xx_hal_tim.o
    0x08003da4   0x08003da4   0x00000022   Code   RO         2789    i.TIM_TI1_ConfigInputStage  stm32g4xx_hal_tim.o
    0x08003dc6   0x08003dc6   0x00000024   Code   RO         2791    i.TIM_TI2_ConfigInputStage  stm32g4xx_hal_tim.o
    0x08003dea   0x08003dea   0x00000002   Code   RO          655    i.UsageFault_Handler  stm32g4xx_it.o
    0x08003dec   0x08003dec   0x00000030   Code   RO         3968    i.__ARM_fpclassify  m_wm.l(fpclassify.o)
    0x08003e1c   0x08003e1c   0x00000020   Code   RO         2557    i.__NVIC_SetPriority  stm32g4xx_hal_cortex.o
    0x08003e3c   0x08003e3c   0x0000000e   Code   RO         3874    i._is_digit         c_w.l(__printf_wp.o)
    0x08003e4a   0x08003e4a   0x00000002   PAD
    0x08003e4c   0x08003e4c   0x00000054   Code   RO          433    i.led_dis           main.o
    0x08003ea0   0x08003ea0   0x00000070   Code   RO          434    i.main              main.o
    0x08003f10   0x08003f10   0x00000044   Code   RO          435    i.work_Proc         main.o
    0x08003f54   0x08003f54   0x0000002c   Code   RO         3964    locale$$code        c_w.l(lc_numeric_c.o)
    0x08003f80   0x08003f80   0x0000000c   Code   RO         3907    x$fpl$dretinf       fz_wm.l(dretinf.o)
    0x08003f8c   0x08003f8c   0x00000056   Code   RO         3893    x$fpl$f2d           fz_wm.l(f2d.o)
    0x08003fe2   0x08003fe2   0x0000008c   Code   RO         3909    x$fpl$fnaninf       fz_wm.l(fnaninf.o)
    0x0800406e   0x0800406e   0x0000000a   Code   RO         4034    x$fpl$fpinit        fz_wm.l(fpinit.o)
    0x08004078   0x08004078   0x00000004   Code   RO         3895    x$fpl$printf1       fz_wm.l(printf1.o)
    0x0800407c   0x0800407c   0x00000000   Code   RO         3911    x$fpl$usenofp       fz_wm.l(usenofp.o)
    0x0800407c   0x0800407c   0x000011d0   Data   RO          245    .constdata          lcd.o
    0x0800524c   0x0800524c   0x00000010   Data   RO         3821    .constdata          system_stm32g4xx.o
    0x0800525c   0x0800525c   0x00000094   Data   RO         3939    .constdata          c_w.l(bigflt0.o)
    0x080052f0   0x080052f0   0x00000020   Data   RO         4111    Region$$Table       anon$$obj.o
    0x08005310   0x08005310   0x0000001c   Data   RO         3963    locale$$data        c_w.l(lc_numeric_c.o)


    Execution Region RW_IRAM1 (Exec base: 0x20000000, Load base: 0x0800532c, Size: 0x000007b0, Max: 0x00008000, ABSOLUTE)

    Exec Addr    Load Addr    Size         Type   Attr      Idx    E Section Name        Object

    0x20000000   0x0800532c   0x00000006   Data   RW          246    .data               lcd.o
    0x20000006   0x08005332   0x00000002   PAD
    0x20000008   0x08005334   0x00000014   Data   RW          437    .data               main.o
    0x2000001c   0x08005348   0x0000000c   Data   RW         1234    .data               stm32g4xx_hal.o
    0x20000028   0x08005354   0x00000004   Data   RW         3823    .data               system_stm32g4xx.o
    0x2000002c        -       0x0000001e   Zero   RW          436    .bss                main.o
    0x2000004a   0x08005358   0x00000002   PAD
    0x2000004c        -       0x0000006c   Zero   RW          553    .bss                adc.o
    0x200000b8        -       0x00000098   Zero   RW          597    .bss                tim.o
    0x20000150        -       0x00000060   Zero   RW         3971    .bss                c_w.l(libspace.o)
    0x200001b0        -       0x00000200   Zero   RW            2    HEAP                startup_stm32g431xx.o
    0x200003b0        -       0x00000400   Zero   RW            1    STACK               startup_stm32g431xx.o


==============================================================================

Image component sizes


      Code (inc. data)   RO Data    RW Data    ZI Data      Debug   Object Name

       220         28          0          0        108       1745   adc.o
       212         16          0          0          0       1023   gpio.o
         0          0          0          0          0     634148   i2c_hal.o
      1766         76       4560          6          0      13490   lcd.o
       404         48          0         20         30       3893   main.o
        64         26        472          0       1536        844   startup_stm32g431xx.o
       162         24          0         12          0       4333   stm32g4xx_hal.o
      2008        106          0          0          0      75843   stm32g4xx_hal_adc.o
       198         14          0          0          0      33847   stm32g4xx_hal_cortex.o
       466         34          0          0          0       2448   stm32g4xx_hal_gpio.o
        48          6          0          0          0        866   stm32g4xx_hal_msp.o
       204         18          0          0          0       1409   stm32g4xx_hal_pwr_ex.o
      1624         68          0          0          0       4794   stm32g4xx_hal_rcc.o
       648         10          0          0          0       1880   stm32g4xx_hal_rcc_ex.o
      2348        198          0          0          0      17010   stm32g4xx_hal_tim.o
       342         32          0          0          0       6348   stm32g4xx_hal_tim_ex.o
        32          6          0          0          0       4656   stm32g4xx_it.o
        16          4         16          4          0       1135   system_stm32g4xx.o
       520         44          0          0        152       3223   tim.o

    ----------------------------------------------------------------------
     11300        758       5080         44       1828     812935   Object Totals
         0          0         32          0          0          0   (incl. Generated)
        18          0          0          2          2          0   (incl. Padding)

    ----------------------------------------------------------------------

      Code (inc. data)   RO Data    RW Data    ZI Data      Debug   Library Member Name

         8          0          0          0          0         68   __main.o
       284          0          0          0          0        156   __printf_wp.o
         0          0          0          0          0          0   __rtentry.o
        12          0          0          0          0          0   __rtentry2.o
         6          0          0          0          0          0   __rtentry4.o
        52          8          0          0          0          0   __scatter.o
        26          0          0          0          0          0   __scatter_copy.o
        28          0          0          0          0          0   __scatter_zi.o
        48          6          0          0          0         96   _printf_char_common.o
         6          0          0          0          0          0   _printf_f.o
      1054          0          0          0          0        216   _printf_fp_dec.o
       128         16          0          0          0         84   _printf_fp_infnan.o
         0          0          0          0          0          0   _printf_percent.o
         4          0          0          0          0          0   _printf_percent_end.o
        10          0          0          0          0         68   _sputc.o
       228          4        148          0          0         96   bigflt0.o
      1936        128          0          0          0        672   btod.o
        18          0          0          0          0         80   exit.o
         6          0          0          0          0        152   heapauxi.o
         0          0          0          0          0          0   indicate_semi.o
        44         10         28          0          0         76   lc_numeric_c.o
         2          0          0          0          0          0   libinit.o
        22          0          0          0          0          0   libinit2.o
         2          0          0          0          0          0   libshutdown.o
         2          0          0          0          0          0   libshutdown2.o
         8          4          0          0         96         68   libspace.o
       138          0          0          0          0         80   lludiv10.o
        40          6          0          0          0         84   noretval__2sprintf.o
         8          4          0          0          0         68   rt_locale_intlibspace.o
        78          0          0          0          0         80   rt_memclr_w.o
         2          0          0          0          0          0   rtexit.o
        10          0          0          0          0          0   rtexit2.o
       128          0          0          0          0         68   strcmpv7m.o
        12          4          0          0          0         68   sys_exit.o
        74          0          0          0          0         80   sys_stackheap_outer.o
         2          0          0          0          0         68   use_no_semi.o
        12          0          0          0          0        116   dretinf.o
        86          4          0          0          0        132   f2d.o
       140          4          0          0          0        132   fnaninf.o
        10          0          0          0          0        116   fpinit.o
         4          0          0          0          0        116   printf1.o
         0          0          0          0          0          0   usenofp.o
        48          0          0          0          0        124   fpclassify.o

    ----------------------------------------------------------------------
      4736        198        176          0         96       3164   Library Totals
        10          0          0          0          0          0   (incl. Padding)

    ----------------------------------------------------------------------

      Code (inc. data)   RO Data    RW Data    ZI Data      Debug   Library Name

      4426        190        176          0         96       2428   c_w.l
       252          8          0          0          0        612   fz_wm.l
        48          0          0          0          0        124   m_wm.l

    ----------------------------------------------------------------------
      4736        198        176          0         96       3164   Library Totals

    ----------------------------------------------------------------------

==============================================================================


      Code (inc. data)   RO Data    RW Data    ZI Data      Debug   

     16036        956       5256         44       1924     804999   Grand Totals
     16036        956       5256         44       1924     804999   ELF Image Totals
     16036        956       5256         44          0          0   ROM Totals

==============================================================================

    Total RO  Size (Code + RO Data)                21292 (  20.79kB)
    Total RW  Size (RW Data + ZI Data)              1968 (   1.92kB)
    Total ROM Size (Code + RO Data + RW Data)      21336 (  20.84kB)

==============================================================================

