Component: ARM Compiler 5.06 update 7 (build 960) Tool: armlink [4d3601]

==============================================================================

Section Cross References

    startup_stm32g431xx.o(STACK) refers (Special) to heapauxi.o(.text) for __use_two_region_memory
    startup_stm32g431xx.o(HEAP) refers (Special) to heapauxi.o(.text) for __use_two_region_memory
    startup_stm32g431xx.o(RESET) refers (Special) to heapauxi.o(.text) for __use_two_region_memory
    startup_stm32g431xx.o(RESET) refers to startup_stm32g431xx.o(STACK) for __initial_sp
    startup_stm32g431xx.o(RESET) refers to startup_stm32g431xx.o(.text) for Reset_Handler
    startup_stm32g431xx.o(RESET) refers to stm32g4xx_it.o(i.NMI_Handler) for NMI_Handler
    startup_stm32g431xx.o(RESET) refers to stm32g4xx_it.o(i.HardFault_Handler) for HardFault_Handler
    startup_stm32g431xx.o(RESET) refers to stm32g4xx_it.o(i.MemManage_Handler) for MemManage_Handler
    startup_stm32g431xx.o(RESET) refers to stm32g4xx_it.o(i.BusFault_Handler) for BusFault_Handler
    startup_stm32g431xx.o(RESET) refers to stm32g4xx_it.o(i.UsageFault_Handler) for UsageFault_Handler
    startup_stm32g431xx.o(RESET) refers to stm32g4xx_it.o(i.SVC_Handler) for SVC_Handler
    startup_stm32g431xx.o(RESET) refers to stm32g4xx_it.o(i.DebugMon_Handler) for DebugMon_Handler
    startup_stm32g431xx.o(RESET) refers to stm32g4xx_it.o(i.PendSV_Handler) for PendSV_Handler
    startup_stm32g431xx.o(RESET) refers to stm32g4xx_it.o(i.SysTick_Handler) for SysTick_Handler
    startup_stm32g431xx.o(RESET) refers to stm32g4xx_it.o(i.TIM4_IRQHandler) for TIM4_IRQHandler
    startup_stm32g431xx.o(RESET) refers to stm32g4xx_it.o(i.USART1_IRQHandler) for USART1_IRQHandler
    startup_stm32g431xx.o(.text) refers (Special) to heapauxi.o(.text) for __use_two_region_memory
    startup_stm32g431xx.o(.text) refers to system_stm32g4xx.o(i.SystemInit) for SystemInit
    startup_stm32g431xx.o(.text) refers to __main.o(!!!main) for __main
    startup_stm32g431xx.o(.text) refers to startup_stm32g431xx.o(HEAP) for Heap_Mem
    startup_stm32g431xx.o(.text) refers to startup_stm32g431xx.o(STACK) for Stack_Mem
    i2c_hal.o(i.I2CInit) refers to rt_memclr_w.o(.text) for __aeabi_memclr4
    i2c_hal.o(i.I2CInit) refers to stm32g4xx_hal_gpio.o(i.HAL_GPIO_Init) for HAL_GPIO_Init
    i2c_hal.o(i.I2CReceiveByte) refers to i2c_hal.o(i.SDA_Input_Mode) for SDA_Input_Mode
    i2c_hal.o(i.I2CReceiveByte) refers to i2c_hal.o(i.SCL_Output) for SCL_Output
    i2c_hal.o(i.I2CReceiveByte) refers to i2c_hal.o(i.delay1) for delay1
    i2c_hal.o(i.I2CReceiveByte) refers to i2c_hal.o(i.SDA_Input) for SDA_Input
    i2c_hal.o(i.I2CReceiveByte) refers to i2c_hal.o(i.SDA_Output_Mode) for SDA_Output_Mode
    i2c_hal.o(i.I2CSendAck) refers to i2c_hal.o(i.SDA_Output) for SDA_Output
    i2c_hal.o(i.I2CSendAck) refers to i2c_hal.o(i.delay1) for delay1
    i2c_hal.o(i.I2CSendAck) refers to i2c_hal.o(i.SCL_Output) for SCL_Output
    i2c_hal.o(i.I2CSendByte) refers to i2c_hal.o(i.SCL_Output) for SCL_Output
    i2c_hal.o(i.I2CSendByte) refers to i2c_hal.o(i.delay1) for delay1
    i2c_hal.o(i.I2CSendByte) refers to i2c_hal.o(i.SDA_Output) for SDA_Output
    i2c_hal.o(i.I2CSendNotAck) refers to i2c_hal.o(i.SDA_Output) for SDA_Output
    i2c_hal.o(i.I2CSendNotAck) refers to i2c_hal.o(i.delay1) for delay1
    i2c_hal.o(i.I2CSendNotAck) refers to i2c_hal.o(i.SCL_Output) for SCL_Output
    i2c_hal.o(i.I2CStart) refers to i2c_hal.o(i.SDA_Output) for SDA_Output
    i2c_hal.o(i.I2CStart) refers to i2c_hal.o(i.delay1) for delay1
    i2c_hal.o(i.I2CStart) refers to i2c_hal.o(i.SCL_Output) for SCL_Output
    i2c_hal.o(i.I2CStop) refers to i2c_hal.o(i.SCL_Output) for SCL_Output
    i2c_hal.o(i.I2CStop) refers to i2c_hal.o(i.delay1) for delay1
    i2c_hal.o(i.I2CStop) refers to i2c_hal.o(i.SDA_Output) for SDA_Output
    i2c_hal.o(i.I2CWaitAck) refers to i2c_hal.o(i.SDA_Input_Mode) for SDA_Input_Mode
    i2c_hal.o(i.I2CWaitAck) refers to i2c_hal.o(i.delay1) for delay1
    i2c_hal.o(i.I2CWaitAck) refers to i2c_hal.o(i.SCL_Output) for SCL_Output
    i2c_hal.o(i.I2CWaitAck) refers to i2c_hal.o(i.SDA_Input) for SDA_Input
    i2c_hal.o(i.I2CWaitAck) refers to i2c_hal.o(i.SDA_Output_Mode) for SDA_Output_Mode
    i2c_hal.o(i.I2CWaitAck) refers to i2c_hal.o(i.I2CStop) for I2CStop
    i2c_hal.o(i.SDA_Input) refers to stm32g4xx_hal_gpio.o(i.HAL_GPIO_ReadPin) for HAL_GPIO_ReadPin
    i2c_hal.o(i.SDA_Input_Mode) refers to rt_memclr_w.o(.text) for __aeabi_memclr4
    i2c_hal.o(i.SDA_Input_Mode) refers to stm32g4xx_hal_gpio.o(i.HAL_GPIO_Init) for HAL_GPIO_Init
    i2c_hal.o(i.SDA_Output_Mode) refers to rt_memclr_w.o(.text) for __aeabi_memclr4
    i2c_hal.o(i.SDA_Output_Mode) refers to stm32g4xx_hal_gpio.o(i.HAL_GPIO_Init) for HAL_GPIO_Init
    lcd.o(i.LCD_BusIn) refers to rt_memclr_w.o(.text) for __aeabi_memclr4
    lcd.o(i.LCD_BusIn) refers to stm32g4xx_hal_gpio.o(i.HAL_GPIO_Init) for HAL_GPIO_Init
[...]
    i.HAL_UART_TxCpltCallback                0x08003248   Section        0  stm32g4xx_hal_uart.o(i.HAL_UART_TxCpltCallback)
    i.HardFault_Handler                      0x0800324a   Section        0  stm32g4xx_it.o(i.HardFault_Handler)
    i.I2CInit                                0x0800324c   Section        0  i2c_hal.o(i.I2CInit)
    i.I2CReceiveByte                         0x08003278   Section        0  i2c_hal.o(i.I2CReceiveByte)
    i.I2CSendByte                            0x080032c6   Section        0  i2c_hal.o(i.I2CSendByte)
    i.I2CStart                               0x08003314   Section        0  i2c_hal.o(i.I2CStart)
    i.I2CStop                                0x0800334a   Section        0  i2c_hal.o(i.I2CStop)
    i.I2CWaitAck                             0x08003380   Section        0  i2c_hal.o(i.I2CWaitAck)
    i.LCD_BusIn                              0x080033d0   Section        0  lcd.o(i.LCD_BusIn)
    i.LCD_BusOut                             0x080033fc   Section        0  lcd.o(i.LCD_BusOut)
    i.LCD_Clear                              0x0800342c   Section        0  lcd.o(i.LCD_Clear)
    i.LCD_CtrlLinesConfig                    0x08003450   Section        0  lcd.o(i.LCD_CtrlLinesConfig)
    i.LCD_DisplayChar                        0x080034e0   Section        0  lcd.o(i.LCD_DisplayChar)
    i.LCD_DisplayStringLine                  0x080034f8   Section        0  lcd.o(i.LCD_DisplayStringLine)
    i.LCD_DrawChar                           0x08003524   Section        0  lcd.o(i.LCD_DrawChar)
    i.LCD_Init                               0x0800357c   Section        0  lcd.o(i.LCD_Init)
    i.LCD_ReadReg                            0x080035b0   Section        0  lcd.o(i.LCD_ReadReg)
    i.LCD_SetBackColor                       0x08003630   Section        0  lcd.o(i.LCD_SetBackColor)
    i.LCD_SetCursor                          0x08003640   Section        0  lcd.o(i.LCD_SetCursor)
    i.LCD_SetTextColor                       0x08003658   Section        0  lcd.o(i.LCD_SetTextColor)
    i.LCD_WriteRAM                           0x08003668   Section        0  lcd.o(i.LCD_WriteRAM)
    i.LCD_WriteRAM_Prepare                   0x080036c0   Section        0  lcd.o(i.LCD_WriteRAM_Prepare)
    i.LCD_WriteReg                           0x0800371c   Section        0  lcd.o(i.LCD_WriteReg)
    i.MX_GPIO_Init                           0x08003788   Section        0  gpio.o(i.MX_GPIO_Init)
    i.MX_TIM2_Init                           0x0800385c   Section        0  tim.o(i.MX_TIM2_Init)
    i.MX_TIM4_Init                           0x080038f8   Section        0  tim.o(i.MX_TIM4_Init)
    i.MX_USART1_UART_Init                    0x08003960   Section        0  usart.o(i.MX_USART1_UART_Init)
    i.MemManage_Handler                      0x080039c8   Section        0  stm32g4xx_it.o(i.MemManage_Handler)
    i.NMI_Handler                            0x080039ca   Section        0  stm32g4xx_it.o(i.NMI_Handler)
    i.PendSV_Handler                         0x080039cc   Section        0  stm32g4xx_it.o(i.PendSV_Handler)
    i.REG_8230_Init                          0x080039ce   Section        0  lcd.o(i.REG_8230_Init)
    i.REG_932X_Init                          0x08003ae0   Section        0  lcd.o(i.REG_932X_Init)
    i.SCL_Output                             0x08003ce4   Section        0  i2c_hal.o(i.SCL_Output)
    i.SDA_Input                              0x08003cfc   Section        0  i2c_hal.o(i.SDA_Input)
    i.SDA_Input_Mode                         0x08003d14   Section        0  i2c_hal.o(i.SDA_Input_Mode)
    i.SDA_Output                             0x08003d40   Section        0  i2c_hal.o(i.SDA_Output)
    i.SDA_Output_Mode                        0x08003d58   Section        0  i2c_hal.o(i.SDA_Output_Mode)
    i.SVC_Handler                            0x08003d84   Section        0  stm32g4xx_it.o(i.SVC_Handler)
    i.SysTick_Handler                        0x08003d86   Section        0  stm32g4xx_it.o(i.SysTick_Handler)
    i.SystemClock_Config                     0x08003d8a   Section        0  main.o(i.SystemClock_Config)
    i.SystemInit                             0x08003e0c   Section        0  system_stm32g4xx.o(i.SystemInit)
    i.TIM4_IRQHandler                        0x08003e1c   Section        0  stm32g4xx_it.o(i.TIM4_IRQHandler)
    i.TIM_Base_SetConfig                     0x08003e28   Section        0  stm32g4xx_hal_tim.o(i.TIM_Base_SetConfig)
    i.TIM_CCxChannelCmd                      0x08003ed8   Section        0  stm32g4xx_hal_tim.o(i.TIM_CCxChannelCmd)
    i.TIM_ETR_SetConfig                      0x08003ef2   Section        0  stm32g4xx_hal_tim.o(i.TIM_ETR_SetConfig)
    i.TIM_ITRx_SetConfig                     0x08003f08   Section        0  stm32g4xx_hal_tim.o(i.TIM_ITRx_SetConfig)
    TIM_ITRx_SetConfig                       0x08003f09   Thumb Code    16  stm32g4xx_hal_tim.o(i.TIM_ITRx_SetConfig)
    i.TIM_OC1_SetConfig                      0x08003f1c   Section        0  stm32g4xx_hal_tim.o(i.TIM_OC1_SetConfig)
    TIM_OC1_SetConfig                        0x08003f1d   Thumb Code   132  stm32g4xx_hal_tim.o(i.TIM_OC1_SetConfig)
    i.TIM_OC2_SetConfig                      0x08003fb8   Section        0  stm32g4xx_hal_tim.o(i.TIM_OC2_SetConfig)
    i.TIM_OC3_SetConfig                      0x08004048   Section        0  stm32g4xx_hal_tim.o(i.TIM_OC3_SetConfig)
    TIM_OC3_SetConfig                        0x08004049   Thumb Code   118  stm32g4xx_hal_tim.o(i.TIM_OC3_SetConfig)
    i.TIM_OC4_SetConfig                      0x080040d8   Section        0  stm32g4xx_hal_tim.o(i.TIM_OC4_SetConfig)
    TIM_OC4_SetConfig                        0x080040d9   Thumb Code   120  stm32g4xx_hal_tim.o(i.TIM_OC4_SetConfig)
    i.TIM_OC5_SetConfig                      0x08004168   Section        0  stm32g4xx_hal_tim.o(i.TIM_OC5_SetConfig)
    TIM_OC5_SetConfig                        0x08004169   Thumb Code    86  stm32g4xx_hal_tim.o(i.TIM_OC5_SetConfig)
    i.TIM_OC6_SetConfig                      0x080041d8   Section        0  stm32g4xx_hal_tim.o(i.TIM_OC6_SetConfig)
    TIM_OC6_SetConfig                        0x080041d9   Thumb Code    88  stm32g4xx_hal_tim.o(i.TIM_OC6_SetConfig)
    i.TIM_TI1_ConfigInputStage               0x08004248   Section        0  stm32g4xx_hal_tim.o(i.TIM_TI1_ConfigInputStage)
    TIM_TI1_ConfigInputStage                 0x08004249   Thumb Code    34  stm32g4xx_hal_tim.o(i.TIM_TI1_ConfigInputStage)
    i.TIM_TI2_ConfigInputStage               0x0800426a   Section        0  stm32g4xx_hal_tim.o(i.TIM_TI2_ConfigInputStage)
    TIM_TI2_ConfigInputStage                 0x0800426b   Thumb Code    36  stm32g4xx_hal_tim.o(i.TIM_TI2_ConfigInputStage)
    i.UARTEx_SetNbDataToProcess              0x08004290   Section        0  stm32g4xx_hal_uart_ex.o(i.UARTEx_SetNbDataToProcess)
    UARTEx_SetNbDataToProcess                0x08004291   Thumb Code    62  stm32g4xx_hal_uart_ex.o(i.UARTEx_SetNbDataToProcess)
    i.UART_AdvFeatureConfig                  0x080042d4   Section        0  stm32g4xx_hal_uart.o(i.UART_AdvFeatureConfig)
    i.UART_CheckIdleState                    0x0800439c   Section        0  stm32g4xx_hal_uart.o(i.UART_CheckIdleState)
    i.UART_DMAAbortOnError                   0x080043fc   Section        0  stm32g4xx_hal_uart.o(i.UART_DMAAbortOnError)
    UART_DMAAbortOnError                     0x080043fd   Thumb Code    20  stm32g4xx_hal_uart.o(i.UART_DMAAbortOnError)
    i.UART_EndRxTransfer                     0x08004410   Section        0  stm32g4xx_hal_uart.o(i.UART_EndRxTransfer)
    UART_EndRxTransfer                       0x08004411   Thumb Code    50  stm32g4xx_hal_uart.o(i.UART_EndRxTransfer)
    i.UART_RxISR_16BIT                       0x08004448   Section        0  stm32g4xx_hal_uart.o(i.UART_RxISR_16BIT)
    UART_RxISR_16BIT                         0x08004449   Thumb Code   128  stm32g4xx_hal_uart.o(i.UART_RxISR_16BIT)
    i.UART_RxISR_16BIT_FIFOEN                0x080044c8   Section        0  stm32g4xx_hal_uart.o(i.UART_RxISR_16BIT_FIFOEN)
    UART_RxISR_16BIT_FIFOEN                  0x080044c9   Thumb Code   306  stm32g4xx_hal_uart.o(i.UART_RxISR_16BIT_FIFOEN)
    i.UART_RxISR_8BIT                        0x08004604   Section        0  stm32g4xx_hal_uart.o(i.UART_RxISR_8BIT)
    UART_RxISR_8BIT                          0x08004605   Thumb Code   128  stm32g4xx_hal_uart.o(i.UART_RxISR_8BIT)
    i.UART_RxISR_8BIT_FIFOEN                 0x08004684   Section        0  stm32g4xx_hal_uart.o(i.UART_RxISR_8BIT_FIFOEN)
    UART_RxISR_8BIT_FIFOEN                   0x08004685   Thumb Code   306  stm32g4xx_hal_uart.o(i.UART_RxISR_8BIT_FIFOEN)
    i.UART_SetConfig                         0x080047c0   Section        0  stm32g4xx_hal_uart.o(i.UART_SetConfig)
    i.UART_Start_Receive_IT                  0x08004a34   Section        0  stm32g4xx_hal_uart.o(i.UART_Start_Receive_IT)
    i.UART_WaitOnFlagUntilTimeout            0x08004b0c   Section        0  stm32g4xx_hal_uart.o(i.UART_WaitOnFlagUntilTimeout)
    i.USART1_IRQHandler                      0x08004bb0   Section        0  stm32g4xx_it.o(i.USART1_IRQHandler)
    i.UsageFault_Handler                     0x08004bbc   Section        0  stm32g4xx_it.o(i.UsageFault_Handler)
    i.__ARM_fpclassify                       0x08004bbe   Section        0  fpclassify.o(i.__ARM_fpclassify)
    i.__NVIC_SetPriority                     0x08004bee   Section        0  stm32g4xx_hal_cortex.o(i.__NVIC_SetPriority)
    __NVIC_SetPriority                       0x08004bef   Thumb Code    32  stm32g4xx_hal_cortex.o(i.__NVIC_SetPriority)
    i._is_digit                              0x08004c0e   Section        0  __printf_wp.o(i._is_digit)
    i.delay1                                 0x08004c1c   Section        0  i2c_hal.o(i.delay1)
    delay1                                   0x08004c1d   Thumb Code    12  i2c_hal.o(i.delay1)
    i.key_Proc                               0x08004c28   Section        0  main.o(i.key_Proc)
    i.key_scan                               0x08004dec   Section        0  main.o(i.key_scan)
    i.lcd_Proc                               0x08004e64   Section        0  main.o(i.lcd_Proc)
    i.led_Proc                               0x08004fbc   Section        0  main.o(i.led_Proc)
    i.led_dis                                0x08005020   Section        0  main.o(i.led_dis)
    i.main                                   0x08005074   Section        0  main.o(i.main)
    i.x24c02_read                            0x08005148   Section        0  main.o(i.x24c02_read)
    i.x24c02_write                           0x08005184   Section        0  main.o(i.x24c02_write)
    locale$$code                             0x080051bc   Section       44  lc_numeric_c.o(locale$$code)
    x$fpl$dadd                               0x080051e8   Section      336  daddsub_clz.o(x$fpl$dadd)
    $v0                                      0x080051e8   Number         0  daddsub_clz.o(x$fpl$dadd)
    _dadd1                                   0x080051f9   Thumb Code     0  daddsub_clz.o(x$fpl$dadd)
    x$fpl$dfltu                              0x08005338   Section       38  dflt_clz.o(x$fpl$dfltu)
    $v0                                      0x08005338   Number         0  dflt_clz.o(x$fpl$dfltu)
    x$fpl$dmul                               0x08005360   Section      340  dmul.o(x$fpl$dmul)
    $v0                                      0x08005360   Number         0  dmul.o(x$fpl$dmul)
    x$fpl$dnaninf                            0x080054b4   Section      156  dnaninf.o(x$fpl$dnaninf)
    $v0                                      0x080054b4   Number         0  dnaninf.o(x$fpl$dnaninf)
    x$fpl$dretinf                            0x08005550   Section       12  dretinf.o(x$fpl$dretinf)
    $v0                                      0x08005550   Number         0  dretinf.o(x$fpl$dretinf)
    x$fpl$dsub                               0x0800555c   Section      468  daddsub_clz.o(x$fpl$dsub)
    $v0                                      0x0800555c   Number         0  daddsub_clz.o(x$fpl$dsub)
    _dsub1                                   0x0800556d   Thumb Code     0  daddsub_clz.o(x$fpl$dsub)
    x$fpl$fpinit                             0x08005730   Section       10  fpinit.o(x$fpl$fpinit)
    $v0                                      0x08005730   Number         0  fpinit.o(x$fpl$fpinit)
    x$fpl$printf1                            0x0800573a   Section        4  printf1.o(x$fpl$printf1)
    $v0                                      0x0800573a   Number         0  printf1.o(x$fpl$printf1)
    .constdata                               0x0800573e   Section     4560  lcd.o(.constdata)
    x$fpl$usenofp                            0x0800573e   Section        0  usenofp.o(x$fpl$usenofp)
    .constdata                               0x0800690e   Section       24  stm32g4xx_hal_uart.o(.constdata)
    .constdata                               0x08006926   Section       16  stm32g4xx_hal_uart_ex.o(.constdata)
    numerator                                0x08006926   Data           8  stm32g4xx_hal_uart_ex.o(.constdata)
    denominator                              0x0800692e   Data           8  stm32g4xx_hal_uart_ex.o(.constdata)
    .constdata                               0x08006936   Section       16  system_stm32g4xx.o(.constdata)
    .constdata                               0x08006946   Section        8  system_stm32g4xx.o(.constdata)
    .constdata                               0x0800694e   Section       17  __printf_flags_wp.o(.constdata)
    maptable                                 0x0800694e   Data          17  __printf_flags_wp.o(.constdata)
    .constdata                               0x08006960   Section      148  bigflt0.o(.constdata)
    tenpwrs_x                                0x08006960   Data          60  bigflt0.o(.constdata)
    tenpwrs_i                                0x0800699c   Data          64  bigflt0.o(.constdata)
    locale$$data                             0x08006a14   Section       28  lc_numeric_c.o(locale$$data)
    __lcnum_c_name                           0x08006a18   Data           2  lc_numeric_c.o(locale$$data)
    __lcnum_c_start                          0x08006a20   Data           0  lc_numeric_c.o(locale$$data)
    __lcnum_c_point                          0x08006a2c   Data           0  lc_numeric_c.o(locale$$data)
    __lcnum_c_thousands                      0x08006a2e   Data           0  lc_numeric_c.o(locale$$data)
    __lcnum_c_grouping                       0x08006a2f   Data           0  lc_numeric_c.o(locale$$data)
    __lcnum_c_end                            0x08006a30   Data           0  lc_numeric_c.o(locale$$data)
    .data                                    0x20000000   Section        6  lcd.o(.data)
    TextColor                                0x20000000   Data           2  lcd.o(.data)
    BackColor                                0x20000002   Data           2  lcd.o(.data)
    .data                                    0x20000006   Section       20  main.o(.data)
    .data                                    0x2000001c   Section       12  stm32g4xx_hal.o(.data)
    .data                                    0x20000028   Section        4  system_stm32g4xx.o(.data)
    .bss                                     0x2000002c   Section      113  main.o(.bss)
    .bss                                     0x200000a0   Section      152  tim.o(.bss)
    .bss                                     0x20000138   Section      144  usart.o(.bss)
    .bss                                     0x200001c8   Section       96  libspace.o(.bss)
    HEAP                                     0x20000228   Section      512  startup_stm32g431xx.o(HEAP)
    Heap_Mem                                 0x20000228   Data         512  startup_stm32g431xx.o(HEAP)
    STACK                                    0x20000428   Section     1024  startup_stm32g431xx.o(STACK)
    Stack_Mem                                0x20000428   Data        1024  startup_stm32g431xx.o(STACK)
    __initial_sp                             0x20000828   Data           0  startup_stm32g431xx.o(STACK)

    Global Symbols

    Symbol Name                              Value     Ov Type        Size  Object(Section)

    BuildAttributes$$THM_ISAv4$E$P$D$K$B$S$7EM$VFPi3$EXTD16$VFPS$VFMA$PE$A:L22UL41UL21$X:L11$S22US41US21$IEEE1$IW$USESV6$~STKCKD$USESV7$~SHL$OTIME$ROPI$IEEEJ$EBA8$UX$STANDARDLIB$REQ8$PRES8$EABIv2 0x00000000   Number         0  anon$$obj.o ABSOLUTE
    __ARM_use_no_argv                        0x00000000   Number         0  main.o ABSOLUTE
    _printf_flags                            0x00000000   Number         0  printf_stubs.o ABSOLUTE
    _printf_return_value                     0x00000000   Number         0  printf_stubs.o ABSOLUTE
    _printf_sizespec                         0x00000000   Number         0  printf_stubs.o ABSOLUTE
    _printf_widthprec                        0x00000000   Number         0  printf_stubs.o ABSOLUTE
    __ARM_exceptions_init                     - Undefined Weak Reference
    __alloca_initialize                       - Undefined Weak Reference
    __arm_fini_                               - Undefined Weak Reference
    __arm_preinit_                            - Undefined Weak Reference
    __cpp_initialize__aeabi_                  - Undefined Weak Reference
    __cxa_finalize                            - Undefined Weak Reference
    __sigvec_lookup                           - Undefined Weak Reference
    _atexit_init                              - Undefined Weak Reference
    _call_atexit_fns                          - Undefined Weak Reference
    _clock_init                               - Undefined Weak Reference
    _fp_trap_init                             - Undefined Weak Reference
    _fp_trap_shutdown                         - Undefined Weak Reference
    _get_lc_collate                           - Undefined Weak Reference
    _get_lc_ctype                             - Undefined Weak Reference
    _get_lc_monetary                          - Undefined Weak Reference
    _get_lc_time                              - Undefined Weak Reference
    _getenv_init                              - Undefined Weak Reference
    _handle_redirection                       - Undefined Weak Reference
    _init_alloc                               - Undefined Weak Reference
    _init_user_alloc                          - Undefined Weak Reference
    _initio                                   - Undefined Weak Reference
    _printf_truncate_signed                   - Undefined Weak Reference
    _printf_truncate_unsigned                 - Undefined Weak Reference
    _rand_init                                - Undefined Weak Reference
    _signal_finish                            - Undefined Weak Reference
    _signal_init                              - Undefined Weak Reference
    _terminate_alloc                          - Undefined Weak Reference
    _terminate_user_alloc                     - Undefined Weak Reference
    _terminateio                              - Undefined Weak Reference
    __Vectors_Size                           0x000001d8   Number         0  startup_stm32g431xx.o ABSOLUTE
    __Vectors                                0x08000000   Data           4  startup_stm32g431xx.o(RESET)
    __Vectors_End                            0x080001d8   Data           0  startup_stm32g431xx.o(RESET)
    __main                                   0x080001d9   Thumb Code     8  __main.o(!!!main)
    __scatterload                            0x080001e1   Thumb Code     0  __scatter.o(!!!scatter)
    __scatterload_rt2                        0x080001e1   Thumb Code    44  __scatter.o(!!!scatter)
    __scatterload_rt2_thumb_only             0x080001e1   Thumb Code     0  __scatter.o(!!!scatter)
    __scatterload_null                       0x080001ef   Thumb Code     0  __scatter.o(!!!scatter)
    __scatterload_copy                       0x08000215   Thumb Code    26  __scatter_copy.o(!!handler_copy)
    __scatterload_zeroinit                   0x08000231   Thumb Code    28  __scatter_zi.o(!!handler_zi)
    _printf_f                                0x0800024d   Thumb Code     0  _printf_f.o(.ARM.Collect$$_printf_percent$$00000003)
    _printf_percent                          0x0800024d   Thumb Code     0  _printf_percent.o(.ARM.Collect$$_printf_percent$$00000000)
    _printf_d                                0x08000253   Thumb Code     0  _printf_d.o(.ARM.Collect$$_printf_percent$$00000009)
    _printf_percent_end                      0x08000259   Thumb Code     0  _printf_percent_end.o(.ARM.Collect$$_printf_percent$$00000017)
    __rt_lib_init                            0x0800025d   Thumb Code     0  libinit.o(.ARM.Collect$$libinit$$00000000)
    __rt_lib_init_fp_1                       0x0800025f   Thumb Code     0  libinit2.o(.ARM.Collect$$libinit$$00000001)
    __rt_lib_init_heap_1                     0x08000263   Thumb Code     0  libinit2.o(.ARM.Collect$$libinit$$0000000A)
    __rt_lib_init_lc_common                  0x08000263   Thumb Code     0  libinit2.o(.ARM.Collect$$libinit$$0000000F)
    __rt_lib_init_preinit_1                  0x08000263   Thumb Code     0  libinit2.o(.ARM.Collect$$libinit$$00000004)
    __rt_lib_init_rand_1                     0x08000263   Thumb Code     0  libinit2.o(.ARM.Collect$$libinit$$0000000E)
    __rt_lib_init_user_alloc_1               0x08000263   Thumb Code     0  libinit2.o(.ARM.Collect$$libinit$$0000000C)
    __rt_lib_init_lc_collate_1               0x08000269   Thumb Code     0  libinit2.o(.ARM.Collect$$libinit$$00000011)
    __rt_lib_init_lc_ctype_1                 0x08000269   Thumb Code     0  libinit2.o(.ARM.Collect$$libinit$$00000013)
    __rt_lib_init_lc_monetary_1              0x08000269   Thumb Code     0  libinit2.o(.ARM.Collect$$libinit$$00000015)
    __rt_lib_init_lc_numeric_2               0x08000269   Thumb Code     0  libinit2.o(.ARM.Collect$$libinit$$00000016)
    __rt_lib_init_alloca_1                   0x08000273   Thumb Code     0  libinit2.o(.ARM.Collect$$libinit$$0000002E)
    __rt_lib_init_argv_1                     0x08000273   Thumb Code     0  libinit2.o(.ARM.Collect$$libinit$$0000002C)
    __rt_lib_init_atexit_1                   0x08000273   Thumb Code     0  libinit2.o(.ARM.Collect$$libinit$$0000001B)
    __rt_lib_init_clock_1                    0x08000273   Thumb Code     0  libinit2.o(.ARM.Collect$$libinit$$00000021)
    __rt_lib_init_cpp_1                      0x08000273   Thumb Code     0  libinit2.o(.ARM.Collect$$libinit$$00000032)
    __rt_lib_init_exceptions_1               0x08000273   Thumb Code     0  libinit2.o(.ARM.Collect$$libinit$$00000030)
    __rt_lib_init_fp_trap_1                  0x08000273   Thumb Code     0  libinit2.o(.ARM.Collect$$libinit$$0000001F)
    __rt_lib_init_getenv_1                   0x08000273   Thumb Code     0  libinit2.o(.ARM.Collect$$libinit$$00000023)
    __rt_lib_init_lc_numeric_1               0x08000273   Thumb Code     0  libinit2.o(.ARM.Collect$$libinit$$00000017)
    __rt_lib_init_lc_time_1                  0x08000273   Thumb Code     0  libinit2.o(.ARM.Collect$$libinit$$00000019)
    __rt_lib_init_return                     0x08000273   Thumb Code     0  libinit2.o(.ARM.Collect$$libinit$$00000033)
    __rt_lib_init_signal_1                   0x08000273   Thumb Code     0  libinit2.o(.ARM.Collect$$libinit$$0000001D)
    __rt_lib_init_stdio_1                    0x08000273   Thumb Code     0  libinit2.o(.ARM.Collect$$libinit$$00000025)
    __rt_lib_shutdown                        0x08000275   Thumb Code     0  libshutdown.o(.ARM.Collect$$libshutdown$$00000000)
    __rt_lib_shutdown_cpp_1                  0x08000277   Thumb Code     0  libshutdown2.o(.ARM.Collect$$libshutdown$$00000004)
    __rt_lib_shutdown_fini_1                 0x08000277   Thumb Code     0  libshutdown2.o(.ARM.Collect$$libshutdown$$00000002)
    __rt_lib_shutdown_fp_trap_1              0x08000277   Thumb Code     0  libshutdown2.o(.ARM.Collect$$libshutdown$$00000009)
    __rt_lib_shutdown_heap_1                 0x08000277   Thumb Code     0  libshutdown2.o(.ARM.Collect$$libshutdown$$00000011)
    __rt_lib_shutdown_return                 0x08000277   Thumb Code     0  libshutdown2.o(.ARM.Collect$$libshutdown$$00000012)
    __rt_lib_shutdown_signal_1               0x08000277   Thumb Code     0  libshutdown2.o(.ARM.Collect$$libshutdown$$0000000C)
    __rt_lib_shutdown_stdio_1                0x08000277   Thumb Code     0  libshutdown2.o(.ARM.Collect$$libshutdown$$00000006)
    __rt_lib_shutdown_user_alloc_1           0x08000277   Thumb Code     0  libshutdown2.o(.ARM.Collect$$libshutdown$$0000000E)
    __rt_entry                               0x08000279   Thumb Code     0  __rtentry.o(.ARM.Collect$$rtentry$$00000000)
    __rt_entry_presh_1                       0x08000279   Thumb Code     0  __rtentry2.o(.ARM.Collect$$rtentry$$00000002)
    __rt_entry_sh                            0x08000279   Thumb Code     0  __rtentry4.o(.ARM.Collect$$rtentry$$00000004)
    __rt_entry_li                            0x0800027f   Thumb Code     0  __rtentry2.o(.ARM.Collect$$rtentry$$0000000A)
    __rt_entry_postsh_1                      0x0800027f   Thumb Code     0  __rtentry2.o(.ARM.Collect$$rtentry$$00000009)
    __rt_entry_main                          0x08000283   Thumb Code     0  __rtentry2.o(.ARM.Collect$$rtentry$$0000000D)
    __rt_entry_postli_1                      0x08000283   Thumb Code     0  __rtentry2.o(.ARM.Collect$$rtentry$$0000000C)
    __rt_exit                                0x0800028b   Thumb Code     0  rtexit.o(.ARM.Collect$$rtexit$$00000000)
    __rt_exit_ls                             0x0800028d   Thumb Code     0  rtexit2.o(.ARM.Collect$$rtexit$$00000003)
    __rt_exit_prels_1                        0x0800028d   Thumb Code     0  rtexit2.o(.ARM.Collect$$rtexit$$00000002)
    __rt_exit_exit                           0x08000291   Thumb Code     0  rtexit2.o(.ARM.Collect$$rtexit$$00000004)
    Reset_Handler                            0x08000299   Thumb Code     8  startup_stm32g431xx.o(.text)
    ADC1_2_IRQHandler                        0x080002b3   Thumb Code     0  startup_stm32g431xx.o(.text)
    COMP1_2_3_IRQHandler                     0x080002b3   Thumb Code     0  startup_stm32g431xx.o(.text)
    COMP4_IRQHandler                         0x080002b3   Thumb Code     0  startup_stm32g431xx.o(.text)
    CORDIC_IRQHandler                        0x080002b3   Thumb Code     0  startup_stm32g431xx.o(.text)
    CRS_IRQHandler                           0x080002b3   Thumb Code     0  startup_stm32g431xx.o(.text)
    DMA1_Channel1_IRQHandler                 0x080002b3   Thumb Code     0  startup_stm32g431xx.o(.text)
    DMA1_Channel2_IRQHandler                 0x080002b3   Thumb Code     0  startup_stm32g431xx.o(.text)
    DMA1_Channel3_IRQHandler                 0x080002b3   Thumb Code     0  startup_stm32g431xx.o(.text)
    DMA1_Channel4_IRQHandler                 0x080002b3   Thumb Code     0  startup_stm32g431xx.o(.text)
    DMA1_Channel5_IRQHandler                 0x080002b3   Thumb Code     0  startup_stm32g431xx.o(.text)
    DMA1_Channel6_IRQHandler                 0x080002b3   Thumb Code     0  startup_stm32g431xx.o(.text)
    DMA2_Channel1_IRQHandler                 0x080002b3   Thumb Code     0  startup_stm32g431xx.o(.text)
    DMA2_Channel2_IRQHandler                 0x080002b3   Thumb Code     0  startup_stm32g431xx.o(.text)
    DMA2_Channel3_IRQHandler                 0x080002b3   Thumb Code     0  startup_stm32g431xx.o(.text)
    DMA2_Channel4_IRQHandler                 0x080002b3   Thumb Code     0  startup_stm32g431xx.o(.text)
    DMA2_Channel5_IRQHandler                 0x080002b3   Thumb Code     0  startup_stm32g431xx.o(.text)
    DMA2_Channel6_IRQHandler                 0x080002b3   Thumb Code     0  startup_stm32g431xx.o(.text)
    DMAMUX_OVR_IRQHandler                    0x080002b3   Thumb Code     0  startup_stm32g431xx.o(.text)
    EXTI0_IRQHandler                         0x080002b3   Thumb Code     0  startup_stm32g431xx.o(.text)
    EXTI15_10_IRQHandler                     0x080002b3   Thumb Code     0  startup_stm32g431xx.o(.text)
    EXTI1_IRQHandler                         0x080002b3   Thumb Code     0  startup_stm32g431xx.o(.text)
    EXTI2_IRQHandler                         0x080002b3   Thumb Code     0  startup_stm32g431xx.o(.text)
    EXTI3_IRQHandler                         0x080002b3   Thumb Code     0  startup_stm32g431xx.o(.text)
    EXTI4_IRQHandler                         0x080002b3   Thumb Code     0  startup_stm32g431xx.o(.text)
    EXTI9_5_IRQHandler                       0x080002b3   Thumb Code     0  startup_stm32g431xx.o(.text)
    FDCAN1_IT0_IRQHandler                    0x080002b3   Thumb Code     0  startup_stm32g431xx.o(.text)
    FDCAN1_IT1_IRQHandler                    0x080002b3   Thumb Code     0  startup_stm32g431xx.o(.text)
    FLASH_IRQHandler                         0x080002b3   Thumb Code     0  startup_stm32g431xx.o(.text)
    FMAC_IRQHandler                          0x080002b3   Thumb Code     0  startup_stm32g431xx.o(.text)
    FPU_IRQHandler                           0x080002b3   Thumb Code     0  startup_stm32g431xx.o(.text)
    I2C1_ER_IRQHandler                       0x080002b3   Thumb Code     0  startup_stm32g431xx.o(.text)
    I2C1_EV_IRQHandler                       0x080002b3   Thumb Code     0  startup_stm32g431xx.o(.text)
    I2C2_ER_IRQHandler                       0x080002b3   Thumb Code     0  startup_stm32g431xx.o(.text)
    I2C2_EV_IRQHandler                       0x080002b3   Thumb Code     0  startup_stm32g431xx.o(.text)
    I2C3_ER_IRQHandler                       0x080002b3   Thumb Code     0  startup_stm32g431xx.o(.text)
    I2C3_EV_IRQHandler                       0x080002b3   Thumb Code     0  startup_stm32g431xx.o(.text)
    LPTIM1_IRQHandler                        0x080002b3   Thumb Code     0  startup_stm32g431xx.o(.text)
    LPUART1_IRQHandler                       0x080002b3   Thumb Code     0  startup_stm32g431xx.o(.text)
    PVD_PVM_IRQHandler                       0x080002b3   Thumb Code     0  startup_stm32g431xx.o(.text)
    RCC_IRQHandler                           0x080002b3   Thumb Code     0  startup_stm32g431xx.o(.text)
    RNG_IRQHandler                           0x080002b3   Thumb Code     0  startup_stm32g431xx.o(.text)
    RTC_Alarm_IRQHandler                     0x080002b3   Thumb Code     0  startup_stm32g431xx.o(.text)
    RTC_TAMP_LSECSS_IRQHandler               0x080002b3   Thumb Code     0  startup_stm32g431xx.o(.text)
    RTC_WKUP_IRQHandler                      0x080002b3   Thumb Code     0  startup_stm32g431xx.o(.text)
    SAI1_IRQHandler                          0x080002b3   Thumb Code     0  startup_stm32g431xx.o(.text)
    SPI1_IRQHandler                          0x080002b3   Thumb Code     0  startup_stm32g431xx.o(.text)
    SPI2_IRQHandler                          0x080002b3   Thumb Code     0  startup_stm32g431xx.o(.text)
    SPI3_IRQHandler                          0x080002b3   Thumb Code     0  startup_stm32g431xx.o(.text)
    TIM1_BRK_TIM15_IRQHandler                0x080002b3   Thumb Code     0  startup_stm32g431xx.o(.text)
    TIM1_CC_IRQHandler                       0x080002b3   Thumb Code     0  startup_stm32g431xx.o(.text)
    TIM1_TRG_COM_TIM17_IRQHandler            0x080002b3   Thumb Code     0  startup_stm32g431xx.o(.text)
    TIM1_UP_TIM16_IRQHandler                 0x080002b3   Thumb Code     0  startup_stm32g431xx.o(.text)
    TIM2_IRQHandler                          0x080002b3   Thumb Code     0  startup_stm32g431xx.o(.text)
    TIM3_IRQHandler                          0x080002b3   Thumb Code     0  startup_stm32g431xx.o(.text)
    TIM6_DAC_IRQHandler                      0x080002b3   Thumb Code     0  startup_stm32g431xx.o(.text)
    TIM7_IRQHandler                          0x080002b3   Thumb Code     0  startup_stm32g431xx.o(.text)
    TIM8_BRK_IRQHandler                      0x080002b3   Thumb Code     0  startup_stm32g431xx.o(.text)
    TIM8_CC_IRQHandler                       0x080002b3   Thumb Code     0  startup_stm32g431xx.o(.text)
    TIM8_TRG_COM_IRQHandler                  0x080002b3   Thumb Code     0  startup_stm32g431xx.o(.text)
    TIM8_UP_IRQHandler                       0x080002b3   Thumb Code     0  startup_stm32g431xx.o(.text)
    UART4_IRQHandler                         0x080002b3   Thumb Code     0  startup_stm32g431xx.o(.text)
    UCPD1_IRQHandler                         0x080002b3   Thumb Code     0  startup_stm32g431xx.o(.text)
    USART2_IRQHandler                        0x080002b3   Thumb Code     0  startup_stm32g431xx.o(.text)
    USART3_IRQHandler                        0x080002b3   Thumb Code     0  startup_stm32g431xx.o(.text)
    USBWakeUp_IRQHandler                     0x080002b3   Thumb Code     0  startup_stm32g431xx.o(.text)
    USB_HP_IRQHandler                        0x080002b3   Thumb Code     0  startup_stm32g431xx.o(.text)
    USB_LP_IRQHandler                        0x080002b3   Thumb Code     0  startup_stm32g431xx.o(.text)
    WWDG_IRQHandler                          0x080002b3   Thumb Code     0  startup_stm32g431xx.o(.text)
    __user_initial_stackheap                 0x080002b5   Thumb Code     0  startup_stm32g431xx.o(.text)
    __aeabi_uldivmod                         0x080002d9   Thumb Code     0  lludivv7m.o(.text)
    _ll_udiv                                 0x080002d9   Thumb Code   238  lludivv7m.o(.text)
    __2sprintf                               0x080003c9   Thumb Code    34  noretval__2sprintf.o(.text)
    _printf_pre_padding                      0x080003f1   Thumb Code    44  _printf_pad.o(.text)
    _printf_post_padding                     0x0800041d   Thumb Code    34  _printf_pad.o(.text)
    _printf_int_dec                          0x08000441   Thumb Code   104  _printf_dec.o(.text)
    __printf                                 0x080004b9   Thumb Code   308  __printf_flags_wp.o(.text)
    __aeabi_memclr4                          0x080005f1   Thumb Code     0  rt_memclr_w.o(.text)
    __aeabi_memclr8                          0x080005f1   Thumb Code     0  rt_memclr_w.o(.text)
    __rt_memclr_w                            0x080005f1   Thumb Code    78  rt_memclr_w.o(.text)
    _memset_w                                0x080005f5   Thumb Code     0  rt_memclr_w.o(.text)
    __use_two_region_memory                  0x0800063f   Thumb Code     2  heapauxi.o(.text)
    __rt_heap_escrow$2region                 0x08000641   Thumb Code     2  heapauxi.o(.text)
    __rt_heap_expand$2region                 0x08000643   Thumb Code     2  heapauxi.o(.text)
    _printf_int_common                       0x08000645   Thumb Code   178  _printf_intcommon.o(.text)
    __lib_sel_fp_printf                      0x080006f7   Thumb Code     2  _printf_fp_dec.o(.text)
    _printf_fp_dec_real                      0x080008a9   Thumb Code   620  _printf_fp_dec.o(.text)
    _printf_char_common                      0x08000b1f   Thumb Code    32  _printf_char_common.o(.text)
    _sputc                                   0x08000b45   Thumb Code    10  _sputc.o(.text)
    __rt_locale                              0x08000b51   Thumb Code     8  rt_locale_intlibspace.o(.text)
    _ll_udiv10                               0x08000b59   Thumb Code   138  lludiv10.o(.text)
    _printf_fp_infnan                        0x08000be5   Thumb Code   112  _printf_fp_infnan.o(.text)
    _btod_etento                             0x08000c65   Thumb Code   224  bigflt0.o(.text)
    __user_libspace                          0x08000d49   Thumb Code     8  libspace.o(.text)
    __user_perproc_libspace                  0x08000d49   Thumb Code     0  libspace.o(.text)
    __user_perthread_libspace                0x08000d49   Thumb Code     0  libspace.o(.text)
    __user_setup_stackheap                   0x08000d51   Thumb Code    74  sys_stackheap_outer.o(.text)
    exit                                     0x08000d9b   Thumb Code    18  exit.o(.text)
    strcmp                                   0x08000dad   Thumb Code   128  strcmpv7m.o(.text)
    _sys_exit                                0x08000e2d   Thumb Code     8  sys_exit.o(.text)
    __I$use$semihosting                      0x08000e39   Thumb Code     0  use_no_semi.o(.text)
    __use_no_semihosting_swi                 0x08000e39   Thumb Code     2  use_no_semi.o(.text)
    __semihosting_library_function           0x08000e3b   Thumb Code     0  indicate_semi.o(.text)
    _btod_d2e                                0x08000e3b   Thumb Code    62  btod.o(CL$$btod_d2e)
    _d2e_denorm_low                          0x08000e79   Thumb Code    70  btod.o(CL$$btod_d2e_denorm_low)
    _d2e_norm_op1                            0x08000ebf   Thumb Code    96  btod.o(CL$$btod_d2e_norm_op1)
    __btod_div_common                        0x08000f1f   Thumb Code   696  btod.o(CL$$btod_div_common)
    _e2e                                     0x08001257   Thumb Code   220  btod.o(CL$$btod_e2e)
    _btod_ediv                               0x08001333   Thumb Code    42  btod.o(CL$$btod_ediv)
    _btod_emul                               0x0800135d   Thumb Code    42  btod.o(CL$$btod_emul)
    __btod_mult_common                       0x08001387   Thumb Code   580  btod.o(CL$$btod_mult_common)
    BusFault_Handler                         0x080015cb   Thumb Code     2  stm32g4xx_it.o(i.BusFault_Handler)
    DebugMon_Handler                         0x080015cd   Thumb Code     2  stm32g4xx_it.o(i.DebugMon_Handler)
    Delay_LCD                                0x080015cf   Thumb Code    28  lcd.o(i.Delay_LCD)
    Error_Handler                            0x080015eb   Thumb Code     4  main.o(i.Error_Handler)
    HAL_DMA_Abort                            0x080015ef   Thumb Code   106  stm32g4xx_hal_dma.o(i.HAL_DMA_Abort)
    HAL_DMA_Abort_IT                         0x08001659   Thumb Code   120  stm32g4xx_hal_dma.o(i.HAL_DMA_Abort_IT)
    HAL_Delay                                0x080016d1   Thumb Code    32  stm32g4xx_hal.o(i.HAL_Delay)
    HAL_GPIO_Init                            0x080016f5   Thumb Code   422  stm32g4xx_hal_gpio.o(i.HAL_GPIO_Init)
    HAL_GPIO_ReadPin                         0x080018bd   Thumb Code    10  stm32g4xx_hal_gpio.o(i.HAL_GPIO_ReadPin)
    HAL_GPIO_WritePin                        0x080018c7   Thumb Code    10  stm32g4xx_hal_gpio.o(i.HAL_GPIO_WritePin)
    HAL_GetTick                              0x080018d1   Thumb Code     6  stm32g4xx_hal.o(i.HAL_GetTick)
    HAL_IncTick                              0x080018dd   Thumb Code    12  stm32g4xx_hal.o(i.HAL_IncTick)
    HAL_Init                                 0x080018ed   Thumb Code    30  stm32g4xx_hal.o(i.HAL_Init)
    HAL_InitTick                             0x0800190d   Thumb Code    58  stm32g4xx_hal.o(i.HAL_InitTick)
    HAL_MspInit                              0x08001951   Thumb Code    50  stm32g4xx_hal_msp.o(i.HAL_MspInit)
    HAL_NVIC_EnableIRQ                       0x08001989   Thumb Code    26  stm32g4xx_hal_cortex.o(i.HAL_NVIC_EnableIRQ)
    HAL_NVIC_SetPriority                     0x080019a5   Thumb Code    60  stm32g4xx_hal_cortex.o(i.HAL_NVIC_SetPriority)
    HAL_NVIC_SetPriorityGrouping             0x080019e5   Thumb Code    26  stm32g4xx_hal_cortex.o(i.HAL_NVIC_SetPriorityGrouping)
    HAL_PWREx_ControlVoltageScaling          0x08001a09   Thumb Code   174  stm32g4xx_hal_pwr_ex.o(i.HAL_PWREx_ControlVoltageScaling)
    HAL_PWREx_DisableUCPDDeadBattery         0x08001ac5   Thumb Code    12  stm32g4xx_hal_pwr_ex.o(i.HAL_PWREx_DisableUCPDDeadBattery)
    HAL_RCCEx_PeriphCLKConfig                0x08001ad5   Thumb Code   638  stm32g4xx_hal_rcc_ex.o(i.HAL_RCCEx_PeriphCLKConfig)
    HAL_RCC_ClockConfig                      0x08001d5d   Thumb Code   444  stm32g4xx_hal_rcc.o(i.HAL_RCC_ClockConfig)
    HAL_RCC_GetPCLK1Freq                     0x08001f39   Thumb Code    24  stm32g4xx_hal_rcc.o(i.HAL_RCC_GetPCLK1Freq)
    HAL_RCC_GetPCLK2Freq                     0x08001f5d   Thumb Code    24  stm32g4xx_hal_rcc.o(i.HAL_RCC_GetPCLK2Freq)
    HAL_RCC_GetSysClockFreq                  0x08001f81   Thumb Code    98  stm32g4xx_hal_rcc.o(i.HAL_RCC_GetSysClockFreq)
    HAL_RCC_OscConfig                        0x08001ff1   Thumb Code  1036  stm32g4xx_hal_rcc.o(i.HAL_RCC_OscConfig)
    HAL_SYSTICK_Config                       0x080023fd   Thumb Code    40  stm32g4xx_hal_cortex.o(i.HAL_SYSTICK_Config)
    HAL_TIMEx_Break2Callback                 0x08002425   Thumb Code     2  stm32g4xx_hal_tim_ex.o(i.HAL_TIMEx_Break2Callback)
    HAL_TIMEx_BreakCallback                  0x08002427   Thumb Code     2  stm32g4xx_hal_tim_ex.o(i.HAL_TIMEx_BreakCallback)
    HAL_TIMEx_CommutCallback                 0x08002429   Thumb Code     2  stm32g4xx_hal_tim_ex.o(i.HAL_TIMEx_CommutCallback)
    HAL_TIMEx_DirectionChangeCallback        0x0800242b   Thumb Code     2  stm32g4xx_hal_tim_ex.o(i.HAL_TIMEx_DirectionChangeCallback)
    HAL_TIMEx_EncoderIndexCallback           0x0800242d   Thumb Code     2  stm32g4xx_hal_tim_ex.o(i.HAL_TIMEx_EncoderIndexCallback)
    HAL_TIMEx_IndexErrorCallback             0x0800242f   Thumb Code     2  stm32g4xx_hal_tim_ex.o(i.HAL_TIMEx_IndexErrorCallback)
    HAL_TIMEx_MasterConfigSynchronization    0x08002431   Thumb Code   132  stm32g4xx_hal_tim_ex.o(i.HAL_TIMEx_MasterConfigSynchronization)
    HAL_TIMEx_TransitionErrorCallback        0x080024cd   Thumb Code     2  stm32g4xx_hal_tim_ex.o(i.HAL_TIMEx_TransitionErrorCallback)
    HAL_TIM_Base_Init                        0x080024cf   Thumb Code    98  stm32g4xx_hal_tim.o(i.HAL_TIM_Base_Init)
    HAL_TIM_Base_MspInit                     0x08002531   Thumb Code    72  tim.o(i.HAL_TIM_Base_MspInit)
    HAL_TIM_Base_Start_IT                    0x08002581   Thumb Code    94  stm32g4xx_hal_tim.o(i.HAL_TIM_Base_Start_IT)
    HAL_TIM_ConfigClockSource                0x080025f9   Thumb Code   240  stm32g4xx_hal_tim.o(i.HAL_TIM_ConfigClockSource)
    HAL_TIM_IC_CaptureCallback               0x080026f1   Thumb Code     2  stm32g4xx_hal_tim.o(i.HAL_TIM_IC_CaptureCallback)
    HAL_TIM_IRQHandler                       0x080026f3   Thumb Code   508  stm32g4xx_hal_tim.o(i.HAL_TIM_IRQHandler)
    HAL_TIM_MspPostInit                      0x080028f1   Thumb Code    70  tim.o(i.HAL_TIM_MspPostInit)
    HAL_TIM_OC_DelayElapsedCallback          0x0800293d   Thumb Code     2  stm32g4xx_hal_tim.o(i.HAL_TIM_OC_DelayElapsedCallback)
    HAL_TIM_PWM_ConfigChannel                0x0800293f   Thumb Code   286  stm32g4xx_hal_tim.o(i.HAL_TIM_PWM_ConfigChannel)
    HAL_TIM_PWM_Init                         0x08002a5d   Thumb Code    98  stm32g4xx_hal_tim.o(i.HAL_TIM_PWM_Init)
    HAL_TIM_PWM_MspInit                      0x08002abf   Thumb Code     2  stm32g4xx_hal_tim.o(i.HAL_TIM_PWM_MspInit)
    HAL_TIM_PWM_PulseFinishedCallback        0x08002ac1   Thumb Code     2  stm32g4xx_hal_tim.o(i.HAL_TIM_PWM_PulseFinishedCallback)
    HAL_TIM_PWM_Start_IT                     0x08002ac5   Thumb Code   258  stm32g4xx_hal_tim.o(i.HAL_TIM_PWM_Start_IT)
    HAL_TIM_PeriodElapsedCallback            0x08002be9   Thumb Code    64  main.o(i.HAL_TIM_PeriodElapsedCallback)
    HAL_TIM_TriggerCallback                  0x08002c31   Thumb Code     2  stm32g4xx_hal_tim.o(i.HAL_TIM_TriggerCallback)
    HAL_UARTEx_DisableFifoMode               0x08002c33   Thumb Code    62  stm32g4xx_hal_uart_ex.o(i.HAL_UARTEx_DisableFifoMode)
    HAL_UARTEx_RxEventCallback               0x08002c71   Thumb Code     2  stm32g4xx_hal_uart.o(i.HAL_UARTEx_RxEventCallback)
    HAL_UARTEx_RxFifoFullCallback            0x08002c73   Thumb Code     2  stm32g4xx_hal_uart_ex.o(i.HAL_UARTEx_RxFifoFullCallback)
    HAL_UARTEx_SetRxFifoThreshold            0x08002c75   Thumb Code    76  stm32g4xx_hal_uart_ex.o(i.HAL_UARTEx_SetRxFifoThreshold)
    HAL_UARTEx_SetTxFifoThreshold            0x08002cc1   Thumb Code    76  stm32g4xx_hal_uart_ex.o(i.HAL_UARTEx_SetTxFifoThreshold)
    HAL_UARTEx_TxFifoEmptyCallback           0x08002d0d   Thumb Code     2  stm32g4xx_hal_uart_ex.o(i.HAL_UARTEx_TxFifoEmptyCallback)
    HAL_UARTEx_WakeupCallback                0x08002d0f   Thumb Code     2  stm32g4xx_hal_uart_ex.o(i.HAL_UARTEx_WakeupCallback)
    HAL_UART_ErrorCallback                   0x08002d11   Thumb Code     2  stm32g4xx_hal_uart.o(i.HAL_UART_ErrorCallback)
    HAL_UART_IRQHandler                      0x08002d15   Thumb Code   632  stm32g4xx_hal_uart.o(i.HAL_UART_IRQHandler)
    HAL_UART_Init                            0x08002f99   Thumb Code   106  stm32g4xx_hal_uart.o(i.HAL_UART_Init)
    HAL_UART_MspInit                         0x08003005   Thumb Code   106  usart.o(i.HAL_UART_MspInit)
    HAL_UART_Receive_IT                      0x08003079   Thumb Code    70  stm32g4xx_hal_uart.o(i.HAL_UART_Receive_IT)
    HAL_UART_RxCpltCallback                  0x080030c5   Thumb Code   140  main.o(i.HAL_UART_RxCpltCallback)
    HAL_UART_Transmit                        0x0800318d   Thumb Code   188  stm32g4xx_hal_uart.o(i.HAL_UART_Transmit)
    HAL_UART_TxCpltCallback                  0x08003249   Thumb Code     2  stm32g4xx_hal_uart.o(i.HAL_UART_TxCpltCallback)
    HardFault_Handler                        0x0800324b   Thumb Code     2  stm32g4xx_it.o(i.HardFault_Handler)
    I2CInit                                  0x0800324d   Thumb Code    38  i2c_hal.o(i.I2CInit)
    I2CReceiveByte                           0x08003279   Thumb Code    78  i2c_hal.o(i.I2CReceiveByte)
    I2CSendByte                              0x080032c7   Thumb Code    78  i2c_hal.o(i.I2CSendByte)
    I2CStart                                 0x08003315   Thumb Code    54  i2c_hal.o(i.I2CStart)
    I2CStop                                  0x0800334b   Thumb Code    54  i2c_hal.o(i.I2CStop)
    I2CWaitAck                               0x08003381   Thumb Code    80  i2c_hal.o(i.I2CWaitAck)
    LCD_BusIn                                0x080033d1   Thumb Code    40  lcd.o(i.LCD_BusIn)
    LCD_BusOut                               0x080033fd   Thumb Code    42  lcd.o(i.LCD_BusOut)
    LCD_Clear                                0x0800342d   Thumb Code    36  lcd.o(i.LCD_Clear)
    LCD_CtrlLinesConfig                      0x08003451   Thumb Code   136  lcd.o(i.LCD_CtrlLinesConfig)
    LCD_DisplayChar                          0x080034e1   Thumb Code    18  lcd.o(i.LCD_DisplayChar)
    LCD_DisplayStringLine                    0x080034f9   Thumb Code    42  lcd.o(i.LCD_DisplayStringLine)
    LCD_DrawChar                             0x08003525   Thumb Code    84  lcd.o(i.LCD_DrawChar)
    LCD_Init                                 0x0800357d   Thumb Code    46  lcd.o(i.LCD_Init)
    LCD_ReadReg                              0x080035b1   Thumb Code   120  lcd.o(i.LCD_ReadReg)
    LCD_SetBackColor                         0x08003631   Thumb Code    12  lcd.o(i.LCD_SetBackColor)
    LCD_SetCursor                            0x08003641   Thumb Code    24  lcd.o(i.LCD_SetCursor)
    LCD_SetTextColor                         0x08003659   Thumb Code    12  lcd.o(i.LCD_SetTextColor)
    LCD_WriteRAM                             0x08003669   Thumb Code    80  lcd.o(i.LCD_WriteRAM)
    LCD_WriteRAM_Prepare                     0x080036c1   Thumb Code    82  lcd.o(i.LCD_WriteRAM_Prepare)
    LCD_WriteReg                             0x0800371d   Thumb Code   100  lcd.o(i.LCD_WriteReg)
    MX_GPIO_Init                             0x08003789   Thumb Code   196  gpio.o(i.MX_GPIO_Init)
    MX_TIM2_Init                             0x0800385d   Thumb Code   152  tim.o(i.MX_TIM2_Init)
    MX_TIM4_Init                             0x080038f9   Thumb Code    96  tim.o(i.MX_TIM4_Init)
    MX_USART1_UART_Init                      0x08003961   Thumb Code    94  usart.o(i.MX_USART1_UART_Init)
    MemManage_Handler                        0x080039c9   Thumb Code     2  stm32g4xx_it.o(i.MemManage_Handler)
    NMI_Handler                              0x080039cb   Thumb Code     2  stm32g4xx_it.o(i.NMI_Handler)
    PendSV_Handler                           0x080039cd   Thumb Code     2  stm32g4xx_it.o(i.PendSV_Handler)
    REG_8230_Init                            0x080039cf   Thumb Code   274  lcd.o(i.REG_8230_Init)
    REG_932X_Init                            0x08003ae1   Thumb Code   514  lcd.o(i.REG_932X_Init)
    SCL_Output                               0x08003ce5   Thumb Code    20  i2c_hal.o(i.SCL_Output)
    SDA_Input                                0x08003cfd   Thumb Code    18  i2c_hal.o(i.SDA_Input)
    SDA_Input_Mode                           0x08003d15   Thumb Code    40  i2c_hal.o(i.SDA_Input_Mode)
    SDA_Output                               0x08003d41   Thumb Code    20  i2c_hal.o(i.SDA_Output)
    SDA_Output_Mode                          0x08003d59   Thumb Code    40  i2c_hal.o(i.SDA_Output_Mode)
    SVC_Handler                              0x08003d85   Thumb Code     2  stm32g4xx_it.o(i.SVC_Handler)
    SysTick_Handler                          0x08003d87   Thumb Code     4  stm32g4xx_it.o(i.SysTick_Handler)
    SystemClock_Config                       0x08003d8b   Thumb Code   130  main.o(i.SystemClock_Config)
    SystemInit                               0x08003e0d   Thumb Code    12  system_stm32g4xx.o(i.SystemInit)
    TIM4_IRQHandler                          0x08003e1d   Thumb Code     6  stm32g4xx_it.o(i.TIM4_IRQHandler)
    TIM_Base_SetConfig                       0x08003e29   Thumb Code   146  stm32g4xx_hal_tim.o(i.TIM_Base_SetConfig)
    TIM_CCxChannelCmd                        0x08003ed9   Thumb Code    26  stm32g4xx_hal_tim.o(i.TIM_CCxChannelCmd)
    TIM_ETR_SetConfig                        0x08003ef3   Thumb Code    20  stm32g4xx_hal_tim.o(i.TIM_ETR_SetConfig)
    TIM_OC2_SetConfig                        0x08003fb9   Thumb Code   120  stm32g4xx_hal_tim.o(i.TIM_OC2_SetConfig)
    UART_AdvFeatureConfig                    0x080042d5   Thumb Code   200  stm32g4xx_hal_uart.o(i.UART_AdvFeatureConfig)
    UART_CheckIdleState                      0x0800439d   Thumb Code    96  stm32g4xx_hal_uart.o(i.UART_CheckIdleState)
    UART_SetConfig                           0x080047c1   Thumb Code   582  stm32g4xx_hal_uart.o(i.UART_SetConfig)
    UART_Start_Receive_IT                    0x08004a35   Thumb Code   198  stm32g4xx_hal_uart.o(i.UART_Start_Receive_IT)
    UART_WaitOnFlagUntilTimeout              0x08004b0d   Thumb Code   164  stm32g4xx_hal_uart.o(i.UART_WaitOnFlagUntilTimeout)
    USART1_IRQHandler                        0x08004bb1   Thumb Code     6  stm32g4xx_it.o(i.USART1_IRQHandler)
    UsageFault_Handler                       0x08004bbd   Thumb Code     2  stm32g4xx_it.o(i.UsageFault_Handler)
    __ARM_fpclassify                         0x08004bbf   Thumb Code    48  fpclassify.o(i.__ARM_fpclassify)
    _is_digit                                0x08004c0f   Thumb Code    14  __printf_wp.o(i._is_digit)
    key_Proc                                 0x08004c29   Thumb Code   410  main.o(i.key_Proc)
    key_scan                                 0x08004ded   Thumb Code   114  main.o(i.key_scan)
    lcd_Proc                                 0x08004e65   Thumb Code   220  main.o(i.lcd_Proc)
    led_Proc                                 0x08004fbd   Thumb Code    92  main.o(i.led_Proc)
    led_dis                                  0x08005021   Thumb Code    74  main.o(i.led_dis)
    main                                     0x08005075   Thumb Code   192  main.o(i.main)
    x24c02_read                              0x08005149   Thumb Code    60  main.o(i.x24c02_read)
    x24c02_write                             0x08005185   Thumb Code    54  main.o(i.x24c02_write)
    _get_lc_numeric                          0x080051bd   Thumb Code    44  lc_numeric_c.o(locale$$code)
    __aeabi_dadd                             0x080051e9   Thumb Code     0  daddsub_clz.o(x$fpl$dadd)
    _dadd                                    0x080051e9   Thumb Code   332  daddsub_clz.o(x$fpl$dadd)
    __aeabi_ui2d                             0x08005339   Thumb Code     0  dflt_clz.o(x$fpl$dfltu)
    _dfltu                                   0x08005339   Thumb Code    38  dflt_clz.o(x$fpl$dfltu)
    __aeabi_dmul                             0x08005361   Thumb Code     0  dmul.o(x$fpl$dmul)
    _dmul                                    0x08005361   Thumb Code   332  dmul.o(x$fpl$dmul)
    __fpl_dnaninf                            0x080054b5   Thumb Code   156  dnaninf.o(x$fpl$dnaninf)
    __fpl_dretinf                            0x08005551   Thumb Code    12  dretinf.o(x$fpl$dretinf)
    __aeabi_dsub                             0x0800555d   Thumb Code     0  daddsub_clz.o(x$fpl$dsub)
    _dsub                                    0x0800555d   Thumb Code   464  daddsub_clz.o(x$fpl$dsub)
    _fp_init                                 0x08005731   Thumb Code    10  fpinit.o(x$fpl$fpinit)
    __fplib_config_fpu_vfp                   0x08005739   Thumb Code     0  fpinit.o(x$fpl$fpinit)
    __fplib_config_pureend_doubles           0x08005739   Thumb Code     0  fpinit.o(x$fpl$fpinit)
    _printf_fp_dec                           0x0800573b   Thumb Code     4  printf1.o(x$fpl$printf1)
    ASCII_Table                              0x0800573e   Data        4560  lcd.o(.constdata)
    __I$use$fp                               0x0800573e   Number         0  usenofp.o(x$fpl$usenofp)
    UARTPrescTable                           0x0800690e   Data          24  stm32g4xx_hal_uart.o(.constdata)
    AHBPrescTable                            0x08006936   Data          16  system_stm32g4xx.o(.constdata)
    APBPrescTable                            0x08006946   Data           8  system_stm32g4xx.o(.constdata)
    Region$$Table$$Base                      0x080069f4   Number         0  anon$$obj.o(Region$$Table)
    Region$$Table$$Limit                     0x08006a14   Number         0  anon$$obj.o(Region$$Table)
    dummy                                    0x20000004   Data           2  lcd.o(.data)
    sta_lcd                                  0x20000006   Data           1  main.o(.data)
    cnt1                                     0x20000007   Data           1  main.o(.data)
    cnt3                                     0x20000008   Data           1  main.o(.data)
    key_val                                  0x20000009   Data           1  main.o(.data)
    key_down                                 0x2000000a   Data           1  main.o(.data)
    key_up                                   0x2000000b   Data           1  main.o(.data)
    key_old                                  0x2000000c   Data           1  main.o(.data)
    led_in                                   0x2000000d   Data           1  main.o(.data)
    led4                                     0x2000000e   Data           1  main.o(.data)
    tt                                       0x2000000f   Data           1  main.o(.data)
    time_ctl                                 0x20000010   Data           1  main.o(.data)
    start1                                   0x20000011   Data           1  main.o(.data)
    cnt2                                     0x20000012   Data           2  main.o(.data)
    x                                        0x20000014   Data           3  main.o(.data)
    y                                        0x20000017   Data           3  main.o(.data)
    uwTickPrio                               0x2000001c   Data           4  stm32g4xx_hal.o(.data)
    uwTickFreq                               0x20000020   Data           4  stm32g4xx_hal.o(.data)
    uwTick                                   0x20000024   Data           4  stm32g4xx_hal.o(.data)
    SystemCoreClock                          0x20000028   Data           4  system_stm32g4xx.o(.data)
    ptr                                      0x2000002c   Data          30  main.o(.bss)
    rx_data                                  0x2000004a   Data          20  main.o(.bss)
    tx                                       0x2000005e   Data          21  main.o(.bss)
    tx1                                      0x20000073   Data          21  main.o(.bss)
    tx2                                      0x20000088   Data          21  main.o(.bss)
    htim2                                    0x200000a0   Data          76  tim.o(.bss)
    htim4                                    0x200000ec   Data          76  tim.o(.bss)
    huart1                                   0x20000138   Data         144  usart.o(.bss)
    __libspace_start                         0x200001c8   Data          96  libspace.o(.bss)
    __temporary_stack_top$libspace           0x20000228   Data           0  libspace.o(.bss)



==============================================================================

Memory Map of the image

  Image Entry point : 0x080001d9

  Load Region LR_IROM1 (Base: 0x08000000, Size: 0x00006a5c, Max: 0x00020000, ABSOLUTE)

    Execution Region ER_IROM1 (Exec base: 0x08000000, Load base: 0x08000000, Size: 0x00006a30, Max: 0x00020000, ABSOLUTE)

    Exec Addr    Load Addr    Size         Type   Attr      Idx    E Section Name        Object

    0x08000000   0x08000000   0x000001d8   Data   RO            3    RESET               startup_stm32g431xx.o
    0x080001d8   0x080001d8   0x00000008   Code   RO         4006  * !!!main             c_w.l(__main.o)
    0x080001e0   0x080001e0   0x00000034   Code   RO         4250    !!!scatter          c_w.l(__scatter.o)
    0x08000214   0x08000214   0x0000001a   Code   RO         4252    !!handler_copy      c_w.l(__scatter_copy.o)
    0x0800022e   0x0800022e   0x00000002   PAD
    0x08000230   0x08000230   0x0000001c   Code   RO         4254    !!handler_zi        c_w.l(__scatter_zi.o)
    0x0800024c   0x0800024c   0x00000000   Code   RO         4001    .ARM.Collect$$_printf_percent$$00000000  c_w.l(_printf_percent.o)
    0x0800024c   0x0800024c   0x00000006   Code   RO         4000    .ARM.Collect$$_printf_percent$$00000003  c_w.l(_printf_f.o)
    0x08000252   0x08000252   0x00000006   Code   RO         3999    .ARM.Collect$$_printf_percent$$00000009  c_w.l(_printf_d.o)
    0x08000258   0x08000258   0x00000004   Code   RO         4037    .ARM.Collect$$_printf_percent$$00000017  c_w.l(_printf_percent_end.o)
    0x0800025c   0x0800025c   0x00000002   Code   RO         4121    .ARM.Collect$$libinit$$00000000  c_w.l(libinit.o)
    0x0800025e   0x0800025e   0x00000004   Code   RO         4122    .ARM.Collect$$libinit$$00000001  c_w.l(libinit2.o)
    0x08000262   0x08000262   0x00000000   Code   RO         4125    .ARM.Collect$$libinit$$00000004  c_w.l(libinit2.o)
    0x08000262   0x08000262   0x00000000   Code   RO         4128    .ARM.Collect$$libinit$$0000000A  c_w.l(libinit2.o)
    0x08000262   0x08000262   0x00000000   Code   RO         4130    .ARM.Collect$$libinit$$0000000C  c_w.l(libinit2.o)
    0x08000262   0x08000262   0x00000000   Code   RO         4132    .ARM.Collect$$libinit$$0000000E  c_w.l(libinit2.o)
    0x08000262   0x08000262   0x00000006   Code   RO         4133    .ARM.Collect$$libinit$$0000000F  c_w.l(libinit2.o)
    0x08000268   0x08000268   0x00000000   Code   RO         4135    .ARM.Collect$$libinit$$00000011  c_w.l(libinit2.o)
    0x08000268   0x08000268   0x00000000   Code   RO         4137    .ARM.Collect$$libinit$$00000013  c_w.l(libinit2.o)
    0x08000268   0x08000268   0x00000000   Code   RO         4139    .ARM.Collect$$libinit$$00000015  c_w.l(libinit2.o)
    0x08000268   0x08000268   0x0000000a   Code   RO         4140    .ARM.Collect$$libinit$$00000016  c_w.l(libinit2.o)
    0x08000272   0x08000272   0x00000000   Code   RO         4141    .ARM.Collect$$libinit$$00000017  c_w.l(libinit2.o)
    0x08000272   0x08000272   0x00000000   Code   RO         4143    .ARM.Collect$$libinit$$00000019  c_w.l(libinit2.o)
    0x08000272   0x08000272   0x00000000   Code   RO         4145    .ARM.Collect$$libinit$$0000001B  c_w.l(libinit2.o)
    0x08000272   0x08000272   0x00000000   Code   RO         4147    .ARM.Collect$$libinit$$0000001D  c_w.l(libinit2.o)
    0x08000272   0x08000272   0x00000000   Code   RO         4149    .ARM.Collect$$libinit$$0000001F  c_w.l(libinit2.o)
    0x08000272   0x08000272   0x00000000   Code   RO         4151    .ARM.Collect$$libinit$$00000021  c_w.l(libinit2.o)
    0x08000272   0x08000272   0x00000000   Code   RO         4153    .ARM.Collect$$libinit$$00000023  c_w.l(libinit2.o)
    0x08000272   0x08000272   0x00000000   Code   RO         4155    .ARM.Collect$$libinit$$00000025  c_w.l(libinit2.o)
    0x08000272   0x08000272   0x00000000   Code   RO         4159    .ARM.Collect$$libinit$$0000002C  c_w.l(libinit2.o)
    0x08000272   0x08000272   0x00000000   Code   RO         4161    .ARM.Collect$$libinit$$0000002E  c_w.l(libinit2.o)
    0x08000272   0x08000272   0x00000000   Code   RO         4163    .ARM.Collect$$libinit$$00000030  c_w.l(libinit2.o)
    0x08000272   0x08000272   0x00000000   Code   RO         4165    .ARM.Collect$$libinit$$00000032  c_w.l(libinit2.o)
    0x08000272   0x08000272   0x00000002   Code   RO         4166    .ARM.Collect$$libinit$$00000033  c_w.l(libinit2.o)
    0x08000274   0x08000274   0x00000002   Code   RO         4213    .ARM.Collect$$libshutdown$$00000000  c_w.l(libshutdown.o)
    0x08000276   0x08000276   0x00000000   Code   RO         4231    .ARM.Collect$$libshutdown$$00000002  c_w.l(libshutdown2.o)
    0x08000276   0x08000276   0x00000000   Code   RO         4233    .ARM.Collect$$libshutdown$$00000004  c_w.l(libshutdown2.o)
    0x08000276   0x08000276   0x00000000   Code   RO         4235    .ARM.Collect$$libshutdown$$00000006  c_w.l(libshutdown2.o)
    0x08000276   0x08000276   0x00000000   Code   RO         4238    .ARM.Collect$$libshutdown$$00000009  c_w.l(libshutdown2.o)
    0x08000276   0x08000276   0x00000000   Code   RO         4241    .ARM.Collect$$libshutdown$$0000000C  c_w.l(libshutdown2.o)
    0x08000276   0x08000276   0x00000000   Code   RO         4243    .ARM.Collect$$libshutdown$$0000000E  c_w.l(libshutdown2.o)
    0x08000276   0x08000276   0x00000000   Code   RO         4246    .ARM.Collect$$libshutdown$$00000011  c_w.l(libshutdown2.o)
    0x08000276   0x08000276   0x00000002   Code   RO         4247    .ARM.Collect$$libshutdown$$00000012  c_w.l(libshutdown2.o)
    0x08000278   0x08000278   0x00000000   Code   RO         4024    .ARM.Collect$$rtentry$$00000000  c_w.l(__rtentry.o)
    0x08000278   0x08000278   0x00000000   Code   RO         4044    .ARM.Collect$$rtentry$$00000002  c_w.l(__rtentry2.o)
    0x08000278   0x08000278   0x00000006   Code   RO         4056    .ARM.Collect$$rtentry$$00000004  c_w.l(__rtentry4.o)
    0x0800027e   0x0800027e   0x00000000   Code   RO         4046    .ARM.Collect$$rtentry$$00000009  c_w.l(__rtentry2.o)
    0x0800027e   0x0800027e   0x00000004   Code   RO         4047    .ARM.Collect$$rtentry$$0000000A  c_w.l(__rtentry2.o)
    0x08000282   0x08000282   0x00000000   Code   RO         4049    .ARM.Collect$$rtentry$$0000000C  c_w.l(__rtentry2.o)
    0x08000282   0x08000282   0x00000008   Code   RO         4050    .ARM.Collect$$rtentry$$0000000D  c_w.l(__rtentry2.o)
    0x0800028a   0x0800028a   0x00000002   Code   RO         4167    .ARM.Collect$$rtexit$$00000000  c_w.l(rtexit.o)
    0x0800028c   0x0800028c   0x00000000   Code   RO         4182    .ARM.Collect$$rtexit$$00000002  c_w.l(rtexit2.o)
    0x0800028c   0x0800028c   0x00000004   Code   RO         4183    .ARM.Collect$$rtexit$$00000003  c_w.l(rtexit2.o)
    0x08000290   0x08000290   0x00000006   Code   RO         4184    .ARM.Collect$$rtexit$$00000004  c_w.l(rtexit2.o)
    0x08000296   0x08000296   0x00000002   PAD
    0x08000298   0x08000298   0x00000040   Code   RO            4    .text               startup_stm32g431xx.o
    0x080002d8   0x080002d8   0x000000ee   Code   RO         3967    .text               c_w.l(lludivv7m.o)
    0x080003c6   0x080003c6   0x00000002   PAD
    0x080003c8   0x080003c8   0x00000028   Code   RO         3971    .text               c_w.l(noretval__2sprintf.o)
    0x080003f0   0x080003f0   0x0000004e   Code   RO         3975    .text               c_w.l(_printf_pad.o)
    0x0800043e   0x0800043e   0x00000002   PAD
    0x08000440   0x08000440   0x00000078   Code   RO         3977    .text               c_w.l(_printf_dec.o)
    0x080004b8   0x080004b8   0x00000138   Code   RO         3991    .text               c_w.l(__printf_flags_wp.o)
    0x080005f0   0x080005f0   0x0000004e   Code   RO         4002    .text               c_w.l(rt_memclr_w.o)
    0x0800063e   0x0800063e   0x00000006   Code   RO         4004    .text               c_w.l(heapauxi.o)
    0x08000644   0x08000644   0x000000b2   Code   RO         4029    .text               c_w.l(_printf_intcommon.o)
    0x080006f6   0x080006f6   0x0000041e   Code   RO         4031    .text               c_w.l(_printf_fp_dec.o)
    0x08000b14   0x08000b14   0x00000030   Code   RO         4033    .text               c_w.l(_printf_char_common.o)
    0x08000b44   0x08000b44   0x0000000a   Code   RO         4035    .text               c_w.l(_sputc.o)
    0x08000b4e   0x08000b4e   0x00000002   PAD
    0x08000b50   0x08000b50   0x00000008   Code   RO         4063    .text               c_w.l(rt_locale_intlibspace.o)
    0x08000b58   0x08000b58   0x0000008a   Code   RO         4065    .text               c_w.l(lludiv10.o)
    0x08000be2   0x08000be2   0x00000002   PAD
    0x08000be4   0x08000be4   0x00000080   Code   RO         4067    .text               c_w.l(_printf_fp_infnan.o)
    0x08000c64   0x08000c64   0x000000e4   Code   RO         4071    .text               c_w.l(bigflt0.o)
    0x08000d48   0x08000d48   0x00000008   Code   RO         4103    .text               c_w.l(libspace.o)
    0x08000d50   0x08000d50   0x0000004a   Code   RO         4106    .text               c_w.l(sys_stackheap_outer.o)
    0x08000d9a   0x08000d9a   0x00000012   Code   RO         4108    .text               c_w.l(exit.o)
    0x08000dac   0x08000dac   0x00000080   Code   RO         4114    .text               c_w.l(strcmpv7m.o)
    0x08000e2c   0x08000e2c   0x0000000c   Code   RO         4179    .text               c_w.l(sys_exit.o)
    0x08000e38   0x08000e38   0x00000002   Code   RO         4200    .text               c_w.l(use_no_semi.o)
    0x08000e3a   0x08000e3a   0x00000000   Code   RO         4202    .text               c_w.l(indicate_semi.o)
    0x08000e3a   0x08000e3a   0x0000003e   Code   RO         4074    CL$$btod_d2e        c_w.l(btod.o)
    0x08000e78   0x08000e78   0x00000046   Code   RO         4076    CL$$btod_d2e_denorm_low  c_w.l(btod.o)
    0x08000ebe   0x08000ebe   0x00000060   Code   RO         4075    CL$$btod_d2e_norm_op1  c_w.l(btod.o)
    0x08000f1e   0x08000f1e   0x00000338   Code   RO         4084    CL$$btod_div_common  c_w.l(btod.o)
    0x08001256   0x08001256   0x000000dc   Code   RO         4081    CL$$btod_e2e        c_w.l(btod.o)
    0x08001332   0x08001332   0x0000002a   Code   RO         4078    CL$$btod_ediv       c_w.l(btod.o)
    0x0800135c   0x0800135c   0x0000002a   Code   RO         4077    CL$$btod_emul       c_w.l(btod.o)
    0x08001386   0x08001386   0x00000244   Code   RO         4083    CL$$btod_mult_common  c_w.l(btod.o)
    0x080015ca   0x080015ca   0x00000002   Code   RO          666    i.BusFault_Handler  stm32g4xx_it.o
    0x080015cc   0x080015cc   0x00000002   Code   RO          667    i.DebugMon_Handler  stm32g4xx_it.o
    0x080015ce   0x080015ce   0x0000001c   Code   RO          212    i.Delay_LCD         lcd.o
    0x080015ea   0x080015ea   0x00000004   Code   RO          424    i.Error_Handler     main.o
    0x080015ee   0x080015ee   0x0000006a   Code   RO         2999    i.HAL_DMA_Abort     stm32g4xx_hal_dma.o
    0x08001658   0x08001658   0x00000078   Code   RO         3000    i.HAL_DMA_Abort_IT  stm32g4xx_hal_dma.o
    0x080016d0   0x080016d0   0x00000024   Code   RO         2170    i.HAL_Delay         stm32g4xx_hal.o
    0x080016f4   0x080016f4   0x000001c8   Code   RO         2861    i.HAL_GPIO_Init     stm32g4xx_hal_gpio.o
    0x080018bc   0x080018bc   0x0000000a   Code   RO         2863    i.HAL_GPIO_ReadPin  stm32g4xx_hal_gpio.o
    0x080018c6   0x080018c6   0x0000000a   Code   RO         2865    i.HAL_GPIO_WritePin  stm32g4xx_hal_gpio.o
    0x080018d0   0x080018d0   0x0000000c   Code   RO         2174    i.HAL_GetTick       stm32g4xx_hal.o
    0x080018dc   0x080018dc   0x00000010   Code   RO         2177    i.HAL_IncTick       stm32g4xx_hal.o
    0x080018ec   0x080018ec   0x0000001e   Code   RO         2178    i.HAL_Init          stm32g4xx_hal.o
    0x0800190a   0x0800190a   0x00000002   PAD
    0x0800190c   0x0800190c   0x00000044   Code   RO         2179    i.HAL_InitTick      stm32g4xx_hal.o
    0x08001950   0x08001950   0x00000038   Code   RO          754    i.HAL_MspInit       stm32g4xx_hal_msp.o
    0x08001988   0x08001988   0x0000001a   Code   RO         3268    i.HAL_NVIC_EnableIRQ  stm32g4xx_hal_cortex.o
    0x080019a2   0x080019a2   0x00000002   PAD
    0x080019a4   0x080019a4   0x00000040   Code   RO         3274    i.HAL_NVIC_SetPriority  stm32g4xx_hal_cortex.o
    0x080019e4   0x080019e4   0x00000024   Code   RO         3275    i.HAL_NVIC_SetPriorityGrouping  stm32g4xx_hal_cortex.o
    0x08001a08   0x08001a08   0x000000bc   Code   RO         1924    i.HAL_PWREx_ControlVoltageScaling  stm32g4xx_hal_pwr_ex.o
    0x08001ac4   0x08001ac4   0x00000010   Code   RO         1936    i.HAL_PWREx_DisableUCPDDeadBattery  stm32g4xx_hal_pwr_ex.o
    0x08001ad4   0x08001ad4   0x00000288   Code   RO         2523    i.HAL_RCCEx_PeriphCLKConfig  stm32g4xx_hal_rcc_ex.o
    0x08001d5c   0x08001d5c   0x000001dc   Code   RO         2398    i.HAL_RCC_ClockConfig  stm32g4xx_hal_rcc.o
    0x08001f38   0x08001f38   0x00000024   Code   RO         2406    i.HAL_RCC_GetPCLK1Freq  stm32g4xx_hal_rcc.o
    0x08001f5c   0x08001f5c   0x00000024   Code   RO         2407    i.HAL_RCC_GetPCLK2Freq  stm32g4xx_hal_rcc.o
    0x08001f80   0x08001f80   0x00000070   Code   RO         2408    i.HAL_RCC_GetSysClockFreq  stm32g4xx_hal_rcc.o
    0x08001ff0   0x08001ff0   0x0000040c   Code   RO         2411    i.HAL_RCC_OscConfig  stm32g4xx_hal_rcc.o
    0x080023fc   0x080023fc   0x00000028   Code   RO         3279    i.HAL_SYSTICK_Config  stm32g4xx_hal_cortex.o
    0x08002424   0x08002424   0x00000002   Code   RO         1494    i.HAL_TIMEx_Break2Callback  stm32g4xx_hal_tim_ex.o
    0x08002426   0x08002426   0x00000002   Code   RO         1495    i.HAL_TIMEx_BreakCallback  stm32g4xx_hal_tim_ex.o
    0x08002428   0x08002428   0x00000002   Code   RO         1496    i.HAL_TIMEx_CommutCallback  stm32g4xx_hal_tim_ex.o
    0x0800242a   0x0800242a   0x00000002   Code   RO         1507    i.HAL_TIMEx_DirectionChangeCallback  stm32g4xx_hal_tim_ex.o
    0x0800242c   0x0800242c   0x00000002   Code   RO         1521    i.HAL_TIMEx_EncoderIndexCallback  stm32g4xx_hal_tim_ex.o
    0x0800242e   0x0800242e   0x00000002   Code   RO         1535    i.HAL_TIMEx_IndexErrorCallback  stm32g4xx_hal_tim_ex.o
    0x08002430   0x08002430   0x0000009c   Code   RO         1536    i.HAL_TIMEx_MasterConfigSynchronization  stm32g4xx_hal_tim_ex.o
    0x080024cc   0x080024cc   0x00000002   Code   RO         1557    i.HAL_TIMEx_TransitionErrorCallback  stm32g4xx_hal_tim_ex.o
    0x080024ce   0x080024ce   0x00000062   Code   RO          780    i.HAL_TIM_Base_Init  stm32g4xx_hal_tim.o
    0x08002530   0x08002530   0x00000050   Code   RO          571    i.HAL_TIM_Base_MspInit  tim.o
    0x08002580   0x08002580   0x00000078   Code   RO          785    i.HAL_TIM_Base_Start_IT  stm32g4xx_hal_tim.o
    0x080025f8   0x080025f8   0x000000f8   Code   RO          789    i.HAL_TIM_ConfigClockSource  stm32g4xx_hal_tim.o
    0x080026f0   0x080026f0   0x00000002   Code   RO          814    i.HAL_TIM_IC_CaptureCallback  stm32g4xx_hal_tim.o
    0x080026f2   0x080026f2   0x000001fc   Code   RO          828    i.HAL_TIM_IRQHandler  stm32g4xx_hal_tim.o
    0x080028ee   0x080028ee   0x00000002   PAD
    0x080028f0   0x080028f0   0x0000004c   Code   RO          572    i.HAL_TIM_MspPostInit  tim.o
    0x0800293c   0x0800293c   0x00000002   Code   RO          831    i.HAL_TIM_OC_DelayElapsedCallback  stm32g4xx_hal_tim.o
    0x0800293e   0x0800293e   0x0000011e   Code   RO          852    i.HAL_TIM_PWM_ConfigChannel  stm32g4xx_hal_tim.o
    0x08002a5c   0x08002a5c   0x00000062   Code   RO          855    i.HAL_TIM_PWM_Init  stm32g4xx_hal_tim.o
    0x08002abe   0x08002abe   0x00000002   Code   RO          857    i.HAL_TIM_PWM_MspInit  stm32g4xx_hal_tim.o
    0x08002ac0   0x08002ac0   0x00000002   Code   RO          858    i.HAL_TIM_PWM_PulseFinishedCallback  stm32g4xx_hal_tim.o
    0x08002ac2   0x08002ac2   0x00000002   PAD
    0x08002ac4   0x08002ac4   0x00000124   Code   RO          862    i.HAL_TIM_PWM_Start_IT  stm32g4xx_hal_tim.o
    0x08002be8   0x08002be8   0x00000048   Code   RO          425    i.HAL_TIM_PeriodElapsedCallback  main.o
    0x08002c30   0x08002c30   0x00000002   Code   RO          871    i.HAL_TIM_TriggerCallback  stm32g4xx_hal_tim.o
    0x08002c32   0x08002c32   0x0000003e   Code   RO         3818    i.HAL_UARTEx_DisableFifoMode  stm32g4xx_hal_uart_ex.o
    0x08002c70   0x08002c70   0x00000002   Code   RO         3407    i.HAL_UARTEx_RxEventCallback  stm32g4xx_hal_uart.o
    0x08002c72   0x08002c72   0x00000002   Code   RO         3825    i.HAL_UARTEx_RxFifoFullCallback  stm32g4xx_hal_uart_ex.o
    0x08002c74   0x08002c74   0x0000004c   Code   RO         3826    i.HAL_UARTEx_SetRxFifoThreshold  stm32g4xx_hal_uart_ex.o
    0x08002cc0   0x08002cc0   0x0000004c   Code   RO         3827    i.HAL_UARTEx_SetTxFifoThreshold  stm32g4xx_hal_uart_ex.o
    0x08002d0c   0x08002d0c   0x00000002   Code   RO         3829    i.HAL_UARTEx_TxFifoEmptyCallback  stm32g4xx_hal_uart_ex.o
    0x08002d0e   0x08002d0e   0x00000002   Code   RO         3830    i.HAL_UARTEx_WakeupCallback  stm32g4xx_hal_uart_ex.o
    0x08002d10   0x08002d10   0x00000002   Code   RO         3423    i.HAL_UART_ErrorCallback  stm32g4xx_hal_uart.o
    0x08002d12   0x08002d12   0x00000002   PAD
    0x08002d14   0x08002d14   0x00000284   Code   RO         3426    i.HAL_UART_IRQHandler  stm32g4xx_hal_uart.o
    0x08002f98   0x08002f98   0x0000006a   Code   RO         3427    i.HAL_UART_Init     stm32g4xx_hal_uart.o
    0x08003002   0x08003002   0x00000002   PAD
    0x08003004   0x08003004   0x00000074   Code   RO          625    i.HAL_UART_MspInit  usart.o
    0x08003078   0x08003078   0x0000004c   Code   RO         3432    i.HAL_UART_Receive_IT  stm32g4xx_hal_uart.o
    0x080030c4   0x080030c4   0x000000c8   Code   RO          426    i.HAL_UART_RxCpltCallback  main.o
    0x0800318c   0x0800318c   0x000000bc   Code   RO         3436    i.HAL_UART_Transmit  stm32g4xx_hal_uart.o
    0x08003248   0x08003248   0x00000002   Code   RO         3439    i.HAL_UART_TxCpltCallback  stm32g4xx_hal_uart.o
    0x0800324a   0x0800324a   0x00000002   Code   RO          668    i.HardFault_Handler  stm32g4xx_it.o
    0x0800324c   0x0800324c   0x0000002c   Code   RO           13    i.I2CInit           i2c_hal.o
    0x08003278   0x08003278   0x0000004e   Code   RO           14    i.I2CReceiveByte    i2c_hal.o
    0x080032c6   0x080032c6   0x0000004e   Code   RO           16    i.I2CSendByte       i2c_hal.o
    0x08003314   0x08003314   0x00000036   Code   RO           18    i.I2CStart          i2c_hal.o
    0x0800334a   0x0800334a   0x00000036   Code   RO           19    i.I2CStop           i2c_hal.o
    0x08003380   0x08003380   0x00000050   Code   RO           20    i.I2CWaitAck        i2c_hal.o
    0x080033d0   0x080033d0   0x0000002c   Code   RO          213    i.LCD_BusIn         lcd.o
    0x080033fc   0x080033fc   0x00000030   Code   RO          214    i.LCD_BusOut        lcd.o
    0x0800342c   0x0800342c   0x00000024   Code   RO          215    i.LCD_Clear         lcd.o
    0x08003450   0x08003450   0x00000090   Code   RO          217    i.LCD_CtrlLinesConfig  lcd.o
    0x080034e0   0x080034e0   0x00000018   Code   RO          218    i.LCD_DisplayChar   lcd.o
    0x080034f8   0x080034f8   0x0000002a   Code   RO          221    i.LCD_DisplayStringLine  lcd.o
    0x08003522   0x08003522   0x00000002   PAD
    0x08003524   0x08003524   0x00000058   Code   RO          222    i.LCD_DrawChar      lcd.o
    0x0800357c   0x0800357c   0x00000034   Code   RO          228    i.LCD_Init          lcd.o
    0x080035b0   0x080035b0   0x00000080   Code   RO          231    i.LCD_ReadReg       lcd.o
    0x08003630   0x08003630   0x00000010   Code   RO          232    i.LCD_SetBackColor  lcd.o
    0x08003640   0x08003640   0x00000018   Code   RO          233    i.LCD_SetCursor     lcd.o
    0x08003658   0x08003658   0x00000010   Code   RO          235    i.LCD_SetTextColor  lcd.o
    0x08003668   0x08003668   0x00000058   Code   RO          238    i.LCD_WriteRAM      lcd.o
    0x080036c0   0x080036c0   0x0000005c   Code   RO          239    i.LCD_WriteRAM_Prepare  lcd.o
    0x0800371c   0x0800371c   0x0000006c   Code   RO          240    i.LCD_WriteReg      lcd.o
    0x08003788   0x08003788   0x000000d4   Code   RO          546    i.MX_GPIO_Init      gpio.o
    0x0800385c   0x0800385c   0x0000009c   Code   RO          573    i.MX_TIM2_Init      tim.o
    0x080038f8   0x080038f8   0x00000068   Code   RO          574    i.MX_TIM4_Init      tim.o
    0x08003960   0x08003960   0x00000068   Code   RO          626    i.MX_USART1_UART_Init  usart.o
    0x080039c8   0x080039c8   0x00000002   Code   RO          669    i.MemManage_Handler  stm32g4xx_it.o
    0x080039ca   0x080039ca   0x00000002   Code   RO          670    i.NMI_Handler       stm32g4xx_it.o
    0x080039cc   0x080039cc   0x00000002   Code   RO          671    i.PendSV_Handler    stm32g4xx_it.o
    0x080039ce   0x080039ce   0x00000112   Code   RO          241    i.REG_8230_Init     lcd.o
    0x08003ae0   0x08003ae0   0x00000202   Code   RO          242    i.REG_932X_Init     lcd.o
    0x08003ce2   0x08003ce2   0x00000002   PAD
    0x08003ce4   0x08003ce4   0x00000018   Code   RO           21    i.SCL_Output        i2c_hal.o
    0x08003cfc   0x08003cfc   0x00000018   Code   RO           22    i.SDA_Input         i2c_hal.o
    0x08003d14   0x08003d14   0x0000002c   Code   RO           23    i.SDA_Input_Mode    i2c_hal.o
    0x08003d40   0x08003d40   0x00000018   Code   RO           24    i.SDA_Output        i2c_hal.o
    0x08003d58   0x08003d58   0x0000002c   Code   RO           25    i.SDA_Output_Mode   i2c_hal.o
    0x08003d84   0x08003d84   0x00000002   Code   RO          672    i.SVC_Handler       stm32g4xx_it.o
    0x08003d86   0x08003d86   0x00000004   Code   RO          673    i.SysTick_Handler   stm32g4xx_it.o
    0x08003d8a   0x08003d8a   0x00000082   Code   RO          427    i.SystemClock_Config  main.o
    0x08003e0c   0x08003e0c   0x00000010   Code   RO         3931    i.SystemInit        system_stm32g4xx.o
    0x08003e1c   0x08003e1c   0x0000000c   Code   RO          674    i.TIM4_IRQHandler   stm32g4xx_it.o
    0x08003e28   0x08003e28   0x000000b0   Code   RO          873    i.TIM_Base_SetConfig  stm32g4xx_hal_tim.o
    0x08003ed8   0x08003ed8   0x0000001a   Code   RO          874    i.TIM_CCxChannelCmd  stm32g4xx_hal_tim.o
    0x08003ef2   0x08003ef2   0x00000014   Code   RO          884    i.TIM_ETR_SetConfig  stm32g4xx_hal_tim.o
    0x08003f06   0x08003f06   0x00000002   PAD
    0x08003f08   0x08003f08   0x00000014   Code   RO          885    i.TIM_ITRx_SetConfig  stm32g4xx_hal_tim.o
    0x08003f1c   0x08003f1c   0x0000009c   Code   RO          886    i.TIM_OC1_SetConfig  stm32g4xx_hal_tim.o
    0x08003fb8   0x08003fb8   0x00000090   Code   RO          887    i.TIM_OC2_SetConfig  stm32g4xx_hal_tim.o
    0x08004048   0x08004048   0x00000090   Code   RO          888    i.TIM_OC3_SetConfig  stm32g4xx_hal_tim.o
    0x080040d8   0x080040d8   0x00000090   Code   RO          889    i.TIM_OC4_SetConfig  stm32g4xx_hal_tim.o
    0x08004168   0x08004168   0x00000070   Code   RO          890    i.TIM_OC5_SetConfig  stm32g4xx_hal_tim.o
    0x080041d8   0x080041d8   0x00000070   Code   RO          891    i.TIM_OC6_SetConfig  stm32g4xx_hal_tim.o
    0x08004248   0x08004248   0x00000022   Code   RO          893    i.TIM_TI1_ConfigInputStage  stm32g4xx_hal_tim.o
    0x0800426a   0x0800426a   0x00000024   Code   RO          895    i.TIM_TI2_ConfigInputStage  stm32g4xx_hal_tim.o
    0x0800428e   0x0800428e   0x00000002   PAD
    0x08004290   0x08004290   0x00000044   Code   RO         3831    i.UARTEx_SetNbDataToProcess  stm32g4xx_hal_uart_ex.o
    0x080042d4   0x080042d4   0x000000c8   Code   RO         3441    i.UART_AdvFeatureConfig  stm32g4xx_hal_uart.o
    0x0800439c   0x0800439c   0x00000060   Code   RO         3442    i.UART_CheckIdleState  stm32g4xx_hal_uart.o
    0x080043fc   0x080043fc   0x00000014   Code   RO         3443    i.UART_DMAAbortOnError  stm32g4xx_hal_uart.o
    0x08004410   0x08004410   0x00000038   Code   RO         3453    i.UART_EndRxTransfer  stm32g4xx_hal_uart.o
    0x08004448   0x08004448   0x00000080   Code   RO         3455    i.UART_RxISR_16BIT  stm32g4xx_hal_uart.o
    0x080044c8   0x080044c8   0x0000013c   Code   RO         3456    i.UART_RxISR_16BIT_FIFOEN  stm32g4xx_hal_uart.o
    0x08004604   0x08004604   0x00000080   Code   RO         3457    i.UART_RxISR_8BIT   stm32g4xx_hal_uart.o
    0x08004684   0x08004684   0x0000013c   Code   RO         3458    i.UART_RxISR_8BIT_FIFOEN  stm32g4xx_hal_uart.o
    0x080047c0   0x080047c0   0x00000274   Code   RO         3459    i.UART_SetConfig    stm32g4xx_hal_uart.o
    0x08004a34   0x08004a34   0x000000d8   Code   RO         3461    i.UART_Start_Receive_IT  stm32g4xx_hal_uart.o
    0x08004b0c   0x08004b0c   0x000000a4   Code   RO         3466    i.UART_WaitOnFlagUntilTimeout  stm32g4xx_hal_uart.o
    0x08004bb0   0x08004bb0   0x0000000c   Code   RO          675    i.USART1_IRQHandler  stm32g4xx_it.o
    0x08004bbc   0x08004bbc   0x00000002   Code   RO          676    i.UsageFault_Handler  stm32g4xx_it.o
    0x08004bbe   0x08004bbe   0x00000030   Code   RO         4101    i.__ARM_fpclassify  m_wm.l(fpclassify.o)
    0x08004bee   0x08004bee   0x00000020   Code   RO         3281    i.__NVIC_SetPriority  stm32g4xx_hal_cortex.o
    0x08004c0e   0x08004c0e   0x0000000e   Code   RO         3989    i._is_digit         c_w.l(__printf_wp.o)
    0x08004c1c   0x08004c1c   0x0000000c   Code   RO           26    i.delay1            i2c_hal.o
    0x08004c28   0x08004c28   0x000001c4   Code   RO          428    i.key_Proc          main.o
    0x08004dec   0x08004dec   0x00000078   Code   RO          429    i.key_scan          main.o
    0x08004e64   0x08004e64   0x00000158   Code   RO          430    i.lcd_Proc          main.o
    0x08004fbc   0x08004fbc   0x00000064   Code   RO          431    i.led_Proc          main.o
    0x08005020   0x08005020   0x00000054   Code   RO          432    i.led_dis           main.o
    0x08005074   0x08005074   0x000000d4   Code   RO          433    i.main              main.o
    0x08005148   0x08005148   0x0000003c   Code   RO          434    i.x24c02_read       main.o
    0x08005184   0x08005184   0x00000036   Code   RO          435    i.x24c02_write      main.o
    0x080051ba   0x080051ba   0x00000002   PAD
    0x080051bc   0x080051bc   0x0000002c   Code   RO         4097    locale$$code        c_w.l(lc_numeric_c.o)
    0x080051e8   0x080051e8   0x00000150   Code   RO         4008    x$fpl$dadd          fz_wm.l(daddsub_clz.o)
    0x08005338   0x08005338   0x00000026   Code   RO         4014    x$fpl$dfltu         fz_wm.l(dflt_clz.o)
    0x0800535e   0x0800535e   0x00000002   PAD
    0x08005360   0x08005360   0x00000154   Code   RO         4020    x$fpl$dmul          fz_wm.l(dmul.o)
    0x080054b4   0x080054b4   0x0000009c   Code   RO         4038    x$fpl$dnaninf       fz_wm.l(dnaninf.o)
    0x08005550   0x08005550   0x0000000c   Code   RO         4040    x$fpl$dretinf       fz_wm.l(dretinf.o)
    0x0800555c   0x0800555c   0x000001d4   Code   RO         4010    x$fpl$dsub          fz_wm.l(daddsub_clz.o)
    0x08005730   0x08005730   0x0000000a   Code   RO         4177    x$fpl$fpinit        fz_wm.l(fpinit.o)
    0x0800573a   0x0800573a   0x00000004   Code   RO         4022    x$fpl$printf1       fz_wm.l(printf1.o)
    0x0800573e   0x0800573e   0x00000000   Code   RO         4042    x$fpl$usenofp       fz_wm.l(usenofp.o)
    0x0800573e   0x0800573e   0x000011d0   Data   RO          243    .constdata          lcd.o
    0x0800690e   0x0800690e   0x00000018   Data   RO         3467    .constdata          stm32g4xx_hal_uart.o
    0x08006926   0x08006926   0x00000010   Data   RO         3832    .constdata          stm32g4xx_hal_uart_ex.o
    0x08006936   0x08006936   0x00000010   Data   RO         3932    .constdata          system_stm32g4xx.o
    0x08006946   0x08006946   0x00000008   Data   RO         3933    .constdata          system_stm32g4xx.o
    0x0800694e   0x0800694e   0x00000011   Data   RO         3992    .constdata          c_w.l(__printf_flags_wp.o)
    0x0800695f   0x0800695f   0x00000001   PAD
    0x08006960   0x08006960   0x00000094   Data   RO         4072    .constdata          c_w.l(bigflt0.o)
    0x080069f4   0x080069f4   0x00000020   Data   RO         4248    Region$$Table       anon$$obj.o
    0x08006a14   0x08006a14   0x0000001c   Data   RO         4096    locale$$data        c_w.l(lc_numeric_c.o)


    Execution Region RW_IRAM1 (Exec base: 0x20000000, Load base: 0x08006a30, Size: 0x00000828, Max: 0x00008000, ABSOLUTE)

    Exec Addr    Load Addr    Size         Type   Attr      Idx    E Section Name        Object

    0x20000000   0x08006a30   0x00000006   Data   RW          244    .data               lcd.o
    0x20000006   0x08006a36   0x00000014   Data   RW          437    .data               main.o
    0x2000001a   0x08006a4a   0x00000002   PAD
    0x2000001c   0x08006a4c   0x0000000c   Data   RW         2198    .data               stm32g4xx_hal.o
    0x20000028   0x08006a58   0x00000004   Data   RW         3934    .data               system_stm32g4xx.o
    0x2000002c        -       0x00000071   Zero   RW          436    .bss                main.o
    0x2000009d   0x08006a5c   0x00000003   PAD
    0x200000a0        -       0x00000098   Zero   RW          575    .bss                tim.o
    0x20000138        -       0x00000090   Zero   RW          627    .bss                usart.o
    0x200001c8        -       0x00000060   Zero   RW         4104    .bss                c_w.l(libspace.o)
    0x20000228        -       0x00000200   Zero   RW            2    HEAP                startup_stm32g431xx.o
    0x20000428        -       0x00000400   Zero   RW            1    STACK               startup_stm32g431xx.o


==============================================================================

Image component sizes


      Code (inc. data)   RO Data    RW Data    ZI Data      Debug   Object Name

       212         16          0          0          0       1023   gpio.o
       560         28          0          0          0     645309   i2c_hal.o
      1766         76       4560          6          0      13490   lcd.o
      1832        278          0         20        113       9427   main.o
        64         26        472          0       1536        844   startup_stm32g431xx.o
       162         24          0         12          0       4333   stm32g4xx_hal.o
       198         14          0          0          0      33847   stm32g4xx_hal_cortex.o
       226          0          0          0          0       1943   stm32g4xx_hal_dma.o
       476         34          0          0          0       3111   stm32g4xx_hal_gpio.o
        56          6          0          0          0        874   stm32g4xx_hal_msp.o
       204         18          0          0          0       1409   stm32g4xx_hal_pwr_ex.o
      1696         92          0          0          0       5992   stm32g4xx_hal_rcc.o
       648         10          0          0          0       1880   stm32g4xx_hal_rcc_ex.o
      2784        258          0          0          0      18805   stm32g4xx_hal_tim.o
       170         24          0          0          0       5412   stm32g4xx_hal_tim_ex.o
      3288        128         24          0          0      35590   stm32g4xx_hal_uart.o
       288          6         16          0          0       5374   stm32g4xx_hal_uart_ex.o
        44         12          0          0          0       5124   stm32g4xx_it.o
        16          4         24          4          0       1135   system_stm32g4xx.o
       416         26          0          0        152       3137   tim.o
       220         20          0          0        144       1770   usart.o

    ----------------------------------------------------------------------
     15348       1100       5128         44       1948     799829   Object Totals
         0          0         32          0          0          0   (incl. Generated)
        22          0          0          2          3          0   (incl. Padding)

    ----------------------------------------------------------------------

      Code (inc. data)   RO Data    RW Data    ZI Data      Debug   Library Member Name

         8          0          0          0          0         68   __main.o
       312          4         17          0          0         92   __printf_flags_wp.o
        14          0          0          0          0         68   __printf_wp.o
         0          0          0          0          0          0   __rtentry.o
        12          0          0          0          0          0   __rtentry2.o
         6          0          0          0          0          0   __rtentry4.o
        52          8          0          0          0          0   __scatter.o
        26          0          0          0          0          0   __scatter_copy.o
        28          0          0          0          0          0   __scatter_zi.o
        48          6          0          0          0         96   _printf_char_common.o
         6          0          0          0          0          0   _printf_d.o
       120         16          0          0          0         92   _printf_dec.o
         6          0          0          0          0          0   _printf_f.o
      1054          0          0          0          0        216   _printf_fp_dec.o
       128         16          0          0          0         84   _printf_fp_infnan.o
       178          0          0          0          0         88   _printf_intcommon.o
        78          0          0          0          0        108   _printf_pad.o
         0          0          0          0          0          0   _printf_percent.o
         4          0          0          0          0          0   _printf_percent_end.o
        10          0          0          0          0         68   _sputc.o
       228          4        148          0          0         96   bigflt0.o
      1936        128          0          0          0        672   btod.o
        18          0          0          0          0         80   exit.o
         6          0          0          0          0        152   heapauxi.o
         0          0          0          0          0          0   indicate_semi.o
        44         10         28          0          0         76   lc_numeric_c.o
         2          0          0          0          0          0   libinit.o
        22          0          0          0          0          0   libinit2.o
         2          0          0          0          0          0   libshutdown.o
         2          0          0          0          0          0   libshutdown2.o
         8          4          0          0         96         68   libspace.o
       138          0          0          0          0         80   lludiv10.o
       238          0          0          0          0        100   lludivv7m.o
        40          6          0          0          0         84   noretval__2sprintf.o
         8          4          0          0          0         68   rt_locale_intlibspace.o
        78          0          0          0          0         80   rt_memclr_w.o
         2          0          0          0          0          0   rtexit.o
        10          0          0          0          0          0   rtexit2.o
       128          0          0          0          0         68   strcmpv7m.o
        12          4          0          0          0         68   sys_exit.o
        74          0          0          0          0         80   sys_stackheap_outer.o
         2          0          0          0          0         68   use_no_semi.o
       804         16          0          0          0        368   daddsub_clz.o
        38          0          0          0          0        116   dflt_clz.o
       340         12          0          0          0        152   dmul.o
       156          4          0          0          0        140   dnaninf.o
        12          0          0          0          0        116   dretinf.o
        10          0          0          0          0        116   fpinit.o
         4          0          0          0          0        116   printf1.o
         0          0          0          0          0          0   usenofp.o
        48          0          0          0          0        124   fpclassify.o

    ----------------------------------------------------------------------
      6514        242        194          0         96       4068   Library Totals
        14          0          1          0          0          0   (incl. Padding)

    ----------------------------------------------------------------------

      Code (inc. data)   RO Data    RW Data    ZI Data      Debug   Library Name

      5088        210        193          0         96       2820   c_w.l
      1364         32          0          0          0       1124   fz_wm.l
        48          0          0          0          0        124   m_wm.l

    ----------------------------------------------------------------------
      6514        242        194          0         96       4068   Library Totals

    ----------------------------------------------------------------------

==============================================================================


      Code (inc. data)   RO Data    RW Data    ZI Data      Debug   

     21862       1342       5322         44       2044     788089   Grand Totals
     21862       1342       5322         44       2044     788089   ELF Image Totals
     21862       1342       5322         44          0          0   ROM Totals

==============================================================================

    Total RO  Size (Code + RO Data)                27184 (  26.55kB)
    Total RW  Size (RW Data + ZI Data)              2088 (   2.04kB)
    Total ROM Size (Code + RO Data + RW Data)      27228 (  26.59kB)

==============================================================================

